Archive member included to satisfy reference by file (symbol)

/usr/lib/gcc/arm-none-eabi/10.3.1/thumb/v6-m/nofp/libgcc.a(_dvmd_tls.o)
                              CMakeFiles/gps-clock.dir/home/pedrohcs8/pico/pico-sdk/src/rp2_common/pico_divider/divider.S.obj (__aeabi_idiv0)
/usr/lib/gcc/arm-none-eabi/10.3.1/../../../arm-none-eabi/lib/thumb/v6-m/nofp/libc.a(lib_a-atexit.o)
                              /usr/lib/gcc/arm-none-eabi/10.3.1/../../../arm-none-eabi/lib/thumb/v6-m/nofp/crt0.o (atexit)
/usr/lib/gcc/arm-none-eabi/10.3.1/../../../arm-none-eabi/lib/thumb/v6-m/nofp/libc.a(lib_a-atoi.o)
                              CMakeFiles/gps-clock.dir/displays.c.obj (atoi)
/usr/lib/gcc/arm-none-eabi/10.3.1/../../../arm-none-eabi/lib/thumb/v6-m/nofp/libc.a(lib_a-calloc.o)
                              CMakeFiles/gps-clock.dir/home/pedrohcs8/pico/pico-sdk/src/rp2_common/pico_malloc/pico_malloc.c.obj (calloc)
/usr/lib/gcc/arm-none-eabi/10.3.1/../../../arm-none-eabi/lib/thumb/v6-m/nofp/libc.a(lib_a-callocr.o)
                              /usr/lib/gcc/arm-none-eabi/10.3.1/../../../arm-none-eabi/lib/thumb/v6-m/nofp/libc.a(lib_a-calloc.o) (_calloc_r)
/usr/lib/gcc/arm-none-eabi/10.3.1/../../../arm-none-eabi/lib/thumb/v6-m/nofp/libc.a(lib_a-fini.o)
                              /usr/lib/gcc/arm-none-eabi/10.3.1/../../../arm-none-eabi/lib/thumb/v6-m/nofp/crt0.o (__libc_fini_array)
/usr/lib/gcc/arm-none-eabi/10.3.1/../../../arm-none-eabi/lib/thumb/v6-m/nofp/libc.a(lib_a-impure.o)
                              /usr/lib/gcc/arm-none-eabi/10.3.1/../../../arm-none-eabi/lib/thumb/v6-m/nofp/libc.a(lib_a-calloc.o) (_impure_ptr)
/usr/lib/gcc/arm-none-eabi/10.3.1/../../../arm-none-eabi/lib/thumb/v6-m/nofp/libc.a(lib_a-init.o)
                              /usr/lib/gcc/arm-none-eabi/10.3.1/../../../arm-none-eabi/lib/thumb/v6-m/nofp/crt0.o (__libc_init_array)
/usr/lib/gcc/arm-none-eabi/10.3.1/../../../arm-none-eabi/lib/thumb/v6-m/nofp/libc.a(lib_a-lcltime.o)
                              CMakeFiles/gps-clock.dir/displays.c.obj (localtime)
/usr/lib/gcc/arm-none-eabi/10.3.1/../../../arm-none-eabi/lib/thumb/v6-m/nofp/libc.a(lib_a-lcltime_r.o)
                              /usr/lib/gcc/arm-none-eabi/10.3.1/../../../arm-none-eabi/lib/thumb/v6-m/nofp/libc.a(lib_a-lcltime.o) (localtime_r)
/usr/lib/gcc/arm-none-eabi/10.3.1/../../../arm-none-eabi/lib/thumb/v6-m/nofp/libc.a(lib_a-malloc.o)
                              CMakeFiles/gps-clock.dir/home/pedrohcs8/pico/pico-sdk/src/rp2_common/pico_malloc/pico_malloc.c.obj (malloc)
/usr/lib/gcc/arm-none-eabi/10.3.1/../../../arm-none-eabi/lib/thumb/v6-m/nofp/libc.a(lib_a-mallocr.o)
                              /usr/lib/gcc/arm-none-eabi/10.3.1/../../../arm-none-eabi/lib/thumb/v6-m/nofp/libc.a(lib_a-callocr.o) (_malloc_r)
/usr/lib/gcc/arm-none-eabi/10.3.1/../../../arm-none-eabi/lib/thumb/v6-m/nofp/libc.a(lib_a-mktime.o)
                              CMakeFiles/gps-clock.dir/displays.c.obj (mktime)
/usr/lib/gcc/arm-none-eabi/10.3.1/../../../arm-none-eabi/lib/thumb/v6-m/nofp/libc.a(lib_a-mlock.o)
                              /usr/lib/gcc/arm-none-eabi/10.3.1/../../../arm-none-eabi/lib/thumb/v6-m/nofp/libc.a(lib_a-mallocr.o) (__malloc_lock)
/usr/lib/gcc/arm-none-eabi/10.3.1/../../../arm-none-eabi/lib/thumb/v6-m/nofp/libc.a(lib_a-month_lengths.o)
                              /usr/lib/gcc/arm-none-eabi/10.3.1/../../../arm-none-eabi/lib/thumb/v6-m/nofp/libc.a(lib_a-lcltime_r.o) (__month_lengths)
/usr/lib/gcc/arm-none-eabi/10.3.1/../../../arm-none-eabi/lib/thumb/v6-m/nofp/libc.a(lib_a-realloc.o)
                              CMakeFiles/gps-clock.dir/home/pedrohcs8/pico/pico-sdk/src/rp2_common/pico_malloc/pico_malloc.c.obj (realloc)
/usr/lib/gcc/arm-none-eabi/10.3.1/../../../arm-none-eabi/lib/thumb/v6-m/nofp/libc.a(lib_a-reallocr.o)
                              /usr/lib/gcc/arm-none-eabi/10.3.1/../../../arm-none-eabi/lib/thumb/v6-m/nofp/libc.a(lib_a-realloc.o) (_realloc_r)
/usr/lib/gcc/arm-none-eabi/10.3.1/../../../arm-none-eabi/lib/thumb/v6-m/nofp/libc.a(lib_a-sbrkr.o)
                              /usr/lib/gcc/arm-none-eabi/10.3.1/../../../arm-none-eabi/lib/thumb/v6-m/nofp/libc.a(lib_a-mallocr.o) (_sbrk_r)
/usr/lib/gcc/arm-none-eabi/10.3.1/../../../arm-none-eabi/lib/thumb/v6-m/nofp/libc.a(lib_a-strcpy.o)
                              CMakeFiles/gps-clock.dir/main.c.obj (strcpy)
/usr/lib/gcc/arm-none-eabi/10.3.1/../../../arm-none-eabi/lib/thumb/v6-m/nofp/libc.a(lib_a-strftime.o)
                              CMakeFiles/gps-clock.dir/displays.c.obj (strftime)
/usr/lib/gcc/arm-none-eabi/10.3.1/../../../arm-none-eabi/lib/thumb/v6-m/nofp/libc.a(lib_a-strlen-stub.o)
                              CMakeFiles/gps-clock.dir/home/pedrohcs8/pico/pico-sdk/src/rp2_common/pico_stdio/stdio.c.obj (strlen)
/usr/lib/gcc/arm-none-eabi/10.3.1/../../../arm-none-eabi/lib/thumb/v6-m/nofp/libc.a(lib_a-strtok.o)
                              CMakeFiles/gps-clock.dir/main.c.obj (strtok)
[...]
Memory Configuration

Name             Origin             Length             Attributes
FLASH            0x0000000010000000 0x0000000000200000 xr
RAM              0x0000000020000000 0x0000000000040000 xrw
SCRATCH_X        0x0000000020040000 0x0000000000001000 xrw
SCRATCH_Y        0x0000000020041000 0x0000000000001000 xrw
*default*        0x0000000000000000 0xffffffffffffffff

Linker script and memory map

LOAD /usr/lib/gcc/arm-none-eabi/10.3.1/thumb/v6-m/nofp/crti.o
LOAD /usr/lib/gcc/arm-none-eabi/10.3.1/thumb/v6-m/nofp/crtbegin.o
LOAD /usr/lib/gcc/arm-none-eabi/10.3.1/../../../arm-none-eabi/lib/thumb/v6-m/nofp/crt0.o

.flash_begin    0x0000000010000000        0x0
                0x0000000010000000                __flash_binary_start = .

.boot2          0x0000000010000000      0x100
                0x0000000010000000                __boot2_start__ = .
 *(.boot2)
 .boot2         0x0000000010000000      0x100 /tmp/ccZEOyR0.o
                0x0000000010000100                __boot2_end__ = .
                0x0000000000000001                ASSERT (((__boot2_end__ - __boot2_start__) == 0x100), ERROR: Pico second stage bootloader must be 256 bytes in size)

.text           0x0000000010000100     0xacc0
                0x0000000010000100                __logical_binary_start = .
 *(.vectors)
 .vectors       0x0000000010000100       0xd4 CMakeFiles/gps-clock.dir/home/pedrohcs8/pico/pico-sdk/src/rp2_common/pico_standard_link/crt0.S.obj
                0x0000000010000100                __vectors
                0x0000000010000100                __VECTOR_TABLE
                0x00000000100001c0                isr_invalid
                0x00000000100001c0                __default_isrs_start
                0x00000000100001c2                isr_nmi
                0x00000000100001c4                isr_hardfault
                0x00000000100001c6                isr_svcall
                0x00000000100001c8                isr_pendsv
                0x00000000100001ca                isr_systick
                0x00000000100001cc                isr_irq30
                0x00000000100001cc                __unhandled_user_irq
                0x00000000100001cc                isr_irq13
                0x00000000100001cc                isr_irq27
                0x00000000100001cc                isr_irq31
                0x00000000100001cc                isr_irq5
                0x00000000100001cc                isr_irq11
                0x00000000100001cc                isr_irq23
                0x00000000100001cc                isr_irq18
                0x00000000100001cc                isr_irq28
                0x00000000100001cc                isr_irq19
                0x00000000100001cc                isr_irq0
                0x00000000100001cc                isr_irq6
                0x00000000100001cc                isr_irq22
                0x00000000100001cc                isr_irq17
                0x00000000100001cc                isr_irq14
                0x00000000100001cc                isr_irq2
                0x00000000100001cc                isr_irq10
                0x00000000100001cc                isr_irq8
                0x00000000100001cc                isr_irq24
                0x00000000100001cc                isr_irq1
                0x00000000100001cc                isr_irq7
                0x00000000100001cc                isr_irq21
                0x00000000100001cc                isr_irq20
                0x00000000100001cc                isr_irq15
                0x00000000100001cc                isr_irq25
                0x00000000100001cc                isr_irq4
                0x00000000100001cc                isr_irq16
                0x00000000100001cc                isr_irq29
                0x00000000100001cc                isr_irq26
                0x00000000100001cc                __default_isrs_end
                0x00000000100001cc                isr_irq3
                0x00000000100001cc                isr_irq12
                0x00000000100001cc                isr_irq9
                0x00000000100001d2                unhandled_user_irq_num_in_r0
 *(.binary_info_header)
 .binary_info_header
                0x00000000100001d4       0x14 CMakeFiles/gps-clock.dir/home/pedrohcs8/pico/pico-sdk/src/rp2_common/pico_standard_link/crt0.S.obj
                0x00000000100001e8                __binary_info_header_end = .
 *(.reset)
 .reset         0x00000000100001e8       0xa0 CMakeFiles/gps-clock.dir/home/pedrohcs8/pico/pico-sdk/src/rp2_common/pico_standard_link/crt0.S.obj
                0x00000000100001e8                _entry_point
 .reset         0x0000000010000288       0x30 CMakeFiles/gps-clock.dir/home/pedrohcs8/pico/pico-sdk/src/rp2_common/pico_standard_link/binary_info.c.obj
 *(.init)
 .init          0x00000000100002b8        0x4 /usr/lib/gcc/arm-none-eabi/10.3.1/thumb/v6-m/nofp/crti.o
                0x00000000100002b8                _init
 *(EXCLUDE_FILE(*libm.a: *libc.a:*lib_a-mem*.o *libgcc.a:) .text*)
 .text          0x00000000100002bc       0x98 /usr/lib/gcc/arm-none-eabi/10.3.1/thumb/v6-m/nofp/crtbegin.o
 .text.main1    0x0000000010000354       0x20 CMakeFiles/gps-clock.dir/main.c.obj
                0x0000000010000354                main1
 .text.processTime
                0x0000000010000374       0x70 CMakeFiles/gps-clock.dir/main.c.obj
                0x0000000010000374                processTime
 .text.startup.main
                0x00000000100003e4      0x100 CMakeFiles/gps-clock.dir/main.c.obj
                0x00000000100003e4                main
 .text.displayNumber.constprop.0
                0x00000000100004e4       0x98 CMakeFiles/gps-clock.dir/displays.c.obj
 .text.topNumbersLoop
                0x000000001000057c      0x130 CMakeFiles/gps-clock.dir/displays.c.obj
                0x000000001000057c                topNumbersLoop
 .text.bottomNumbersLoop
                0x00000000100006ac      0x14c CMakeFiles/gps-clock.dir/displays.c.obj
                0x00000000100006ac                bottomNumbersLoop
 .text.setTime  0x00000000100007f8       0xe8 CMakeFiles/gps-clock.dir/displays.c.obj
                0x00000000100007f8                setTime
 .text.gpio_set_function
                0x00000000100008e0       0x30 CMakeFiles/gps-clock.dir/home/pedrohcs8/pico/pico-sdk/src/rp2_common/hardware_gpio/gpio.c.obj
                0x00000000100008e0                gpio_set_function
 .text.gpio_init
                0x0000000010000910       0x3c CMakeFiles/gps-clock.dir/home/pedrohcs8/pico/pico-sdk/src/rp2_common/hardware_gpio/gpio.c.obj
                0x0000000010000910                gpio_init
 .text.running_on_fpga
                0x000000001000094c       0x10 CMakeFiles/gps-clock.dir/home/pedrohcs8/pico/pico-sdk/src/rp2_common/pico_platform/platform.c.obj
                0x000000001000094c                running_on_fpga
 .text.hw_claim_or_assert
                0x000000001000095c       0x44 CMakeFiles/gps-clock.dir/home/pedrohcs8/pico/pico-sdk/src/rp2_common/hardware_claim/claim.c.obj
                0x000000001000095c                hw_claim_or_assert
 .text.hw_claim_unused_from_range
                0x00000000100009a0       0x9c CMakeFiles/gps-clock.dir/home/pedrohcs8/pico/pico-sdk/src/rp2_common/hardware_claim/claim.c.obj
                0x00000000100009a0                hw_claim_unused_from_range
 .text.spin_locks_reset
                0x0000000010000a3c       0x1c CMakeFiles/gps-clock.dir/home/pedrohcs8/pico/pico-sdk/src/rp2_common/hardware_sync/sync.c.obj
                0x0000000010000a3c                spin_locks_reset
 .text.next_striped_spin_lock_num
                0x0000000010000a58       0x18 CMakeFiles/gps-clock.dir/home/pedrohcs8/pico/pico-sdk/src/rp2_common/hardware_sync/sync.c.obj
                0x0000000010000a58                next_striped_spin_lock_num
 .text.spin_lock_claim_unused
                0x0000000010000a70       0x20 CMakeFiles/gps-clock.dir/home/pedrohcs8/pico/pico-sdk/src/rp2_common/hardware_sync/sync.c.obj
                0x0000000010000a70                spin_lock_claim_unused
 .text.irq_set_enabled
                0x0000000010000a90       0x24 CMakeFiles/gps-clock.dir/home/pedrohcs8/pico/pico-sdk/src/rp2_common/hardware_irq/irq.c.obj
                0x0000000010000a90                irq_set_enabled
 .text.irq_is_enabled
                0x0000000010000ab4       0x18 CMakeFiles/gps-clock.dir/home/pedrohcs8/pico/pico-sdk/src/rp2_common/hardware_irq/irq.c.obj
                0x0000000010000ab4                irq_is_enabled
 .text.irq_set_pending
                0x0000000010000acc       0x10 CMakeFiles/gps-clock.dir/home/pedrohcs8/pico/pico-sdk/src/rp2_common/hardware_irq/irq.c.obj
                0x0000000010000acc                irq_set_pending
 .text.irq_has_shared_handler
                0x0000000010000adc       0x2c CMakeFiles/gps-clock.dir/home/pedrohcs8/pico/pico-sdk/src/rp2_common/hardware_irq/irq.c.obj
                0x0000000010000adc                irq_has_shared_handler
 .text.irq_get_vtable_handler
                0x0000000010000b08       0x10 CMakeFiles/gps-clock.dir/home/pedrohcs8/pico/pico-sdk/src/rp2_common/hardware_irq/irq.c.obj
                0x0000000010000b08                irq_get_vtable_handler
 .text.irq_set_exclusive_handler
                0x0000000010000b18       0x54 CMakeFiles/gps-clock.dir/home/pedrohcs8/pico/pico-sdk/src/rp2_common/hardware_irq/irq.c.obj
                0x0000000010000b18                irq_set_exclusive_handler
 .text.irq_add_shared_handler
                0x0000000010000b6c      0x1e8 CMakeFiles/gps-clock.dir/home/pedrohcs8/pico/pico-sdk/src/rp2_common/hardware_irq/irq.c.obj
                0x0000000010000b6c                irq_add_shared_handler
 .text.irq_remove_handler
                0x0000000010000d54      0x1b0 CMakeFiles/gps-clock.dir/home/pedrohcs8/pico/pico-sdk/src/rp2_common/hardware_irq/irq.c.obj
                0x0000000010000d54                irq_remove_handler
 .text.irq_add_tail_to_free_list
                0x0000000010000f04       0xb4 CMakeFiles/gps-clock.dir/home/pedrohcs8/pico/pico-sdk/src/rp2_common/hardware_irq/irq.c.obj
                0x0000000010000f04                irq_add_tail_to_free_list
 .text.irq_init_priorities
                0x0000000010000fb8       0x24 CMakeFiles/gps-clock.dir/home/pedrohcs8/pico/pico-sdk/src/rp2_common/hardware_irq/irq.c.obj
                0x0000000010000fb8                irq_init_priorities
 .text.user_irq_claim_unused
                0x0000000010000fdc       0x28 CMakeFiles/gps-clock.dir/home/pedrohcs8/pico/pico-sdk/src/rp2_common/hardware_irq/irq.c.obj
                0x0000000010000fdc                user_irq_claim_unused
 .text.lock_init
                0x0000000010001004       0x10 CMakeFiles/gps-clock.dir/home/pedrohcs8/pico/pico-sdk/src/common/pico_sync/lock_core.c.obj
                0x0000000010001004                lock_init
 .text.mutex_init
                0x0000000010001014       0x1c CMakeFiles/gps-clock.dir/home/pedrohcs8/pico/pico-sdk/src/common/pico_sync/mutex.c.obj
                0x0000000010001014                mutex_init
 .text.recursive_mutex_init
                0x0000000010001030       0x1c CMakeFiles/gps-clock.dir/home/pedrohcs8/pico/pico-sdk/src/common/pico_sync/mutex.c.obj
                0x0000000010001030                recursive_mutex_init
 .text.critical_section_init
                0x000000001000104c       0x20 CMakeFiles/gps-clock.dir/home/pedrohcs8/pico/pico-sdk/src/common/pico_sync/critical_section.c.obj
                0x000000001000104c                critical_section_init
 .text.critical_section_init_with_lock_num
                0x000000001000106c       0x14 CMakeFiles/gps-clock.dir/home/pedrohcs8/pico/pico-sdk/src/common/pico_sync/critical_section.c.obj
                0x000000001000106c                critical_section_init_with_lock_num
 .text.timer_pool_entry_comparator
                0x0000000010001080       0x34 CMakeFiles/gps-clock.dir/home/pedrohcs8/pico/pico-sdk/src/common/pico_time/time.c.obj
                0x0000000010001080                timer_pool_entry_comparator
 .text.sleep_until_callback
                0x00000000100010b4       0x30 CMakeFiles/gps-clock.dir/home/pedrohcs8/pico/pico-sdk/src/common/pico_time/time.c.obj
 .text.add_alarm_under_lock.isra.0
                0x00000000100010e4      0x100 CMakeFiles/gps-clock.dir/home/pedrohcs8/pico/pico-sdk/src/common/pico_time/time.c.obj
 .text.alarm_pool_alarm_callback
                0x00000000100011e4      0x1bc CMakeFiles/gps-clock.dir/home/pedrohcs8/pico/pico-sdk/src/common/pico_time/time.c.obj
 .text.alarm_pool_init_default
                0x00000000100013a0       0x6c CMakeFiles/gps-clock.dir/home/pedrohcs8/pico/pico-sdk/src/common/pico_time/time.c.obj
                0x00000000100013a0                alarm_pool_init_default
 .text.alarm_pool_get_default
                0x000000001000140c        0x8 CMakeFiles/gps-clock.dir/home/pedrohcs8/pico/pico-sdk/src/common/pico_time/time.c.obj
                0x000000001000140c                alarm_pool_get_default
 .text.alarm_pool_add_alarm_at
                0x0000000010001414      0x178 CMakeFiles/gps-clock.dir/home/pedrohcs8/pico/pico-sdk/src/common/pico_time/time.c.obj
                0x0000000010001414                alarm_pool_add_alarm_at
 .text.alarm_pool_core_num
                0x000000001000158c        0x4 CMakeFiles/gps-clock.dir/home/pedrohcs8/pico/pico-sdk/src/common/pico_time/time.c.obj
                0x000000001000158c                alarm_pool_core_num
 .text.sleep_until
                0x0000000010001590       0xc4 CMakeFiles/gps-clock.dir/home/pedrohcs8/pico/pico-sdk/src/common/pico_time/time.c.obj
                0x0000000010001590                sleep_until
 .text.sleep_us
                0x0000000010001654       0x24 CMakeFiles/gps-clock.dir/home/pedrohcs8/pico/pico-sdk/src/common/pico_time/time.c.obj
                0x0000000010001654                sleep_us
 .text.sleep_ms
                0x0000000010001678       0x34 CMakeFiles/gps-clock.dir/home/pedrohcs8/pico/pico-sdk/src/common/pico_time/time.c.obj
                0x0000000010001678                sleep_ms
 .text.best_effort_wfe_or_timeout
                0x00000000100016ac       0xd4 CMakeFiles/gps-clock.dir/home/pedrohcs8/pico/pico-sdk/src/common/pico_time/time.c.obj
                0x00000000100016ac                best_effort_wfe_or_timeout
 .text.hardware_alarm_irq_handler
                0x0000000010001780       0xbc CMakeFiles/gps-clock.dir/home/pedrohcs8/pico/pico-sdk/src/rp2_common/hardware_timer/timer.c.obj
 .text.hardware_alarm_claim
                0x000000001000183c       0x18 CMakeFiles/gps-clock.dir/home/pedrohcs8/pico/pico-sdk/src/rp2_common/hardware_timer/timer.c.obj
                0x000000001000183c                hardware_alarm_claim
 .text.time_us_64
                0x0000000010001854       0x14 CMakeFiles/gps-clock.dir/home/pedrohcs8/pico/pico-sdk/src/rp2_common/hardware_timer/timer.c.obj
                0x0000000010001854                time_us_64
 .text.busy_wait_us
                0x0000000010001868       0x54 CMakeFiles/gps-clock.dir/home/pedrohcs8/pico/pico-sdk/src/rp2_common/hardware_timer/timer.c.obj
                0x0000000010001868                busy_wait_us
 .text.busy_wait_until
                0x00000000100018bc       0x20 CMakeFiles/gps-clock.dir/home/pedrohcs8/pico/pico-sdk/src/rp2_common/hardware_timer/timer.c.obj
                0x00000000100018bc                busy_wait_until
 .text.hardware_alarm_set_callback
                0x00000000100018dc       0x8c CMakeFiles/gps-clock.dir/home/pedrohcs8/pico/pico-sdk/src/rp2_common/hardware_timer/timer.c.obj
                0x00000000100018dc                hardware_alarm_set_callback
 .text.hardware_alarm_set_target
                0x0000000010001968       0xd4 CMakeFiles/gps-clock.dir/home/pedrohcs8/pico/pico-sdk/src/rp2_common/hardware_timer/timer.c.obj
                0x0000000010001968                hardware_alarm_set_target
 .text.hardware_alarm_cancel
                0x0000000010001a3c       0x3c CMakeFiles/gps-clock.dir/home/pedrohcs8/pico/pico-sdk/src/rp2_common/hardware_timer/timer.c.obj
                0x0000000010001a3c                hardware_alarm_cancel
 .text.ph_merge_nodes
                0x0000000010001a78       0x68 CMakeFiles/gps-clock.dir/home/pedrohcs8/pico/pico-sdk/src/common/pico_util/pheap.c.obj
 .text.ph_post_alloc_init
                0x0000000010001ae0       0x3c CMakeFiles/gps-clock.dir/home/pedrohcs8/pico/pico-sdk/src/common/pico_util/pheap.c.obj
                0x0000000010001ae0                ph_post_alloc_init
 .text.ph_merge_two_pass
                0x0000000010001b1c       0x90 CMakeFiles/gps-clock.dir/home/pedrohcs8/pico/pico-sdk/src/common/pico_util/pheap.c.obj
                0x0000000010001b1c                ph_merge_two_pass
 .text.ph_remove_any_head
                0x0000000010001bac      0x100 CMakeFiles/gps-clock.dir/home/pedrohcs8/pico/pico-sdk/src/common/pico_util/pheap.c.obj
 .text.ph_remove_head
                0x0000000010001cac      0x104 CMakeFiles/gps-clock.dir/home/pedrohcs8/pico/pico-sdk/src/common/pico_util/pheap.c.obj
                0x0000000010001cac                ph_remove_head
 .text.ph_remove_and_free_node
                0x0000000010001db0       0x7c CMakeFiles/gps-clock.dir/home/pedrohcs8/pico/pico-sdk/src/common/pico_util/pheap.c.obj
                0x0000000010001db0                ph_remove_and_free_node
 .text.uart_init
                0x0000000010001e2c      0x188 CMakeFiles/gps-clock.dir/home/pedrohcs8/pico/pico-sdk/src/rp2_common/hardware_uart/uart.c.obj
                0x0000000010001e2c                uart_init
 .text.clocks_init
                0x0000000010001fb4      0x2d0 CMakeFiles/gps-clock.dir/home/pedrohcs8/pico/pico-sdk/src/rp2_common/hardware_clocks/clocks.c.obj
                0x0000000010001fb4                clocks_init
 .text.clock_get_hz
                0x0000000010002284        0xc CMakeFiles/gps-clock.dir/home/pedrohcs8/pico/pico-sdk/src/rp2_common/hardware_clocks/clocks.c.obj
                0x0000000010002284                clock_get_hz
 .text.pll_init
                0x0000000010002290       0xa0 CMakeFiles/gps-clock.dir/home/pedrohcs8/pico/pico-sdk/src/rp2_common/hardware_pll/pll.c.obj
                0x0000000010002290                pll_init
 .text.watchdog_start_tick
                0x0000000010002330       0x10 CMakeFiles/gps-clock.dir/home/pedrohcs8/pico/pico-sdk/src/rp2_common/hardware_watchdog/watchdog.c.obj
                0x0000000010002330                watchdog_start_tick
 .text.watchdog_reboot
                0x0000000010002340       0x98 CMakeFiles/gps-clock.dir/home/pedrohcs8/pico/pico-sdk/src/rp2_common/hardware_watchdog/watchdog.c.obj
                0x0000000010002340                watchdog_reboot
 .text.xosc_init
                0x00000000100023d8       0x28 CMakeFiles/gps-clock.dir/home/pedrohcs8/pico/pico-sdk/src/rp2_common/hardware_xosc/xosc.c.obj
                0x00000000100023d8                xosc_init
 .text.runtime_init
                0x0000000010002400       0xf0 CMakeFiles/gps-clock.dir/home/pedrohcs8/pico/pico-sdk/src/rp2_common/pico_runtime/runtime.c.obj
                0x0000000010002400                runtime_init
 .text._exit    0x00000000100024f0        0x4 CMakeFiles/gps-clock.dir/home/pedrohcs8/pico/pico-sdk/src/rp2_common/pico_runtime/runtime.c.obj
                0x00000000100024f0                _exit
 .text._sbrk    0x00000000100024f4       0x34 CMakeFiles/gps-clock.dir/home/pedrohcs8/pico/pico-sdk/src/rp2_common/pico_runtime/runtime.c.obj
                0x00000000100024f4                _sbrk
 .text.exit     0x0000000010002528        0x8 CMakeFiles/gps-clock.dir/home/pedrohcs8/pico/pico-sdk/src/rp2_common/pico_runtime/runtime.c.obj
                0x0000000010002528                exit
 .text.panic    0x0000000010002530       0x30 CMakeFiles/gps-clock.dir/home/pedrohcs8/pico/pico-sdk/src/rp2_common/pico_runtime/runtime.c.obj
                0x0000000010002530                panic
 .text.hard_assertion_failure
                0x0000000010002560        0xc CMakeFiles/gps-clock.dir/home/pedrohcs8/pico/pico-sdk/src/rp2_common/pico_runtime/runtime.c.obj
                0x0000000010002560                hard_assertion_failure
 .text._out_char
                0x000000001000256c       0x10 CMakeFiles/gps-clock.dir/home/pedrohcs8/pico/pico-sdk/src/rp2_common/pico_printf/printf.c.obj
 .text.weak_raw_vprintf
                0x000000001000257c       0x30 CMakeFiles/gps-clock.dir/home/pedrohcs8/pico/pico-sdk/src/rp2_common/pico_printf/printf.c.obj
                0x000000001000257c                weak_raw_vprintf
 .text          0x00000000100025ac       0x10 CMakeFiles/gps-clock.dir/home/pedrohcs8/pico/pico-sdk/src/rp2_common/pico_bit_ops/bit_ops_aeabi.S.obj
 .text.rom_func_lookup
                0x00000000100025bc       0x10 CMakeFiles/gps-clock.dir/home/pedrohcs8/pico/pico-sdk/src/rp2_common/pico_bootrom/bootrom.c.obj
                0x00000000100025bc                rom_func_lookup
 .text.rom_data_lookup
                0x00000000100025cc       0x10 CMakeFiles/gps-clock.dir/home/pedrohcs8/pico/pico-sdk/src/rp2_common/pico_bootrom/bootrom.c.obj
                0x00000000100025cc                rom_data_lookup
 .text.rom_funcs_lookup
                0x00000000100025dc       0x44 CMakeFiles/gps-clock.dir/home/pedrohcs8/pico/pico-sdk/src/rp2_common/pico_bootrom/bootrom.c.obj
                0x00000000100025dc                rom_funcs_lookup
 .text.__wrap___aeabi_idiv
                0x0000000010002620       0x50 CMakeFiles/gps-clock.dir/home/pedrohcs8/pico/pico-sdk/src/rp2_common/pico_divider/divider.S.obj
                0x0000000010002620                __wrap___aeabi_idivmod
                0x0000000010002620                divmod_s32s32
                0x0000000010002620                div_s32s32
                0x0000000010002620                __wrap___aeabi_idiv
                0x0000000010002628                divmod_s32s32_unsafe
                0x0000000010002654                divmod_s32s32_savestate
 .text.__wrap___aeabi_uidiv
                0x0000000010002670       0x4c CMakeFiles/gps-clock.dir/home/pedrohcs8/pico/pico-sdk/src/rp2_common/pico_divider/divider.S.obj
                0x0000000010002670                __wrap___aeabi_uidiv
                0x0000000010002670                __wrap___aeabi_uidivmod
                0x0000000010002670                div_u32u32
                0x0000000010002670                divmod_u32u32
                0x0000000010002678                divmod_u32u32_unsafe
                0x00000000100026a0                divmod_u32u32_savestate
 .text.__wrap___aeabi_ldiv
                0x00000000100026bc      0x424 CMakeFiles/gps-clock.dir/home/pedrohcs8/pico/pico-sdk/src/rp2_common/pico_divider/divider.S.obj
                0x00000000100026bc                div_s64s64
                0x00000000100026bc                divmod_s64s64
                0x00000000100026bc                __wrap___aeabi_ldivmod
                0x00000000100026ec                div_u64u64
                0x00000000100026ec                divmod_u64u64
                0x00000000100026ec                __wrap___aeabi_uldivmod
                0x00000000100026fc                divmod_u64u64_savestate
                0x000000001000271c                divmod_s64s64_unsafe
                0x00000000100027a4                divmod_u64u64_unsafe
 .text.__aeabi_double_init
                0x0000000010002ae0       0x94 CMakeFiles/gps-clock.dir/home/pedrohcs8/pico/pico-sdk/src/rp2_common/pico_double/double_init_rom.c.obj
                0x0000000010002ae0                __aeabi_double_init
 .text.double_table_shim_on_use_helper
                0x0000000010002b74       0x2c CMakeFiles/gps-clock.dir/home/pedrohcs8/pico/pico-sdk/src/rp2_common/pico_double/double_v1_rom_shim.S.obj
                0x0000000010002b74                double_table_shim_on_use_helper
 .text.__aeabi_lmul
                0x0000000010002ba0       0x32 CMakeFiles/gps-clock.dir/home/pedrohcs8/pico/pico-sdk/src/rp2_common/pico_int64_ops/pico_int64_ops_aeabi.S.obj
                0x0000000010002ba0                __wrap___aeabi_lmul
 *fill*         0x0000000010002bd2        0x2 
 .text.__aeabi_float_init
                0x0000000010002bd4       0x64 CMakeFiles/gps-clock.dir/home/pedrohcs8/pico/pico-sdk/src/rp2_common/pico_float/float_init_rom.c.obj
                0x0000000010002bd4                __aeabi_float_init
 .text.float_table_shim_on_use_helper
                0x0000000010002c38       0x2c CMakeFiles/gps-clock.dir/home/pedrohcs8/pico/pico-sdk/src/rp2_common/pico_float/float_v1_rom_shim.S.obj
                0x0000000010002c38                float_table_shim_on_use_helper
 .text.__wrap_free
                0x0000000010002c64       0x20 CMakeFiles/gps-clock.dir/home/pedrohcs8/pico/pico-sdk/src/rp2_common/pico_malloc/pico_malloc.c.obj
                0x0000000010002c64                __wrap_free
 .text          0x0000000010002c84       0x10 CMakeFiles/gps-clock.dir/home/pedrohcs8/pico/pico-sdk/src/rp2_common/pico_mem_ops/mem_ops_aeabi.S.obj
                0x0000000010002c84                __aeabi_mem_init
 .text.memset   0x0000000010002c94        0xc CMakeFiles/gps-clock.dir/home/pedrohcs8/pico/pico-sdk/src/rp2_common/pico_mem_ops/mem_ops_aeabi.S.obj
                0x0000000010002c94                __wrap_memset
 .text.memcpy   0x0000000010002ca0        0xc CMakeFiles/gps-clock.dir/home/pedrohcs8/pico/pico-sdk/src/rp2_common/pico_mem_ops/mem_ops_aeabi.S.obj
                0x0000000010002ca0                __wrap___aeabi_memcpy
                0x0000000010002ca0                __wrap_memcpy
 .text.stdio_out_chars_no_crlf
                0x0000000010002cac       0x10 CMakeFiles/gps-clock.dir/home/pedrohcs8/pico/pico-sdk/src/rp2_common/pico_stdio/stdio.c.obj
 .text.stdio_out_chars_crlf
                0x0000000010002cbc       0xb4 CMakeFiles/gps-clock.dir/home/pedrohcs8/pico/pico-sdk/src/rp2_common/pico_stdio/stdio.c.obj
 .text.stdio_put_string.isra.0
                0x0000000010002d70       0xfc CMakeFiles/gps-clock.dir/home/pedrohcs8/pico/pico-sdk/src/rp2_common/pico_stdio/stdio.c.obj
 .text.__wrap_putchar
                0x0000000010002e6c       0x98 CMakeFiles/gps-clock.dir/home/pedrohcs8/pico/pico-sdk/src/rp2_common/pico_stdio/stdio.c.obj
                0x0000000010002e6c                __wrap_putchar
 .text.__wrap_puts
                0x0000000010002f04       0x3c CMakeFiles/gps-clock.dir/home/pedrohcs8/pico/pico-sdk/src/rp2_common/pico_stdio/stdio.c.obj
                0x0000000010002f04                __wrap_puts
 .text._read    0x0000000010002f40       0x94 CMakeFiles/gps-clock.dir/home/pedrohcs8/pico/pico-sdk/src/rp2_common/pico_stdio/stdio.c.obj
                0x0000000010002f40                _read
 .text._write   0x0000000010002fd4       0xac CMakeFiles/gps-clock.dir/home/pedrohcs8/pico/pico-sdk/src/rp2_common/pico_stdio/stdio.c.obj
                0x0000000010002fd4                _write
 .text._close   0x0000000010003080        0x8 CMakeFiles/gps-clock.dir/home/pedrohcs8/pico/pico-sdk/src/rp2_common/pico_stdio/stdio.c.obj
                0x0000000010003080                _close
 .text._lseek   0x0000000010003088        0x8 CMakeFiles/gps-clock.dir/home/pedrohcs8/pico/pico-sdk/src/rp2_common/pico_stdio/stdio.c.obj
                0x0000000010003088                _lseek
 .text.stdio_set_driver_enabled
                0x0000000010003090       0x30 CMakeFiles/gps-clock.dir/home/pedrohcs8/pico/pico-sdk/src/rp2_common/pico_stdio/stdio.c.obj
                0x0000000010003090                stdio_set_driver_enabled
 .text.stdio_init_all
                0x00000000100030c0        0x8 CMakeFiles/gps-clock.dir/home/pedrohcs8/pico/pico-sdk/src/rp2_common/pico_stdio/stdio.c.obj
                0x00000000100030c0                stdio_init_all
 .text.resetd_init
                0x00000000100030c8        0x4 CMakeFiles/gps-clock.dir/home/pedrohcs8/pico/pico-sdk/src/rp2_common/pico_stdio_usb/reset_interface.c.obj
 .text.resetd_reset
                0x00000000100030cc        0xc CMakeFiles/gps-clock.dir/home/pedrohcs8/pico/pico-sdk/src/rp2_common/pico_stdio_usb/reset_interface.c.obj
 .text.resetd_open
                0x00000000100030d8       0x28 CMakeFiles/gps-clock.dir/home/pedrohcs8/pico/pico-sdk/src/rp2_common/pico_stdio_usb/reset_interface.c.obj
 .text.resetd_xfer_cb
                0x0000000010003100        0x4 CMakeFiles/gps-clock.dir/home/pedrohcs8/pico/pico-sdk/src/rp2_common/pico_stdio_usb/reset_interface.c.obj
 .text.resetd_control_xfer_cb
                0x0000000010003104       0x64 CMakeFiles/gps-clock.dir/home/pedrohcs8/pico/pico-sdk/src/rp2_common/pico_stdio_usb/reset_interface.c.obj
 .text.usbd_app_driver_get_cb
                0x0000000010003168        0xc CMakeFiles/gps-clock.dir/home/pedrohcs8/pico/pico-sdk/src/rp2_common/pico_stdio_usb/reset_interface.c.obj
                0x0000000010003168                usbd_app_driver_get_cb
 .text.tud_cdc_line_coding_cb
                0x0000000010003174       0x34 CMakeFiles/gps-clock.dir/home/pedrohcs8/pico/pico-sdk/src/rp2_common/pico_stdio_usb/reset_interface.c.obj
                0x0000000010003174                tud_cdc_line_coding_cb
 .text.stdio_usb_set_chars_available_callback
                0x00000000100031a8       0x14 CMakeFiles/gps-clock.dir/home/pedrohcs8/pico/pico-sdk/src/rp2_common/pico_stdio_usb/stdio_usb.c.obj
                0x00000000100031a8                stdio_usb_set_chars_available_callback
 .text.usb_irq  0x00000000100031bc       0x10 CMakeFiles/gps-clock.dir/home/pedrohcs8/pico/pico-sdk/src/rp2_common/pico_stdio_usb/stdio_usb.c.obj
 .text.timer_task
                0x00000000100031cc       0x54 CMakeFiles/gps-clock.dir/home/pedrohcs8/pico/pico-sdk/src/rp2_common/pico_stdio_usb/stdio_usb.c.obj
 .text.stdio_usb_in_chars
                0x0000000010003220       0x90 CMakeFiles/gps-clock.dir/home/pedrohcs8/pico/pico-sdk/src/rp2_common/pico_stdio_usb/stdio_usb.c.obj
                0x0000000010003220                stdio_usb_in_chars
 .text.stdio_usb_out_chars
                0x00000000100032b0      0x100 CMakeFiles/gps-clock.dir/home/pedrohcs8/pico/pico-sdk/src/rp2_common/pico_stdio_usb/stdio_usb.c.obj
 .text.low_priority_worker_irq
                0x00000000100033b0       0xa8 CMakeFiles/gps-clock.dir/home/pedrohcs8/pico/pico-sdk/src/rp2_common/pico_stdio_usb/stdio_usb.c.obj
 .text.tud_cdc_rx_cb
                0x0000000010003458       0x20 CMakeFiles/gps-clock.dir/home/pedrohcs8/pico/pico-sdk/src/rp2_common/pico_stdio_usb/stdio_usb.c.obj
                0x0000000010003458                tud_cdc_rx_cb
 .text.stdio_usb_init
                0x0000000010003478      0x134 CMakeFiles/gps-clock.dir/home/pedrohcs8/pico/pico-sdk/src/rp2_common/pico_stdio_usb/stdio_usb.c.obj
                0x0000000010003478                stdio_usb_init
 .text.tud_descriptor_device_cb
                0x00000000100035ac        0x8 CMakeFiles/gps-clock.dir/home/pedrohcs8/pico/pico-sdk/src/rp2_common/pico_stdio_usb/stdio_usb_descriptors.c.obj
                0x00000000100035ac                tud_descriptor_device_cb
 .text.tud_descriptor_configuration_cb
                0x00000000100035b4        0x8 CMakeFiles/gps-clock.dir/home/pedrohcs8/pico/pico-sdk/src/rp2_common/pico_stdio_usb/stdio_usb_descriptors.c.obj
                0x00000000100035b4                tud_descriptor_configuration_cb
 .text.tud_descriptor_string_cb
                0x00000000100035bc       0x74 CMakeFiles/gps-clock.dir/home/pedrohcs8/pico/pico-sdk/src/rp2_common/pico_stdio_usb/stdio_usb_descriptors.c.obj
                0x00000000100035bc                tud_descriptor_string_cb
 .text.startup._retrieve_unique_id_on_boot
                0x0000000010003630       0x10 CMakeFiles/gps-clock.dir/home/pedrohcs8/pico/pico-sdk/src/rp2_common/pico_unique_id/unique_id.c.obj
 .text.pico_get_unique_board_id_string
                0x0000000010003640      0x1a8 CMakeFiles/gps-clock.dir/home/pedrohcs8/pico/pico-sdk/src/rp2_common/pico_unique_id/unique_id.c.obj
                0x0000000010003640                pico_get_unique_board_id_string
 .text.flash_get_unique_id
                0x00000000100037e8       0x40 CMakeFiles/gps-clock.dir/home/pedrohcs8/pico/pico-sdk/src/rp2_common/hardware_flash/flash.c.obj
                0x00000000100037e8                flash_get_unique_id
 .text.dcd_int_enable
                0x0000000010003828        0xc CMakeFiles/gps-clock.dir/home/pedrohcs8/pico/pico-sdk/lib/tinyusb/src/portable/raspberrypi/rp2040/dcd_rp2040.c.obj
                0x0000000010003828                dcd_int_enable
 .text.dcd_set_address
                0x0000000010003834       0x14 CMakeFiles/gps-clock.dir/home/pedrohcs8/pico/pico-sdk/lib/tinyusb/src/portable/raspberrypi/rp2040/dcd_rp2040.c.obj
                0x0000000010003834                dcd_set_address
 .text.dcd_connect
                0x0000000010003848       0x10 CMakeFiles/gps-clock.dir/home/pedrohcs8/pico/pico-sdk/lib/tinyusb/src/portable/raspberrypi/rp2040/dcd_rp2040.c.obj
                0x0000000010003848                dcd_connect
 .text.dcd_init
                0x0000000010003858       0x98 CMakeFiles/gps-clock.dir/home/pedrohcs8/pico/pico-sdk/lib/tinyusb/src/portable/raspberrypi/rp2040/dcd_rp2040.c.obj
                0x0000000010003858                dcd_init
 .text.dcd_edpt0_status_complete
                0x00000000100038f0       0x1c CMakeFiles/gps-clock.dir/home/pedrohcs8/pico/pico-sdk/lib/tinyusb/src/portable/raspberrypi/rp2040/dcd_rp2040.c.obj
                0x00000000100038f0                dcd_edpt0_status_complete
 .text.dcd_edpt_open
                0x000000001000390c      0x108 CMakeFiles/gps-clock.dir/home/pedrohcs8/pico/pico-sdk/lib/tinyusb/src/portable/raspberrypi/rp2040/dcd_rp2040.c.obj
                0x000000001000390c                dcd_edpt_open
 .text.dcd_edpt_close_all
                0x0000000010003a14        0x8 CMakeFiles/gps-clock.dir/home/pedrohcs8/pico/pico-sdk/lib/tinyusb/src/portable/raspberrypi/rp2040/dcd_rp2040.c.obj
                0x0000000010003a14                dcd_edpt_close_all
 .text.dcd_edpt_xfer
                0x0000000010003a1c       0x24 CMakeFiles/gps-clock.dir/home/pedrohcs8/pico/pico-sdk/lib/tinyusb/src/portable/raspberrypi/rp2040/dcd_rp2040.c.obj
                0x0000000010003a1c                dcd_edpt_xfer
 .text.dcd_edpt_stall
                0x0000000010003a40       0x38 CMakeFiles/gps-clock.dir/home/pedrohcs8/pico/pico-sdk/lib/tinyusb/src/portable/raspberrypi/rp2040/dcd_rp2040.c.obj
                0x0000000010003a40                dcd_edpt_stall
 .text.dcd_edpt_clear_stall
                0x0000000010003a78       0x30 CMakeFiles/gps-clock.dir/home/pedrohcs8/pico/pico-sdk/lib/tinyusb/src/portable/raspberrypi/rp2040/dcd_rp2040.c.obj
                0x0000000010003a78                dcd_edpt_clear_stall
 .text.rp2040_usb_init
                0x0000000010003aa8       0x4c CMakeFiles/gps-clock.dir/home/pedrohcs8/pico/pico-sdk/lib/tinyusb/src/portable/raspberrypi/rp2040/rp2040_usb.c.obj
                0x0000000010003aa8                rp2040_usb_init
 .text.hw_endpoint_xfer_start
                0x0000000010003af4       0x50 CMakeFiles/gps-clock.dir/home/pedrohcs8/pico/pico-sdk/lib/tinyusb/src/portable/raspberrypi/rp2040/rp2040_usb.c.obj
                0x0000000010003af4                hw_endpoint_xfer_start
 .text.tud_mounted
                0x0000000010003b44       0x10 CMakeFiles/gps-clock.dir/home/pedrohcs8/pico/pico-sdk/lib/tinyusb/src/device/usbd.c.obj
                0x0000000010003b44                tud_mounted
 .text.tud_suspended
                0x0000000010003b54       0x10 CMakeFiles/gps-clock.dir/home/pedrohcs8/pico/pico-sdk/lib/tinyusb/src/device/usbd.c.obj
                0x0000000010003b54                tud_suspended
 .text.tud_inited
                0x0000000010003b64       0x14 CMakeFiles/gps-clock.dir/home/pedrohcs8/pico/pico-sdk/lib/tinyusb/src/device/usbd.c.obj
                0x0000000010003b64                tud_inited
 .text.tud_init
                0x0000000010003b78       0xe4 CMakeFiles/gps-clock.dir/home/pedrohcs8/pico/pico-sdk/lib/tinyusb/src/device/usbd.c.obj
                0x0000000010003b78                tud_init
 .text.tud_task_ext
                0x0000000010003c5c      0x854 CMakeFiles/gps-clock.dir/home/pedrohcs8/pico/pico-sdk/lib/tinyusb/src/device/usbd.c.obj
                0x0000000010003c5c                tud_task_ext
 .text.usbd_open_edpt_pair
                0x00000000100044b0       0x9c CMakeFiles/gps-clock.dir/home/pedrohcs8/pico/pico-sdk/lib/tinyusb/src/device/usbd.c.obj
                0x00000000100044b0                usbd_open_edpt_pair
 .text.usbd_defer_func
                0x000000001000454c       0x48 CMakeFiles/gps-clock.dir/home/pedrohcs8/pico/pico-sdk/lib/tinyusb/src/device/usbd.c.obj
                0x000000001000454c                usbd_defer_func
 .text.usbd_edpt_open
                0x0000000010004594       0x34 CMakeFiles/gps-clock.dir/home/pedrohcs8/pico/pico-sdk/lib/tinyusb/src/device/usbd.c.obj
                0x0000000010004594                usbd_edpt_open
 .text.usbd_edpt_claim
                0x00000000100045c8       0x28 CMakeFiles/gps-clock.dir/home/pedrohcs8/pico/pico-sdk/lib/tinyusb/src/device/usbd.c.obj
                0x00000000100045c8                usbd_edpt_claim
 .text.usbd_edpt_release
                0x00000000100045f0       0x28 CMakeFiles/gps-clock.dir/home/pedrohcs8/pico/pico-sdk/lib/tinyusb/src/device/usbd.c.obj
                0x00000000100045f0                usbd_edpt_release
 .text.usbd_edpt_xfer
                0x0000000010004618       0x4c CMakeFiles/gps-clock.dir/home/pedrohcs8/pico/pico-sdk/lib/tinyusb/src/device/usbd.c.obj
                0x0000000010004618                usbd_edpt_xfer
 .text.tud_control_status
                0x0000000010004664       0x30 CMakeFiles/gps-clock.dir/home/pedrohcs8/pico/pico-sdk/lib/tinyusb/src/device/usbd_control.c.obj
                0x0000000010004664                tud_control_status
 .text.tud_control_xfer
                0x0000000010004694       0xbc CMakeFiles/gps-clock.dir/home/pedrohcs8/pico/pico-sdk/lib/tinyusb/src/device/usbd_control.c.obj
                0x0000000010004694                tud_control_xfer
 .text.usbd_control_reset
                0x0000000010004750       0x14 CMakeFiles/gps-clock.dir/home/pedrohcs8/pico/pico-sdk/lib/tinyusb/src/device/usbd_control.c.obj
                0x0000000010004750                usbd_control_reset
 .text.usbd_control_set_complete_callback
                0x0000000010004764        0xc CMakeFiles/gps-clock.dir/home/pedrohcs8/pico/pico-sdk/lib/tinyusb/src/device/usbd_control.c.obj
                0x0000000010004764                usbd_control_set_complete_callback
 .text.usbd_control_set_request
                0x0000000010004770       0x1c CMakeFiles/gps-clock.dir/home/pedrohcs8/pico/pico-sdk/lib/tinyusb/src/device/usbd_control.c.obj
                0x0000000010004770                usbd_control_set_request
 .text.usbd_control_xfer_cb
                0x000000001000478c       0xfc CMakeFiles/gps-clock.dir/home/pedrohcs8/pico/pico-sdk/lib/tinyusb/src/device/usbd_control.c.obj
                0x000000001000478c                usbd_control_xfer_cb
 .text.tud_cdc_n_connected
                0x0000000010004888       0x30 CMakeFiles/gps-clock.dir/home/pedrohcs8/pico/pico-sdk/lib/tinyusb/src/class/cdc/cdc_device.c.obj
                0x0000000010004888                tud_cdc_n_connected
 .text.tud_cdc_n_available
                0x00000000100048b8       0x18 CMakeFiles/gps-clock.dir/home/pedrohcs8/pico/pico-sdk/lib/tinyusb/src/class/cdc/cdc_device.c.obj
                0x00000000100048b8                tud_cdc_n_available
 .text.tud_cdc_n_read
                0x00000000100048d0       0x70 CMakeFiles/gps-clock.dir/home/pedrohcs8/pico/pico-sdk/lib/tinyusb/src/class/cdc/cdc_device.c.obj
                0x00000000100048d0                tud_cdc_n_read
 .text.tud_cdc_n_write_flush
                0x0000000010004940       0x78 CMakeFiles/gps-clock.dir/home/pedrohcs8/pico/pico-sdk/lib/tinyusb/src/class/cdc/cdc_device.c.obj
                0x0000000010004940                tud_cdc_n_write_flush
 .text.tud_cdc_n_write
                0x00000000100049b8       0x34 CMakeFiles/gps-clock.dir/home/pedrohcs8/pico/pico-sdk/lib/tinyusb/src/class/cdc/cdc_device.c.obj
                0x00000000100049b8                tud_cdc_n_write
 .text.tud_cdc_n_write_available
                0x00000000100049ec       0x18 CMakeFiles/gps-clock.dir/home/pedrohcs8/pico/pico-sdk/lib/tinyusb/src/class/cdc/cdc_device.c.obj
                0x00000000100049ec                tud_cdc_n_write_available
 .text.cdcd_init
                0x0000000010004a04       0x7c CMakeFiles/gps-clock.dir/home/pedrohcs8/pico/pico-sdk/lib/tinyusb/src/class/cdc/cdc_device.c.obj
                0x0000000010004a04                cdcd_init
 .text.cdcd_reset
                0x0000000010004a80       0x2c CMakeFiles/gps-clock.dir/home/pedrohcs8/pico/pico-sdk/lib/tinyusb/src/class/cdc/cdc_device.c.obj
                0x0000000010004a80                cdcd_reset
 .text.cdcd_open
                0x0000000010004aac       0xe8 CMakeFiles/gps-clock.dir/home/pedrohcs8/pico/pico-sdk/lib/tinyusb/src/class/cdc/cdc_device.c.obj
                0x0000000010004aac                cdcd_open
 .text.cdcd_control_xfer_cb
                0x0000000010004b94       0xe4 CMakeFiles/gps-clock.dir/home/pedrohcs8/pico/pico-sdk/lib/tinyusb/src/class/cdc/cdc_device.c.obj
                0x0000000010004b94                cdcd_control_xfer_cb
 .text.cdcd_xfer_cb
                0x0000000010004c78      0x148 CMakeFiles/gps-clock.dir/home/pedrohcs8/pico/pico-sdk/lib/tinyusb/src/class/cdc/cdc_device.c.obj
                0x0000000010004c78                cdcd_xfer_cb
 .text.tusb_init
                0x0000000010004dc0        0xc CMakeFiles/gps-clock.dir/home/pedrohcs8/pico/pico-sdk/lib/tinyusb/src/tusb.c.obj
                0x0000000010004dc0                tusb_init
 .text.tusb_inited
                0x0000000010004dcc        0x8 CMakeFiles/gps-clock.dir/home/pedrohcs8/pico/pico-sdk/lib/tinyusb/src/tusb.c.obj
                0x0000000010004dcc                tusb_inited
 .text.tu_edpt_claim
                0x0000000010004dd4       0x50 CMakeFiles/gps-clock.dir/home/pedrohcs8/pico/pico-sdk/lib/tinyusb/src/tusb.c.obj
                0x0000000010004dd4                tu_edpt_claim
 .text.tu_edpt_release
                0x0000000010004e24       0x38 CMakeFiles/gps-clock.dir/home/pedrohcs8/pico/pico-sdk/lib/tinyusb/src/tusb.c.obj
                0x0000000010004e24                tu_edpt_release
 .text.tu_edpt_validate
                0x0000000010004e5c       0x78 CMakeFiles/gps-clock.dir/home/pedrohcs8/pico/pico-sdk/lib/tinyusb/src/tusb.c.obj
                0x0000000010004e5c                tu_edpt_validate
 .text.tu_edpt_bind_driver
                0x0000000010004ed4       0x34 CMakeFiles/gps-clock.dir/home/pedrohcs8/pico/pico-sdk/lib/tinyusb/src/tusb.c.obj
                0x0000000010004ed4                tu_edpt_bind_driver
 .text.tu_fifo_config
                0x0000000010004f08       0x70 CMakeFiles/gps-clock.dir/home/pedrohcs8/pico/pico-sdk/lib/tinyusb/src/common/tusb_fifo.c.obj
                0x0000000010004f08                tu_fifo_config
 .text.tu_fifo_count
                0x0000000010004f78       0x2c CMakeFiles/gps-clock.dir/home/pedrohcs8/pico/pico-sdk/lib/tinyusb/src/common/tusb_fifo.c.obj
                0x0000000010004f78                tu_fifo_count
 .text.tu_fifo_empty
                0x0000000010004fa4       0x10 CMakeFiles/gps-clock.dir/home/pedrohcs8/pico/pico-sdk/lib/tinyusb/src/common/tusb_fifo.c.obj
                0x0000000010004fa4                tu_fifo_empty
 .text.tu_fifo_remaining
                0x0000000010004fb4       0x2c CMakeFiles/gps-clock.dir/home/pedrohcs8/pico/pico-sdk/lib/tinyusb/src/common/tusb_fifo.c.obj
                0x0000000010004fb4                tu_fifo_remaining
 .text.tu_fifo_read
                0x0000000010004fe0       0xa0 CMakeFiles/gps-clock.dir/home/pedrohcs8/pico/pico-sdk/lib/tinyusb/src/common/tusb_fifo.c.obj
                0x0000000010004fe0                tu_fifo_read
 .text.tu_fifo_read_n
                0x0000000010005080       0xec CMakeFiles/gps-clock.dir/home/pedrohcs8/pico/pico-sdk/lib/tinyusb/src/common/tusb_fifo.c.obj
                0x0000000010005080                tu_fifo_read_n
 .text.tu_fifo_write
                0x000000001000516c       0x88 CMakeFiles/gps-clock.dir/home/pedrohcs8/pico/pico-sdk/lib/tinyusb/src/common/tusb_fifo.c.obj
                0x000000001000516c                tu_fifo_write
 .text.tu_fifo_write_n
                0x00000000100051f4      0x168 CMakeFiles/gps-clock.dir/home/pedrohcs8/pico/pico-sdk/lib/tinyusb/src/common/tusb_fifo.c.obj
                0x00000000100051f4                tu_fifo_write_n
 .text.tu_fifo_clear
                0x000000001000535c       0x40 CMakeFiles/gps-clock.dir/home/pedrohcs8/pico/pico-sdk/lib/tinyusb/src/common/tusb_fifo.c.obj
                0x000000001000535c                tu_fifo_clear
 .text.tu_fifo_set_overwritable
                0x000000001000539c       0x48 CMakeFiles/gps-clock.dir/home/pedrohcs8/pico/pico-sdk/lib/tinyusb/src/common/tusb_fifo.c.obj
                0x000000001000539c                tu_fifo_set_overwritable
 .text.core1_trampoline
                0x00000000100053e4        0x4 CMakeFiles/gps-clock.dir/home/pedrohcs8/pico/pico-sdk/src/rp2_common/pico_multicore/multicore.c.obj
 .text.core1_wrapper
                0x00000000100053e8        0xc CMakeFiles/gps-clock.dir/home/pedrohcs8/pico/pico-sdk/src/rp2_common/pico_multicore/multicore.c.obj
                0x00000000100053e8                core1_wrapper
 .text.multicore_launch_core1_raw
                0x00000000100053f4       0x84 CMakeFiles/gps-clock.dir/home/pedrohcs8/pico/pico-sdk/src/rp2_common/pico_multicore/multicore.c.obj
                0x00000000100053f4                multicore_launch_core1_raw
 .text.multicore_launch_core1
                0x0000000010005478       0x4c CMakeFiles/gps-clock.dir/home/pedrohcs8/pico/pico-sdk/src/rp2_common/pico_multicore/multicore.c.obj
                0x0000000010005478                multicore_launch_core1
 .text          0x00000000100054c4       0x18 /usr/lib/gcc/arm-none-eabi/10.3.1/../../../arm-none-eabi/lib/thumb/v6-m/nofp/libc.a(lib_a-atoi.o)
                0x00000000100054c4                atoi
                0x00000000100054d0                _atoi_r
 .text          0x00000000100054dc       0x14 /usr/lib/gcc/arm-none-eabi/10.3.1/../../../arm-none-eabi/lib/thumb/v6-m/nofp/libc.a(lib_a-lcltime.o)
                0x00000000100054dc                localtime
 .text          0x00000000100054f0      0x244 /usr/lib/gcc/arm-none-eabi/10.3.1/../../../arm-none-eabi/lib/thumb/v6-m/nofp/libc.a(lib_a-lcltime_r.o)
                0x00000000100054f0                localtime_r
 .text          0x0000000010005734       0x28 /usr/lib/gcc/arm-none-eabi/10.3.1/../../../arm-none-eabi/lib/thumb/v6-m/nofp/libc.a(lib_a-malloc.o)
                0x0000000010005734                malloc
                0x0000000010005748                free
 .text          0x000000001000575c      0x574 /usr/lib/gcc/arm-none-eabi/10.3.1/../../../arm-none-eabi/lib/thumb/v6-m/nofp/libc.a(lib_a-mallocr.o)
                0x000000001000575c                _malloc_r
 .text          0x0000000010005cd0      0x5d4 /usr/lib/gcc/arm-none-eabi/10.3.1/../../../arm-none-eabi/lib/thumb/v6-m/nofp/libc.a(lib_a-mktime.o)
                0x0000000010005eb0                mktime
 .text          0x00000000100062a4        0x8 /usr/lib/gcc/arm-none-eabi/10.3.1/../../../arm-none-eabi/lib/thumb/v6-m/nofp/libc.a(lib_a-mlock.o)
                0x00000000100062a4                __malloc_lock
                0x00000000100062a8                __malloc_unlock
 .text          0x00000000100062ac      0x354 /usr/lib/gcc/arm-none-eabi/10.3.1/../../../arm-none-eabi/lib/thumb/v6-m/nofp/libc.a(lib_a-reallocr.o)
                0x00000000100062ac                _realloc_r
 .text          0x0000000010006600       0x24 /usr/lib/gcc/arm-none-eabi/10.3.1/../../../arm-none-eabi/lib/thumb/v6-m/nofp/libc.a(lib_a-sbrkr.o)
                0x0000000010006600                _sbrk_r
 .text          0x0000000010006624       0x10 /usr/lib/gcc/arm-none-eabi/10.3.1/../../../arm-none-eabi/lib/thumb/v6-m/nofp/libc.a(lib_a-strcpy.o)
                0x0000000010006624                strcpy
 .text          0x0000000010006634      0xc00 /usr/lib/gcc/arm-none-eabi/10.3.1/../../../arm-none-eabi/lib/thumb/v6-m/nofp/libc.a(lib_a-strftime.o)
                0x0000000010007224                strftime
                0x000000001000722c                strftime_l
 .text          0x0000000010007234       0x5c /usr/lib/gcc/arm-none-eabi/10.3.1/../../../arm-none-eabi/lib/thumb/v6-m/nofp/libc.a(lib_a-strlen-stub.o)
                0x0000000010007234                strlen
 .text          0x0000000010007290       0x14 /usr/lib/gcc/arm-none-eabi/10.3.1/../../../arm-none-eabi/lib/thumb/v6-m/nofp/libc.a(lib_a-strtok.o)
                0x0000000010007290                strtok
 .text          0x00000000100072a4       0x78 /usr/lib/gcc/arm-none-eabi/10.3.1/../../../arm-none-eabi/lib/thumb/v6-m/nofp/libc.a(lib_a-strtok_r.o)
                0x00000000100072a4                __strtok_r
                0x0000000010007310                strtok_r
 .text          0x000000001000731c      0x1b8 /usr/lib/gcc/arm-none-eabi/10.3.1/../../../arm-none-eabi/lib/thumb/v6-m/nofp/libc.a(lib_a-strtol.o)
                0x0000000010007460                _strtol_r
                0x000000001000747c                strtol_l
                0x00000000100074a8                strtol
 .text          0x00000000100074d4      0x180 /usr/lib/gcc/arm-none-eabi/10.3.1/../../../arm-none-eabi/lib/thumb/v6-m/nofp/libc.a(lib_a-strtoul.o)
                0x000000001000761c                _strtoul_r
                0x0000000010007624                strtoul_l
                0x000000001000763c                strtoul
 .text          0x0000000010007654      0x19c /usr/lib/gcc/arm-none-eabi/10.3.1/../../../arm-none-eabi/lib/thumb/v6-m/nofp/libc.a(lib_a-tzcalc_limits.o)
                0x0000000010007654                __tzcalc_limits
 .text          0x00000000100077f0        0x8 /usr/lib/gcc/arm-none-eabi/10.3.1/../../../arm-none-eabi/lib/thumb/v6-m/nofp/libc.a(lib_a-tzlock.o)
                0x00000000100077f0                __tz_lock
                0x00000000100077f4                __tz_unlock
 .text          0x00000000100077f8       0x28 /usr/lib/gcc/arm-none-eabi/10.3.1/../../../arm-none-eabi/lib/thumb/v6-m/nofp/libc.a(lib_a-tzset.o)
                0x00000000100077f8                _tzset_unlocked
                0x0000000010007808                tzset
 .text          0x0000000010007820      0x358 /usr/lib/gcc/arm-none-eabi/10.3.1/../../../arm-none-eabi/lib/thumb/v6-m/nofp/libc.a(lib_a-tzset_r.o)
                0x0000000010007820                _tzset_unlocked_r
                0x0000000010007b64                _tzset_r
 .text          0x0000000010007b78        0x8 /usr/lib/gcc/arm-none-eabi/10.3.1/../../../arm-none-eabi/lib/thumb/v6-m/nofp/libc.a(lib_a-abs.o)
                0x0000000010007b78                abs
 .text          0x0000000010007b80       0x30 /usr/lib/gcc/arm-none-eabi/10.3.1/../../../arm-none-eabi/lib/thumb/v6-m/nofp/libc.a(lib_a-div.o)
                0x0000000010007b80                div
 .text          0x0000000010007bb0        0xc /usr/lib/gcc/arm-none-eabi/10.3.1/../../../arm-none-eabi/lib/thumb/v6-m/nofp/libc.a(lib_a-errno.o)
                0x0000000010007bb0                __errno
 .text          0x0000000010007bbc      0x260 /usr/lib/gcc/arm-none-eabi/10.3.1/../../../arm-none-eabi/lib/thumb/v6-m/nofp/libc.a(lib_a-freer.o)
                0x0000000010007bbc                _malloc_trim_r
                0x0000000010007c58                _free_r
 .text          0x0000000010007e1c       0xa0 /usr/lib/gcc/arm-none-eabi/10.3.1/../../../arm-none-eabi/lib/thumb/v6-m/nofp/libc.a(lib_a-getenv_r.o)
                0x0000000010007e1c                _findenv_r
                0x0000000010007eac                _getenv_r
 .text          0x0000000010007ebc        0x8 /usr/lib/gcc/arm-none-eabi/10.3.1/../../../arm-none-eabi/lib/thumb/v6-m/nofp/libc.a(lib_a-gettzinfo.o)
                0x0000000010007ebc                __gettzinfo
 .text          0x0000000010007ec4      0x1d4 /usr/lib/gcc/arm-none-eabi/10.3.1/../../../arm-none-eabi/lib/thumb/v6-m/nofp/libc.a(lib_a-gmtime_r.o)
                0x0000000010007ec4                gmtime_r
 .text          0x0000000010008098        0x8 /usr/lib/gcc/arm-none-eabi/10.3.1/../../../arm-none-eabi/lib/thumb/v6-m/nofp/libc.a(lib_a-labs.o)
                0x0000000010008098                labs
 .text          0x00000000100080a0       0xa0 /usr/lib/gcc/arm-none-eabi/10.3.1/../../../arm-none-eabi/lib/thumb/v6-m/nofp/libc.a(lib_a-siscanf.o)
                0x00000000100080a0                siscanf
                0x00000000100080f0                _siscanf_r
 .text          0x0000000010008140      0x100 /usr/lib/gcc/arm-none-eabi/10.3.1/../../../arm-none-eabi/lib/thumb/v6-m/nofp/libc.a(lib_a-sniprintf.o)
                0x0000000010008140                _sniprintf_r
                0x00000000100081bc                sniprintf
 .text          0x0000000010008240       0xa4 /usr/lib/gcc/arm-none-eabi/10.3.1/../../../arm-none-eabi/lib/thumb/v6-m/nofp/libc.a(lib_a-stdio.o)
                0x0000000010008240                __sread
                0x0000000010008268                __seofread
                0x000000001000826c                __swrite
                0x00000000100082ac                __sseek
                0x00000000100082d8                __sclose
 .text          0x00000000100082e4       0x88 /usr/lib/gcc/arm-none-eabi/10.3.1/../../../arm-none-eabi/lib/thumb/v6-m/nofp/libc.a(lib_a-strcmp.o)
                0x00000000100082e4                strcmp
 .text          0x000000001000836c       0x74 /usr/lib/gcc/arm-none-eabi/10.3.1/../../../arm-none-eabi/lib/thumb/v6-m/nofp/libc.a(lib_a-strncmp.o)
                0x000000001000836c                strncmp
 .text          0x00000000100083e0      0xbfc /usr/lib/gcc/arm-none-eabi/10.3.1/../../../arm-none-eabi/lib/thumb/v6-m/nofp/libc.a(lib_a-svfiprintf.o)
                0x00000000100083e0                __ssprint_r
                0x00000000100084f4                _svfiprintf_r
 .text          0x0000000010008fdc      0xf10 /usr/lib/gcc/arm-none-eabi/10.3.1/../../../arm-none-eabi/lib/thumb/v6-m/nofp/libc.a(lib_a-svfiscanf.o)
                0x0000000010008fdc                _sungetc_r
                0x0000000010009060                __ssrefill_r
                0x00000000100090a0                _sfread_r
                0x0000000010009164                __ssvfiscanf_r
 .text          0x0000000010009eec      0x188 /usr/lib/gcc/arm-none-eabi/10.3.1/../../../arm-none-eabi/lib/thumb/v6-m/nofp/libc.a(lib_a-ungetc.o)
                0x0000000010009eec                __submore
                0x0000000010009f70                _ungetc_r
                0x000000001000a05c                ungetc
 .text          0x000000001000a074       0x28 /usr/lib/gcc/arm-none-eabi/10.3.1/../../../arm-none-eabi/lib/thumb/v6-m/nofp/libc.a(lib_a-writer.o)
                0x000000001000a074                _write_r
 .text          0x000000001000a09c       0x24 /usr/lib/gcc/arm-none-eabi/10.3.1/../../../arm-none-eabi/lib/thumb/v6-m/nofp/libc.a(lib_a-closer.o)
                0x000000001000a09c                _close_r
 .text          0x000000001000a0c0        0x8 /usr/lib/gcc/arm-none-eabi/10.3.1/../../../arm-none-eabi/lib/thumb/v6-m/nofp/libc.a(lib_a-envlock.o)
                0x000000001000a0c0                __env_lock
                0x000000001000a0c4                __env_unlock
 .text          0x000000001000a0c8      0x1c0 /usr/lib/gcc/arm-none-eabi/10.3.1/../../../arm-none-eabi/lib/thumb/v6-m/nofp/libc.a(lib_a-fflush.o)
                0x000000001000a0c8                __sflush_r
                0x000000001000a208                _fflush_r
                0x000000001000a234                fflush
 .text          0x000000001000a288      0x248 /usr/lib/gcc/arm-none-eabi/10.3.1/../../../arm-none-eabi/lib/thumb/v6-m/nofp/libc.a(lib_a-findfp.o)
                0x000000001000a28c                _cleanup_r
                0x000000001000a388                __sfmoreglue
                0x000000001000a3b8                __sfp
                0x000000001000a468                _cleanup
                0x000000001000a480                __sinit
                0x000000001000a490                __sfp_lock_acquire
                0x000000001000a494                __sfp_lock_release
                0x000000001000a498                __sinit_lock_acquire
                0x000000001000a49c                __sinit_lock_release
                0x000000001000a4a0                __fp_lock_all
                0x000000001000a4b8                __fp_unlock_all
 .text          0x000000001000a4d0       0x88 /usr/lib/gcc/arm-none-eabi/10.3.1/../../../arm-none-eabi/lib/thumb/v6-m/nofp/libc.a(lib_a-fwalk.o)
                0x000000001000a4d0                _fwalk
                0x000000001000a510                _fwalk_reent
 .text          0x000000001000a558        0xc /usr/lib/gcc/arm-none-eabi/10.3.1/../../../arm-none-eabi/lib/thumb/v6-m/nofp/libc.a(lib_a-iswspace.o)
                0x000000001000a558                iswspace
 .text          0x000000001000a564       0x18 /usr/lib/gcc/arm-none-eabi/10.3.1/../../../arm-none-eabi/lib/thumb/v6-m/nofp/libc.a(lib_a-iswspace_l.o)
                0x000000001000a564                iswspace_l
 .text          0x000000001000a57c       0x98 /usr/lib/gcc/arm-none-eabi/10.3.1/../../../arm-none-eabi/lib/thumb/v6-m/nofp/libc.a(lib_a-locale.o)
                0x000000001000a57c                _setlocale_r
                0x000000001000a5c0                __locale_mb_cur_max
                0x000000001000a5d0                setlocale
 .text          0x000000001000a614       0x28 /usr/lib/gcc/arm-none-eabi/10.3.1/../../../arm-none-eabi/lib/thumb/v6-m/nofp/libc.a(lib_a-lseekr.o)
                0x000000001000a614                _lseek_r
 .text          0x000000001000a63c       0x9c /usr/lib/gcc/arm-none-eabi/10.3.1/../../../arm-none-eabi/lib/thumb/v6-m/nofp/libc.a(lib_a-mbrtowc.o)
                0x000000001000a63c                _mbrtowc_r
                0x000000001000a688                mbrtowc
 .text          0x000000001000a6d8       0x44 /usr/lib/gcc/arm-none-eabi/10.3.1/../../../arm-none-eabi/lib/thumb/v6-m/nofp/libc.a(lib_a-mbtowc_r.o)
                0x000000001000a6d8                _mbtowc_r
                0x000000001000a6f0                __ascii_mbtowc
 .text          0x000000001000a71c       0x28 /usr/lib/gcc/arm-none-eabi/10.3.1/../../../arm-none-eabi/lib/thumb/v6-m/nofp/libc.a(lib_a-readr.o)
                0x000000001000a71c                _read_r
 .text          0x000000001000a744       0x80 /usr/lib/gcc/arm-none-eabi/10.3.1/../../../arm-none-eabi/lib/thumb/v6-m/nofp/libc.a(lib_a-sccl.o)
                0x000000001000a744                __sccl
 .text          0x000000001000a7c4      0x1d0 /usr/lib/gcc/arm-none-eabi/10.3.1/../../../arm-none-eabi/lib/thumb/v6-m/nofp/libc.a(lib_a-strtoll.o)
                0x000000001000a95c                _strtoll_r
                0x000000001000a964                strtoll_l
                0x000000001000a97c                strtoll
 .text          0x000000001000a994      0x1f4 /usr/lib/gcc/arm-none-eabi/10.3.1/../../../arm-none-eabi/lib/thumb/v6-m/nofp/libc.a(lib_a-strtoull.o)
                0x000000001000ab50                _strtoull_r
                0x000000001000ab58                strtoull_l
                0x000000001000ab70                strtoull
 .text          0x000000001000ab88       0x2c /usr/lib/gcc/arm-none-eabi/10.3.1/../../../arm-none-eabi/lib/thumb/v6-m/nofp/libc.a(lib_a-wctomb_r.o)
                0x000000001000ab88                _wctomb_r
                0x000000001000ab98                __ascii_wctomb
 .text          0x000000001000abb4       0xe8 /usr/lib/gcc/arm-none-eabi/10.3.1/../../../arm-none-eabi/lib/thumb/v6-m/nofp/libc.a(lib_a-fclose.o)
                0x000000001000ac24                _fclose_r
                0x000000001000ac5c                fclose
 *(.fini)
 .fini          0x000000001000ac9c        0x4 /usr/lib/gcc/arm-none-eabi/10.3.1/thumb/v6-m/nofp/crti.o
                0x000000001000ac9c                _fini
 .fini.__stub   0x000000001000aca0      0x120 linker stubs
 *crtbegin.o(.ctors)
 *crtbegin?.o(.ctors)
 *(EXCLUDE_FILE(*crtend.o *crtend?.o) .ctors)
 *(SORT_BY_NAME(.ctors.*))
 *(.ctors)
 *crtbegin.o(.dtors)
 *crtbegin?.o(.dtors)
 *(EXCLUDE_FILE(*crtend.o *crtend?.o) .dtors)
 *(SORT_BY_NAME(.dtors.*))
 *(.dtors)
 *(.eh_frame*)
 .eh_frame      0x000000001000adc0        0x0 /usr/lib/gcc/arm-none-eabi/10.3.1/thumb/v6-m/nofp/crtbegin.o
                0x000000001000adc0                . = ALIGN (0x4)

.glue_7         0x000000001000adc0        0x0
 .glue_7        0x000000001000adc0        0x0 linker stubs

.glue_7t        0x000000001000adc0        0x0
 .glue_7t       0x000000001000adc0        0x0 linker stubs

.vfp11_veneer   0x000000001000adc0        0x0
 .vfp11_veneer  0x000000001000adc0        0x0 linker stubs

.v4_bx          0x000000001000adc0        0x0
 .v4_bx         0x000000001000adc0        0x0 linker stubs

.iplt           0x000000001000adc0        0x0
 .iplt          0x000000001000adc0        0x0 /usr/lib/gcc/arm-none-eabi/10.3.1/thumb/v6-m/nofp/crtbegin.o

.rodata         0x000000001000adc0      0xf00
 *(EXCLUDE_FILE(*libm.a: *libc.a:*lib_a-mem*.o *libgcc.a:) .rodata*)
 .rodata.processTime.str1.4
                0x000000001000adc0        0x6 CMakeFiles/gps-clock.dir/main.c.obj
 *fill*         0x000000001000adc6        0x2 
 .rodata.setTime.str1.4
                0x000000001000adc8        0xd CMakeFiles/gps-clock.dir/displays.c.obj
 *fill*         0x000000001000add5        0x3 
 .rodata.spin_lock_claim_unused.str1.4
                0x000000001000add8       0x1b CMakeFiles/gps-clock.dir/home/pedrohcs8/pico/pico-sdk/src/rp2_common/hardware_sync/sync.c.obj
 *fill*         0x000000001000adf3        0x1 
 .rodata.user_irq_claim_unused.str1.4
                0x000000001000adf4       0x1b CMakeFiles/gps-clock.dir/home/pedrohcs8/pico/pico-sdk/src/rp2_common/hardware_irq/irq.c.obj
 *fill*         0x000000001000ae0f        0x1 
 .rodata.at_the_end_of_time
                0x000000001000ae10        0x8 CMakeFiles/gps-clock.dir/home/pedrohcs8/pico/pico-sdk/src/common/pico_time/time.c.obj
                0x000000001000ae10                at_the_end_of_time
 .rodata.hardware_alarm_claim.str1.4
                0x000000001000ae18       0x22 CMakeFiles/gps-clock.dir/home/pedrohcs8/pico/pico-sdk/src/rp2_common/hardware_timer/timer.c.obj
 *fill*         0x000000001000ae3a        0x2 
 .rodata.panic.str1.4
                0x000000001000ae3c       0x12 CMakeFiles/gps-clock.dir/home/pedrohcs8/pico/pico-sdk/src/rp2_common/pico_runtime/runtime.c.obj
 *fill*         0x000000001000ae4e        0x2 
 .rodata.hard_assertion_failure.str1.4
                0x000000001000ae50        0xc CMakeFiles/gps-clock.dir/home/pedrohcs8/pico/pico-sdk/src/rp2_common/pico_runtime/runtime.c.obj
 .rodata.str1.4
                0x000000001000ae5c       0x40 CMakeFiles/gps-clock.dir/home/pedrohcs8/pico/pico-sdk/src/rp2_common/pico_standard_link/binary_info.c.obj
 .rodata.__bi_44
                0x000000001000ae9c        0xc CMakeFiles/gps-clock.dir/home/pedrohcs8/pico/pico-sdk/src/rp2_common/pico_standard_link/binary_info.c.obj
 .rodata.__bi_75
                0x000000001000aea8        0xc CMakeFiles/gps-clock.dir/home/pedrohcs8/pico/pico-sdk/src/rp2_common/pico_standard_link/binary_info.c.obj
 .rodata.__bi_81
                0x000000001000aeb4        0xc CMakeFiles/gps-clock.dir/home/pedrohcs8/pico/pico-sdk/src/rp2_common/pico_standard_link/binary_info.c.obj
 .rodata.crlf_str.0
                0x000000001000aec0        0x2 CMakeFiles/gps-clock.dir/home/pedrohcs8/pico/pico-sdk/src/rp2_common/pico_stdio/stdio.c.obj
 *fill*         0x000000001000aec2        0x2 
 .rodata._resetd_driver
                0x000000001000aec4       0x18 CMakeFiles/gps-clock.dir/home/pedrohcs8/pico/pico-sdk/src/rp2_common/pico_stdio_usb/reset_interface.c.obj
 .rodata.str1.4
                0x000000001000aedc       0x13 CMakeFiles/gps-clock.dir/home/pedrohcs8/pico/pico-sdk/src/rp2_common/pico_stdio_usb/stdio_usb.c.obj
 *fill*         0x000000001000aeef        0x1 
 .rodata.__bi_182.0
                0x000000001000aef0        0xc CMakeFiles/gps-clock.dir/home/pedrohcs8/pico/pico-sdk/src/rp2_common/pico_stdio_usb/stdio_usb.c.obj
 .rodata.str1.4
                0x000000001000aefc       0x2a CMakeFiles/gps-clock.dir/home/pedrohcs8/pico/pico-sdk/src/rp2_common/pico_stdio_usb/stdio_usb_descriptors.c.obj
 *fill*         0x000000001000af26        0x2 
 .rodata.usbd_desc_cfg
                0x000000001000af28       0x54 CMakeFiles/gps-clock.dir/home/pedrohcs8/pico/pico-sdk/src/rp2_common/pico_stdio_usb/stdio_usb_descriptors.c.obj
 .rodata.usbd_desc_device
                0x000000001000af7c       0x12 CMakeFiles/gps-clock.dir/home/pedrohcs8/pico/pico-sdk/src/rp2_common/pico_stdio_usb/stdio_usb_descriptors.c.obj
 *fill*         0x000000001000af8e        0x2 
 .rodata.usbd_desc_str
                0x000000001000af90       0x18 CMakeFiles/gps-clock.dir/home/pedrohcs8/pico/pico-sdk/src/rp2_common/pico_stdio_usb/stdio_usb_descriptors.c.obj
 .rodata.str1.4
                0x000000001000afa8       0x14 CMakeFiles/gps-clock.dir/home/pedrohcs8/pico/pico-sdk/lib/tinyusb/src/portable/raspberrypi/rp2040/dcd_rp2040.c.obj
 .rodata.str1.4
                0x000000001000afbc       0x53 CMakeFiles/gps-clock.dir/home/pedrohcs8/pico/pico-sdk/lib/tinyusb/src/portable/raspberrypi/rp2040/rp2040_usb.c.obj
 *fill*         0x000000001000b00f        0x1 
 .rodata.tud_task_ext
                0x000000001000b010       0x8c CMakeFiles/gps-clock.dir/home/pedrohcs8/pico/pico-sdk/lib/tinyusb/src/device/usbd.c.obj
 .rodata._usbd_driver
                0x000000001000b09c       0x18 CMakeFiles/gps-clock.dir/home/pedrohcs8/pico/pico-sdk/lib/tinyusb/src/device/usbd.c.obj
 .rodata        0x000000001000b0b4        0x4 /usr/lib/gcc/arm-none-eabi/10.3.1/../../../arm-none-eabi/lib/thumb/v6-m/nofp/libc.a(lib_a-impure.o)
                0x000000001000b0b4                _global_impure_ptr
 .rodata        0x000000001000b0b8       0x60 /usr/lib/gcc/arm-none-eabi/10.3.1/../../../arm-none-eabi/lib/thumb/v6-m/nofp/libc.a(lib_a-mktime.o)
 .rodata        0x000000001000b118       0x60 /usr/lib/gcc/arm-none-eabi/10.3.1/../../../arm-none-eabi/lib/thumb/v6-m/nofp/libc.a(lib_a-month_lengths.o)
                0x000000001000b118                __month_lengths
 .rodata        0x000000001000b178      0x2b8 /usr/lib/gcc/arm-none-eabi/10.3.1/../../../arm-none-eabi/lib/thumb/v6-m/nofp/libc.a(lib_a-strftime.o)
 .rodata.str1.4
                0x000000001000b430       0x7c /usr/lib/gcc/arm-none-eabi/10.3.1/../../../arm-none-eabi/lib/thumb/v6-m/nofp/libc.a(lib_a-strftime.o)
                                         0x80 (size before relaxing)
 .rodata.str1.4
                0x000000001000b4ac      0x158 /usr/lib/gcc/arm-none-eabi/10.3.1/../../../arm-none-eabi/lib/thumb/v6-m/nofp/libc.a(lib_a-timelocal.o)
                                        0x159 (size before relaxing)
 .rodata        0x000000001000b604       0xfc /usr/lib/gcc/arm-none-eabi/10.3.1/../../../arm-none-eabi/lib/thumb/v6-m/nofp/libc.a(lib_a-timelocal.o)
                0x000000001000b604                _C_time_locale
 .rodata.str1.4
                0x000000001000b700       0x53 /usr/lib/gcc/arm-none-eabi/10.3.1/../../../arm-none-eabi/lib/thumb/v6-m/nofp/libc.a(lib_a-tzset_r.o)
 .rodata.str1.4
                0x000000001000b753        0x4 /usr/lib/gcc/arm-none-eabi/10.3.1/../../../arm-none-eabi/lib/thumb/v6-m/nofp/libc.a(lib_a-tzvars.o)
 *fill*         0x000000001000b753        0x1 
 .rodata        0x000000001000b754      0x101 /usr/lib/gcc/arm-none-eabi/10.3.1/../../../arm-none-eabi/lib/thumb/v6-m/nofp/libc.a(lib_a-ctype_.o)
                0x000000001000b754                _ctype_
 *fill*         0x000000001000b855        0x3 
 .rodata.str1.4
                0x000000001000b858       0x2f /usr/lib/gcc/arm-none-eabi/10.3.1/../../../arm-none-eabi/lib/thumb/v6-m/nofp/libc.a(lib_a-svfiprintf.o)
 *fill*         0x000000001000b887        0x1 
 .rodata        0x000000001000b888      0x184 /usr/lib/gcc/arm-none-eabi/10.3.1/../../../arm-none-eabi/lib/thumb/v6-m/nofp/libc.a(lib_a-svfiprintf.o)
 .rodata        0x000000001000ba0c      0x2aa /usr/lib/gcc/arm-none-eabi/10.3.1/../../../arm-none-eabi/lib/thumb/v6-m/nofp/libc.a(lib_a-svfiscanf.o)
 *fill*         0x000000001000bcb6        0x2 
 .rodata.str1.4
                0x000000001000bcb8        0x6 /usr/lib/gcc/arm-none-eabi/10.3.1/../../../arm-none-eabi/lib/thumb/v6-m/nofp/libc.a(lib_a-locale.o)
                                         0x12 (size before relaxing)
 .rodata.str1.4
                0x000000001000bcbe        0x1 /usr/lib/gcc/arm-none-eabi/10.3.1/../../../arm-none-eabi/lib/thumb/v6-m/nofp/libc.a(lib_a-mbrtowc.o)
                0x000000001000bcc0                . = ALIGN (0x4)
 *fill*         0x000000001000bcbe        0x2 
 *(SORT_BY_ALIGNMENT(SORT_BY_NAME(.flashdata*)))
                0x000000001000bcc0                . = ALIGN (0x4)

.ARM.extab
 *(.ARM.extab* .gnu.linkonce.armextab.*)
                0x000000001000bcc0                __exidx_start = .

.ARM.exidx
 *(.ARM.exidx* .gnu.linkonce.armexidx.*)
                0x000000001000bcc0                __exidx_end = .
                0x000000001000bcc0                . = ALIGN (0x4)
                0x000000001000bcc0                __binary_info_start = .

.binary_info    0x000000001000bcc0       0x20
 *(.binary_info.keep.*)
 .binary_info.keep.__bi_ptr22
                0x000000001000bcc0        0x4 CMakeFiles/gps-clock.dir/home/pedrohcs8/pico/pico-sdk/src/rp2_common/pico_standard_link/binary_info.c.obj
 .binary_info.keep.__bi_ptr30
                0x000000001000bcc4        0x4 CMakeFiles/gps-clock.dir/home/pedrohcs8/pico/pico-sdk/src/rp2_common/pico_standard_link/binary_info.c.obj
 .binary_info.keep.__bi_ptr38
                0x000000001000bcc8        0x4 CMakeFiles/gps-clock.dir/home/pedrohcs8/pico/pico-sdk/src/rp2_common/pico_standard_link/binary_info.c.obj
 .binary_info.keep.__bi_ptr44
                0x000000001000bccc        0x4 CMakeFiles/gps-clock.dir/home/pedrohcs8/pico/pico-sdk/src/rp2_common/pico_standard_link/binary_info.c.obj
 .binary_info.keep.__bi_ptr50
                0x000000001000bcd0        0x4 CMakeFiles/gps-clock.dir/home/pedrohcs8/pico/pico-sdk/src/rp2_common/pico_standard_link/binary_info.c.obj
 .binary_info.keep.__bi_ptr75
                0x000000001000bcd4        0x4 CMakeFiles/gps-clock.dir/home/pedrohcs8/pico/pico-sdk/src/rp2_common/pico_standard_link/binary_info.c.obj
 .binary_info.keep.__bi_ptr81
                0x000000001000bcd8        0x4 CMakeFiles/gps-clock.dir/home/pedrohcs8/pico/pico-sdk/src/rp2_common/pico_standard_link/binary_info.c.obj
 *(.binary_info.*)
 .binary_info.__bi_ptr182
                0x000000001000bcdc        0x4 CMakeFiles/gps-clock.dir/home/pedrohcs8/pico/pico-sdk/src/rp2_common/pico_stdio_usb/stdio_usb.c.obj
                0x000000001000bce0                __binary_info_end = .

.rel.dyn        0x000000001000bce0        0x0
 .rel.iplt      0x000000001000bce0        0x0 /usr/lib/gcc/arm-none-eabi/10.3.1/thumb/v6-m/nofp/crtbegin.o
                0x000000001000bce0                . = ALIGN (0x4)

.ram_vector_table
                0x0000000020000000       0xc0
 *(.ram_vector_table)
 .ram_vector_table
                0x0000000020000000       0xc0 CMakeFiles/gps-clock.dir/home/pedrohcs8/pico/pico-sdk/src/rp2_common/pico_runtime/runtime.c.obj
                0x0000000020000000                ram_vector_table

.data           0x00000000200000c0     0x1ac0 load address 0x000000001000bce0
                0x00000000200000c0                __data_start__ = .
 *(vtable)
 *(.time_critical*)
 .time_critical.mutex_enter_blocking
                0x00000000200000c0       0x48 CMakeFiles/gps-clock.dir/home/pedrohcs8/pico/pico-sdk/src/common/pico_sync/mutex.c.obj
                0x00000000200000c0                mutex_enter_blocking
 .time_critical.recursive_mutex_enter_blocking
                0x0000000020000108       0x54 CMakeFiles/gps-clock.dir/home/pedrohcs8/pico/pico-sdk/src/common/pico_sync/mutex.c.obj
                0x0000000020000108                recursive_mutex_enter_blocking
 .time_critical.mutex_try_enter
                0x000000002000015c       0x44 CMakeFiles/gps-clock.dir/home/pedrohcs8/pico/pico-sdk/src/common/pico_sync/mutex.c.obj
                0x000000002000015c                mutex_try_enter
 .time_critical.mutex_try_enter_block_until
                0x00000000200001a0       0x9c CMakeFiles/gps-clock.dir/home/pedrohcs8/pico/pico-sdk/src/common/pico_sync/mutex.c.obj
                0x00000000200001a0                mutex_try_enter_block_until
 .time_critical.mutex_enter_timeout_ms
                0x000000002000023c       0x90 CMakeFiles/gps-clock.dir/home/pedrohcs8/pico/pico-sdk/src/common/pico_sync/mutex.c.obj
                0x000000002000023c                mutex_enter_timeout_ms
 .time_critical.mutex_exit
                0x00000000200002cc       0x28 CMakeFiles/gps-clock.dir/home/pedrohcs8/pico/pico-sdk/src/common/pico_sync/mutex.c.obj
                0x00000000200002cc                mutex_exit
 .time_critical.recursive_mutex_exit
                0x00000000200002f4       0x44 CMakeFiles/gps-clock.dir/home/pedrohcs8/pico/pico-sdk/src/common/pico_sync/mutex.c.obj
                0x00000000200002f4                recursive_mutex_exit
 .time_critical.flash_init_boot2_copyout
                0x0000000020000338       0x30 CMakeFiles/gps-clock.dir/home/pedrohcs8/pico/pico-sdk/src/rp2_common/hardware_flash/flash.c.obj
 .time_critical.flash_enable_xip_via_boot2
                0x0000000020000368       0x10 CMakeFiles/gps-clock.dir/home/pedrohcs8/pico/pico-sdk/src/rp2_common/hardware_flash/flash.c.obj
 .time_critical.flash_cs_force
                0x0000000020000378       0x38 CMakeFiles/gps-clock.dir/home/pedrohcs8/pico/pico-sdk/src/rp2_common/hardware_flash/flash.c.obj
 .time_critical.flash_do_cmd
                0x00000000200003b0       0xc4 CMakeFiles/gps-clock.dir/home/pedrohcs8/pico/pico-sdk/src/rp2_common/hardware_flash/flash.c.obj
                0x00000000200003b0                flash_do_cmd
 .time_critical.reset_non_control_endpoints
                0x0000000020000474       0xbc CMakeFiles/gps-clock.dir/home/pedrohcs8/pico/pico-sdk/lib/tinyusb/src/portable/raspberrypi/rp2040/dcd_rp2040.c.obj
 .time_critical.hw_handle_buff_status
                0x0000000020000530       0xa8 CMakeFiles/gps-clock.dir/home/pedrohcs8/pico/pico-sdk/lib/tinyusb/src/portable/raspberrypi/rp2040/dcd_rp2040.c.obj
 .time_critical.dcd_rp2040_irq
                0x00000000200005d8      0x4d8 CMakeFiles/gps-clock.dir/home/pedrohcs8/pico/pico-sdk/lib/tinyusb/src/portable/raspberrypi/rp2040/dcd_rp2040.c.obj
 .time_critical.e15_is_bulkin_ep
                0x0000000020000ab0       0x28 CMakeFiles/gps-clock.dir/home/pedrohcs8/pico/pico-sdk/lib/tinyusb/src/portable/raspberrypi/rp2040/rp2040_usb.c.obj
 .time_critical.e15_is_critical_frame_period
                0x0000000020000ad8       0x34 CMakeFiles/gps-clock.dir/home/pedrohcs8/pico/pico-sdk/lib/tinyusb/src/portable/raspberrypi/rp2040/rp2040_usb.c.obj
 .time_critical.prepare_ep_buffer
                0x0000000020000b0c       0x70 CMakeFiles/gps-clock.dir/home/pedrohcs8/pico/pico-sdk/lib/tinyusb/src/portable/raspberrypi/rp2040/rp2040_usb.c.obj
 .time_critical.sync_ep_buffer
                0x0000000020000b7c       0x4c CMakeFiles/gps-clock.dir/home/pedrohcs8/pico/pico-sdk/lib/tinyusb/src/portable/raspberrypi/rp2040/rp2040_usb.c.obj
 .time_critical._hw_endpoint_xfer_sync
                0x0000000020000bc8       0x28 CMakeFiles/gps-clock.dir/home/pedrohcs8/pico/pico-sdk/lib/tinyusb/src/portable/raspberrypi/rp2040/rp2040_usb.c.obj
 .time_critical.hw_endpoint_reset_transfer
                0x0000000020000bf0        0xc CMakeFiles/gps-clock.dir/home/pedrohcs8/pico/pico-sdk/lib/tinyusb/src/portable/raspberrypi/rp2040/rp2040_usb.c.obj
                0x0000000020000bf0                hw_endpoint_reset_transfer
 .time_critical._hw_endpoint_buffer_control_update32
                0x0000000020000bfc       0x58 CMakeFiles/gps-clock.dir/home/pedrohcs8/pico/pico-sdk/lib/tinyusb/src/portable/raspberrypi/rp2040/rp2040_usb.c.obj
                0x0000000020000bfc                _hw_endpoint_buffer_control_update32
 .time_critical.hw_endpoint_start_next_buffer
                0x0000000020000c54       0x6c CMakeFiles/gps-clock.dir/home/pedrohcs8/pico/pico-sdk/lib/tinyusb/src/portable/raspberrypi/rp2040/rp2040_usb.c.obj
                0x0000000020000c54                hw_endpoint_start_next_buffer
 .time_critical.hw_endpoint_xfer_continue
                0x0000000020000cc0       0x50 CMakeFiles/gps-clock.dir/home/pedrohcs8/pico/pico-sdk/lib/tinyusb/src/portable/raspberrypi/rp2040/rp2040_usb.c.obj
                0x0000000020000cc0                hw_endpoint_xfer_continue
 .time_critical.tinyusb
                0x0000000020000d10      0x170 CMakeFiles/gps-clock.dir/home/pedrohcs8/pico/pico-sdk/lib/tinyusb/src/device/usbd.c.obj
                0x0000000020000d10                dcd_event_handler
 *(.text*)
 .text          0x0000000020000e80        0x4 /usr/lib/gcc/arm-none-eabi/10.3.1/thumb/v6-m/nofp/libgcc.a(_dvmd_tls.o)
                0x0000000020000e80                __aeabi_ldiv0
                0x0000000020000e80                __aeabi_idiv0
 .text          0x0000000020000e84       0xac /usr/lib/gcc/arm-none-eabi/10.3.1/../../../arm-none-eabi/lib/thumb/v6-m/nofp/libc.a(lib_a-memmove.o)
                0x0000000020000e84                memmove
 .text          0x0000000020000f30       0x74 /usr/lib/gcc/arm-none-eabi/10.3.1/../../../arm-none-eabi/lib/thumb/v6-m/nofp/libc.a(lib_a-memchr-stub.o)
                0x0000000020000f30                memchr
 *fill*         0x0000000020000fa4        0x4 
 .text.__stub   0x0000000020000fa8       0x70 linker stubs
                0x0000000020001018                . = ALIGN (0x4)
 *(.rodata*)
                0x0000000020001018                . = ALIGN (0x4)
 *(.data*)
 .data.digitsBottom
                0x0000000020001018       0x10 CMakeFiles/gps-clock.dir/displays.c.obj
                0x0000000020001018                digitsBottom
 .data.digitsTop
                0x0000000020001028       0x18 CMakeFiles/gps-clock.dir/displays.c.obj
                0x0000000020001028                digitsTop
 .data.numberTable
                0x0000000020001040        0xb CMakeFiles/gps-clock.dir/displays.c.obj
                0x0000000020001040                numberTable
 *fill*         0x000000002000104b        0x1 
 .data.register_clock_pin
                0x000000002000104c        0x8 CMakeFiles/gps-clock.dir/displays.c.obj
                0x000000002000104c                register_clock_pin
 .data.serial_pin
                0x0000000020001054        0x8 CMakeFiles/gps-clock.dir/displays.c.obj
                0x0000000020001054                serial_pin
 .data.shift_clock_pin
                0x000000002000105c        0x8 CMakeFiles/gps-clock.dir/displays.c.obj
                0x000000002000105c                shift_clock_pin
 .data.timezone
                0x0000000020001064        0x4 CMakeFiles/gps-clock.dir/displays.c.obj
                0x0000000020001064                timezone
 .data.striped_spin_lock_num
                0x0000000020001068        0x1 CMakeFiles/gps-clock.dir/home/pedrohcs8/pico/pico-sdk/src/rp2_common/hardware_sync/sync.c.obj
 *fill*         0x0000000020001069        0x3 
 .data          0x000000002000106c       0x48 CMakeFiles/gps-clock.dir/home/pedrohcs8/pico/pico-sdk/src/rp2_common/hardware_irq/irq_handler_chain.S.obj
                0x000000002000106c                irq_handler_chain_slots
                0x000000002000109c                irq_handler_chain_first_slot
                0x00000000200010a6                irq_handler_chain_remove_tail
 .data.default_alarm_pool
                0x00000000200010b4       0x18 CMakeFiles/gps-clock.dir/home/pedrohcs8/pico/pico-sdk/src/common/pico_time/time.c.obj
 .data.default_alarm_pool_heap
                0x00000000200010cc       0x10 CMakeFiles/gps-clock.dir/home/pedrohcs8/pico/pico-sdk/src/common/pico_time/time.c.obj
 *fill*         0x00000000200010dc        0x4 
 .data.aeabi_bits_funcs
                0x00000000200010e0       0x10 CMakeFiles/gps-clock.dir/home/pedrohcs8/pico/pico-sdk/src/rp2_common/pico_bit_ops/bit_ops_aeabi.S.obj
                0x00000000200010e0                aeabi_bits_funcs
                0x00000000200010f0                aeabi_bits_funcs_end
 .data.aeabi_mem_funcs
                0x00000000200010f0       0x10 CMakeFiles/gps-clock.dir/home/pedrohcs8/pico/pico-sdk/src/rp2_common/pico_mem_ops/mem_ops_aeabi.S.obj
                0x00000000200010f0                aeabi_mem_funcs
                0x0000000020001100                aeabi_mem_funcs_end
 .data.stdio_usb
                0x0000000020001100       0x18 CMakeFiles/gps-clock.dir/home/pedrohcs8/pico/pico-sdk/src/rp2_common/pico_stdio_usb/stdio_usb.c.obj
                0x0000000020001100                stdio_usb
 .data.ep_dir_string
                0x0000000020001118        0x8 CMakeFiles/gps-clock.dir/home/pedrohcs8/pico/pico-sdk/lib/tinyusb/src/portable/raspberrypi/rp2040/rp2040_usb.c.obj
                0x0000000020001118                ep_dir_string
 .data._usbd_qdef
                0x0000000020001120       0x1c CMakeFiles/gps-clock.dir/home/pedrohcs8/pico/pico-sdk/lib/tinyusb/src/device/usbd.c.obj
                0x0000000020001120                _usbd_qdef
 .data._usbd_rhport
                0x000000002000113c        0x1 CMakeFiles/gps-clock.dir/home/pedrohcs8/pico/pico-sdk/lib/tinyusb/src/device/usbd.c.obj
 *fill*         0x000000002000113d        0x3 
 .data          0x0000000020001140      0x430 /usr/lib/gcc/arm-none-eabi/10.3.1/../../../arm-none-eabi/lib/thumb/v6-m/nofp/libc.a(lib_a-impure.o)
                0x0000000020001140                _impure_ptr
 .data          0x0000000020001570      0x410 /usr/lib/gcc/arm-none-eabi/10.3.1/../../../arm-none-eabi/lib/thumb/v6-m/nofp/libc.a(lib_a-mallocr.o)
                0x0000000020001570                __malloc_sbrk_base
                0x0000000020001574                __malloc_trim_threshold
                0x0000000020001578                __malloc_av_
 .data          0x0000000020001980        0x8 /usr/lib/gcc/arm-none-eabi/10.3.1/../../../arm-none-eabi/lib/thumb/v6-m/nofp/libc.a(lib_a-tzvars.o)
                0x0000000020001980                _tzname
 .data          0x0000000020001988       0x58 /usr/lib/gcc/arm-none-eabi/10.3.1/../../../arm-none-eabi/lib/thumb/v6-m/nofp/libc.a(lib_a-gettzinfo.o)
 .data          0x00000000200019e0        0x4 /usr/lib/gcc/arm-none-eabi/10.3.1/../../../arm-none-eabi/lib/thumb/v6-m/nofp/libc.a(lib_a-environ.o)
                0x00000000200019e0                environ
 .data          0x00000000200019e4      0x16c /usr/lib/gcc/arm-none-eabi/10.3.1/../../../arm-none-eabi/lib/thumb/v6-m/nofp/libc.a(lib_a-locale.o)
                0x00000000200019e4                __global_locale
                0x0000000020001b50                . = ALIGN (0x4)
 *(.after_data.*)
                0x0000000020001b50                . = ALIGN (0x4)
                0x0000000020001b50                PROVIDE (__mutex_array_start = .)
 *(SORT_BY_NAME(.mutex_array.*))
 *(.mutex_array)
 .mutex_array   0x0000000020001b50        0x8 CMakeFiles/gps-clock.dir/main.c.obj
 .mutex_array   0x0000000020001b58        0x8 CMakeFiles/gps-clock.dir/home/pedrohcs8/pico/pico-sdk/src/rp2_common/pico_malloc/pico_malloc.c.obj
 .mutex_array   0x0000000020001b60        0x8 CMakeFiles/gps-clock.dir/home/pedrohcs8/pico/pico-sdk/src/rp2_common/pico_stdio/stdio.c.obj
                0x0000000020001b68                PROVIDE (__mutex_array_end = .)
                0x0000000020001b68                . = ALIGN (0x4)
                0x0000000020001b68                PROVIDE (__preinit_array_start = .)
 *(SORT_BY_NAME(.preinit_array.*))
 .preinit_array.00001
                0x0000000020001b68        0x4 CMakeFiles/gps-clock.dir/home/pedrohcs8/pico/pico-sdk/src/rp2_common/pico_mem_ops/mem_ops_aeabi.S.obj
 .preinit_array.00010
                0x0000000020001b6c        0x4 CMakeFiles/gps-clock.dir/home/pedrohcs8/pico/pico-sdk/src/rp2_common/pico_bit_ops/bit_ops_aeabi.S.obj
 .preinit_array.00020
                0x0000000020001b70        0x4 CMakeFiles/gps-clock.dir/home/pedrohcs8/pico/pico-sdk/src/rp2_common/pico_double/double_aeabi.S.obj
 .preinit_array.00020
                0x0000000020001b74        0x4 CMakeFiles/gps-clock.dir/home/pedrohcs8/pico/pico-sdk/src/rp2_common/pico_float/float_aeabi.S.obj
 *(.preinit_array)
                0x0000000020001b78                PROVIDE (__preinit_array_end = .)
                0x0000000020001b78                . = ALIGN (0x4)
                0x0000000020001b78                PROVIDE (__init_array_start = .)
 *(SORT_BY_NAME(.init_array.*))
 *(.init_array)
 .init_array    0x0000000020001b78        0x4 /usr/lib/gcc/arm-none-eabi/10.3.1/thumb/v6-m/nofp/crtbegin.o
 .init_array    0x0000000020001b7c        0x4 CMakeFiles/gps-clock.dir/home/pedrohcs8/pico/pico-sdk/src/rp2_common/pico_unique_id/unique_id.c.obj
                0x0000000020001b80                PROVIDE (__init_array_end = .)
                0x0000000020001b80                . = ALIGN (0x4)
                0x0000000020001b80                PROVIDE (__fini_array_start = .)
 *(SORT_BY_NAME(.fini_array.*))
 *(.fini_array)
                0x0000000020001b80                PROVIDE (__fini_array_end = .)
 *(.jcr)
                0x0000000020001b80                . = ALIGN (0x4)
                0x0000000020001b80                __data_end__ = .
                0x000000001000bce0                __etext = LOADADDR (.data)

.tm_clone_table
                0x0000000020001b80        0x0 load address 0x000000001000d7a0
 .tm_clone_table
                0x0000000020001b80        0x0 /usr/lib/gcc/arm-none-eabi/10.3.1/thumb/v6-m/nofp/crtbegin.o
 .tm_clone_table
                0x0000000020001b80        0x0 /usr/lib/gcc/arm-none-eabi/10.3.1/thumb/v6-m/nofp/crtend.o

.igot.plt       0x0000000020001b80        0x0 load address 0x000000001000d7a0
 .igot.plt      0x0000000020001b80        0x0 /usr/lib/gcc/arm-none-eabi/10.3.1/thumb/v6-m/nofp/crtbegin.o

.uninitialized_data
                0x0000000020001b80        0x0 load address 0x000000001000d7a0
                0x0000000020001b80                . = ALIGN (0x4)
 *(.uninitialized_data*)

.scratch_x      0x0000000020040000        0x0 load address 0x000000001000d7a0
                0x0000000020040000                __scratch_x_start__ = .
 *(.scratch_x.*)
                0x0000000020040000                . = ALIGN (0x4)
                0x0000000020040000                __scratch_x_end__ = .
                0x000000001000d7a0                __scratch_x_source__ = LOADADDR (.scratch_x)

.scratch_y      0x0000000020041000        0x0 load address 0x000000001000d7a0
                0x0000000020041000                __scratch_y_start__ = .
 *(.scratch_y.*)
                0x0000000020041000                . = ALIGN (0x4)
                0x0000000020041000                __scratch_y_end__ = .
                0x000000001000d7a0                __scratch_y_source__ = LOADADDR (.scratch_y)

.bss            0x0000000020001b80      0xecc
                0x0000000020001b80                . = ALIGN (0x4)
                0x0000000020001b80                __bss_start__ = .
 *(SORT_BY_ALIGNMENT(SORT_BY_NAME(.bss*)))
 .bss.default_alarm_pool_entries
                0x0000000020001b80      0x100 CMakeFiles/gps-clock.dir/home/pedrohcs8/pico/pico-sdk/src/common/pico_time/time.c.obj
 .bss.last_avail_time.1
                0x0000000020001c80        0x8 CMakeFiles/gps-clock.dir/home/pedrohcs8/pico/pico-sdk/src/rp2_common/pico_stdio_usb/stdio_usb.c.obj
 .bss.sd_table  0x0000000020001c88      0x100 CMakeFiles/gps-clock.dir/home/pedrohcs8/pico/pico-sdk/src/rp2_common/pico_double/double_init_rom.c.obj
                0x0000000020001c88                sd_table
 .bss.sf_table  0x0000000020001d88      0x100 CMakeFiles/gps-clock.dir/home/pedrohcs8/pico/pico-sdk/src/rp2_common/pico_float/float_init_rom.c.obj
                0x0000000020001d88                sf_table
 .bss           0x0000000020001e88       0x1c /usr/lib/gcc/arm-none-eabi/10.3.1/thumb/v6-m/nofp/crtbegin.o
 .bss           0x0000000020001ea4       0x34 /usr/lib/gcc/arm-none-eabi/10.3.1/../../../arm-none-eabi/lib/thumb/v6-m/nofp/libc.a(lib_a-mallocr.o)
                0x0000000020001ea4                __malloc_top_pad
                0x0000000020001ea8                __malloc_current_mallinfo
                0x0000000020001ed0                __malloc_max_sbrked_mem
                0x0000000020001ed4                __malloc_max_total_mem
 .bss           0x0000000020001ed8       0x1b /usr/lib/gcc/arm-none-eabi/10.3.1/../../../arm-none-eabi/lib/thumb/v6-m/nofp/libc.a(lib_a-tzset_r.o)
 *fill*         0x0000000020001ef3        0x1 
 .bss           0x0000000020001ef4        0x8 /usr/lib/gcc/arm-none-eabi/10.3.1/../../../arm-none-eabi/lib/thumb/v6-m/nofp/libc.a(lib_a-tzvars.o)
                0x0000000020001ef4                _timezone
                0x0000000020001ef8                _daylight
 .bss           0x0000000020001efc        0x4 /usr/lib/gcc/arm-none-eabi/10.3.1/../../../arm-none-eabi/lib/thumb/v6-m/nofp/libc.a(lib_a-reent.o)
                0x0000000020001efc                errno
 .bss           0x0000000020001f00        0x4 /usr/lib/gcc/arm-none-eabi/10.3.1/../../../arm-none-eabi/lib/thumb/v6-m/nofp/libc.a(lib_a-environ.o)
 .bss._app_driver
                0x0000000020001f04        0x4 CMakeFiles/gps-clock.dir/home/pedrohcs8/pico/pico-sdk/lib/tinyusb/src/device/usbd.c.obj
 .bss._cdcd_itf
                0x0000000020001f08      0x2c8 CMakeFiles/gps-clock.dir/home/pedrohcs8/pico/pico-sdk/lib/tinyusb/src/class/cdc/cdc_device.c.obj
 .bss._ctrl_xfer
                0x00000000200021d0       0x14 CMakeFiles/gps-clock.dir/home/pedrohcs8/pico/pico-sdk/lib/tinyusb/src/device/usbd_control.c.obj
 .bss._ubsd_mutexdef
                0x00000000200021e4        0x8 CMakeFiles/gps-clock.dir/home/pedrohcs8/pico/pico-sdk/lib/tinyusb/src/device/usbd.c.obj
 .bss._usbd_ctrl_buf
                0x00000000200021ec       0x40 CMakeFiles/gps-clock.dir/home/pedrohcs8/pico/pico-sdk/lib/tinyusb/src/device/usbd_control.c.obj
 .bss._usbd_dev
                0x000000002000222c       0x53 CMakeFiles/gps-clock.dir/home/pedrohcs8/pico/pico-sdk/lib/tinyusb/src/device/usbd.c.obj
 *fill*         0x000000002000227f        0x1 
 .bss._usbd_mutex
                0x0000000020002280        0x4 CMakeFiles/gps-clock.dir/home/pedrohcs8/pico/pico-sdk/lib/tinyusb/src/device/usbd.c.obj
 .bss._usbd_q   0x0000000020002284        0x4 CMakeFiles/gps-clock.dir/home/pedrohcs8/pico/pico-sdk/lib/tinyusb/src/device/usbd.c.obj
 .bss._usbd_qdef_buf
                0x0000000020002288       0xc0 CMakeFiles/gps-clock.dir/home/pedrohcs8/pico/pico-sdk/lib/tinyusb/src/device/usbd.c.obj
                0x0000000020002288                _usbd_qdef_buf
 .bss.alarm_callbacks
                0x0000000020002348       0x10 CMakeFiles/gps-clock.dir/home/pedrohcs8/pico/pico-sdk/src/rp2_common/hardware_timer/timer.c.obj
 .bss.boot2_copyout
                0x0000000020002358      0x100 CMakeFiles/gps-clock.dir/home/pedrohcs8/pico/pico-sdk/src/rp2_common/hardware_flash/flash.c.obj
 .bss.chars_available_callback
                0x0000000020002458        0x4 CMakeFiles/gps-clock.dir/home/pedrohcs8/pico/pico-sdk/src/rp2_common/pico_stdio_usb/stdio_usb.c.obj
 .bss.chars_available_param
                0x000000002000245c        0x4 CMakeFiles/gps-clock.dir/home/pedrohcs8/pico/pico-sdk/src/rp2_common/pico_stdio_usb/stdio_usb.c.obj
 .bss.claimed   0x0000000020002460        0x4 CMakeFiles/gps-clock.dir/home/pedrohcs8/pico/pico-sdk/src/rp2_common/hardware_sync/sync.c.obj
 .bss.configured_freq
                0x0000000020002464       0x28 CMakeFiles/gps-clock.dir/home/pedrohcs8/pico/pico-sdk/src/rp2_common/hardware_clocks/clocks.c.obj
 .bss.dateString
                0x000000002000248c        0x5 CMakeFiles/gps-clock.dir/displays.c.obj
                0x000000002000248c                dateString
 *fill*         0x0000000020002491        0x3 
 .bss.default_alarm_pool_entry_ids_high
                0x0000000020002494       0x10 CMakeFiles/gps-clock.dir/home/pedrohcs8/pico/pico-sdk/src/common/pico_time/time.c.obj
 .bss.default_alarm_pool_heap_nodes
                0x00000000200024a4       0x30 CMakeFiles/gps-clock.dir/home/pedrohcs8/pico/pico-sdk/src/common/pico_time/time.c.obj
 .bss.desc_str.0
                0x00000000200024d4       0x28 CMakeFiles/gps-clock.dir/home/pedrohcs8/pico/pico-sdk/src/rp2_common/pico_stdio_usb/stdio_usb_descriptors.c.obj
 .bss.drivers   0x00000000200024fc        0x4 CMakeFiles/gps-clock.dir/home/pedrohcs8/pico/pico-sdk/src/rp2_common/pico_stdio/stdio.c.obj
 .bss.e15_last_sof
                0x0000000020002500        0x4 CMakeFiles/gps-clock.dir/home/pedrohcs8/pico/pico-sdk/lib/tinyusb/src/portable/raspberrypi/rp2040/rp2040_usb.c.obj
                0x0000000020002500                e15_last_sof
 .bss.filter    0x0000000020002504        0x4 CMakeFiles/gps-clock.dir/home/pedrohcs8/pico/pico-sdk/src/rp2_common/pico_stdio/stdio.c.obj
 .bss.heap_end.0
                0x0000000020002508        0x4 CMakeFiles/gps-clock.dir/home/pedrohcs8/pico/pico-sdk/src/rp2_common/pico_runtime/runtime.c.obj
 .bss.hw_endpoints
                0x000000002000250c      0x400 CMakeFiles/gps-clock.dir/home/pedrohcs8/pico/pico-sdk/lib/tinyusb/src/portable/raspberrypi/rp2040/dcd_rp2040.c.obj
 .bss.latestRMC
                0x000000002000290c       0x64 CMakeFiles/gps-clock.dir/main.c.obj
                0x000000002000290c                latestRMC
 .bss.lazy_vsnprintf
                0x0000000020002970        0x4 CMakeFiles/gps-clock.dir/home/pedrohcs8/pico/pico-sdk/src/rp2_common/pico_printf/printf.c.obj
 .bss.load_value
                0x0000000020002974        0x4 CMakeFiles/gps-clock.dir/home/pedrohcs8/pico/pico-sdk/src/rp2_common/hardware_watchdog/watchdog.c.obj