Archive member included to satisfy reference by file (symbol)

/usr/lib/gcc/arm-none-eabi/10.3.1/thumb/v6-m/nofp/libgcc.a(_dvmd_tls.o)
                              CMakeFiles/gps-clock.dir/home/pedrohcs8/pico/pico-sdk/src/rp2_common/pico_divider/divider.S.obj (__aeabi_idiv0)
/usr/lib/gcc/arm-none-eabi/10.3.1/../../../arm-none-eabi/lib/thumb/v6-m/nofp/libc.a(lib_a-atexit.o)
                              /usr/lib/gcc/arm-none-eabi/10.3.1/../../../arm-none-eabi/lib/thumb/v6-m/nofp/crt0.o (atexit)
/usr/lib/gcc/arm-none-eabi/10.3.1/../../../arm-none-eabi/lib/thumb/v6-m/nofp/libc.a(lib_a-atoi.o)
                              CMakeFiles/gps-clock.dir/displays.c.obj (atoi)
/usr/lib/gcc/arm-none-eabi/10.3.1/../../../arm-none-eabi/lib/thumb/v6-m/nofp/libc.a(lib_a-calloc.o)
                              CMakeFiles/gps-clock.dir/home/pedrohcs8/pico/pico-sdk/src/rp2_common/pico_malloc/pico_malloc.c.obj (calloc)
/usr/lib/gcc/arm-none-eabi/10.3.1/../../../arm-none-eabi/lib/thumb/v6-m/nofp/libc.a(lib_a-callocr.o)
                              /usr/lib/gcc/arm-none-eabi/10.3.1/../../../arm-none-eabi/lib/thumb/v6-m/nofp/libc.a(lib_a-calloc.o) (_calloc_r)
/usr/lib/gcc/arm-none-eabi/10.3.1/../../../arm-none-eabi/lib/thumb/v6-m/nofp/libc.a(lib_a-fini.o)
                              /usr/lib/gcc/arm-none-eabi/10.3.1/../../../arm-none-eabi/lib/thumb/v6-m/nofp/crt0.o (__libc_fini_array)
/usr/lib/gcc/arm-none-eabi/10.3.1/../../../arm-none-eabi/lib/thumb/v6-m/nofp/libc.a(lib_a-impure.o)
                              /usr/lib/gcc/arm-none-eabi/10.3.1/../../../arm-none-eabi/lib/thumb/v6-m/nofp/libc.a(lib_a-calloc.o) (_impure_ptr)
/usr/lib/gcc/arm-none-eabi/10.3.1/../../../arm-none-eabi/lib/thumb/v6-m/nofp/libc.a(lib_a-init.o)
                              /usr/lib/gcc/arm-none-eabi/10.3.1/../../../arm-none-eabi/lib/thumb/v6-m/nofp/crt0.o (__libc_init_array)
/usr/lib/gcc/arm-none-eabi/10.3.1/../../../arm-none-eabi/lib/thumb/v6-m/nofp/libc.a(lib_a-lcltime.o)
                              CMakeFiles/gps-clock.dir/displays.c.obj (localtime)
/usr/lib/gcc/arm-none-eabi/10.3.1/../../../arm-none-eabi/lib/thumb/v6-m/nofp/libc.a(lib_a-lcltime_r.o)
                              /usr/lib/gcc/arm-none-eabi/10.3.1/../../../arm-none-eabi/lib/thumb/v6-m/nofp/libc.a(lib_a-lcltime.o) (localtime_r)
/usr/lib/gcc/arm-none-eabi/10.3.1/../../../arm-none-eabi/lib/thumb/v6-m/nofp/libc.a(lib_a-malloc.o)
                              CMakeFiles/gps-clock.dir/home/pedrohcs8/pico/pico-sdk/src/rp2_common/pico_malloc/pico_malloc.c.obj (malloc)
/usr/lib/gcc/arm-none-eabi/10.3.1/../../../arm-none-eabi/lib/thumb/v6-m/nofp/libc.a(lib_a-mallocr.o)
                              /usr/lib/gcc/arm-none-eabi/10.3.1/../../../arm-none-eabi/lib/thumb/v6-m/nofp/libc.a(lib_a-callocr.o) (_malloc_r)
/usr/lib/gcc/arm-none-eabi/10.3.1/../../../arm-none-eabi/lib/thumb/v6-m/nofp/libc.a(lib_a-mktime.o)
                              CMakeFiles/gps-clock.dir/displays.c.obj (mktime)
/usr/lib/gcc/arm-none-eabi/10.3.1/../../../arm-none-eabi/lib/thumb/v6-m/nofp/libc.a(lib_a-mlock.o)
                              /usr/lib/gcc/arm-none-eabi/10.3.1/../../../arm-none-eabi/lib/thumb/v6-m/nofp/libc.a(lib_a-mallocr.o) (__malloc_lock)
/usr/lib/gcc/arm-none-eabi/10.3.1/../../../arm-none-eabi/lib/thumb/v6-m/nofp/libc.a(lib_a-month_lengths.o)
                              /usr/lib/gcc/arm-none-eabi/10.3.1/../../../arm-none-eabi/lib/thumb/v6-m/nofp/libc.a(lib_a-lcltime_r.o) (__month_lengths)
/usr/lib/gcc/arm-none-eabi/10.3.1/../../../arm-none-eabi/lib/thumb/v6-m/nofp/libc.a(lib_a-realloc.o)
                              CMakeFiles/gps-clock.dir/home/pedrohcs8/pico/pico-sdk/src/rp2_common/pico_malloc/pico_malloc.c.obj (realloc)
/usr/lib/gcc/arm-none-eabi/10.3.1/../../../arm-none-eabi/lib/thumb/v6-m/nofp/libc.a(lib_a-reallocr.o)
                              /usr/lib/gcc/arm-none-eabi/10.3.1/../../../arm-none-eabi/lib/thumb/v6-m/nofp/libc.a(lib_a-realloc.o) (_realloc_r)
/usr/lib/gcc/arm-none-eabi/10.3.1/../../../arm-none-eabi/lib/thumb/v6-m/nofp/libc.a(lib_a-sbrkr.o)
                              /usr/lib/gcc/arm-none-eabi/10.3.1/../../../arm-none-eabi/lib/thumb/v6-m/nofp/libc.a(lib_a-mallocr.o) (_sbrk_r)
/usr/lib/gcc/arm-none-eabi/10.3.1/../../../arm-none-eabi/lib/thumb/v6-m/nofp/libc.a(lib_a-stpcpy.o)
                              CMakeFiles/gps-clock.dir/main.c.obj (stpcpy)
/usr/lib/gcc/arm-none-eabi/10.3.1/../../../arm-none-eabi/lib/thumb/v6-m/nofp/libc.a(lib_a-strcpy.o)
                              CMakeFiles/gps-clock.dir/main.c.obj (strcpy)
/usr/lib/gcc/arm-none-eabi/10.3.1/../../../arm-none-eabi/lib/thumb/v6-m/nofp/libc.a(lib_a-strftime.o)
                              CMakeFiles/gps-clock.dir/displays.c.obj (strftime)
/usr/lib/gcc/arm-none-eabi/10.3.1/../../../arm-none-eabi/lib/thumb/v6-m/nofp/libc.a(lib_a-strlen-stub.o)
                              CMakeFiles/gps-clock.dir/home/pedrohcs8/pico/pico-sdk/src/rp2_common/pico_stdio/stdio.c.obj (strlen)
[...]
Memory Configuration

Name             Origin             Length             Attributes
FLASH            0x0000000010000000 0x0000000000200000 xr
RAM              0x0000000020000000 0x0000000000040000 xrw
SCRATCH_X        0x0000000020040000 0x0000000000001000 xrw
SCRATCH_Y        0x0000000020041000 0x0000000000001000 xrw
*default*        0x0000000000000000 0xffffffffffffffff

Linker script and memory map

LOAD /usr/lib/gcc/arm-none-eabi/10.3.1/thumb/v6-m/nofp/crti.o
LOAD /usr/lib/gcc/arm-none-eabi/10.3.1/thumb/v6-m/nofp/crtbegin.o
LOAD /usr/lib/gcc/arm-none-eabi/10.3.1/../../../arm-none-eabi/lib/thumb/v6-m/nofp/crt0.o

.flash_begin    0x0000000010000000        0x0
                0x0000000010000000                __flash_binary_start = .

.boot2          0x0000000010000000      0x100
                0x0000000010000000                __boot2_start__ = .
 *(.boot2)
 .boot2         0x0000000010000000      0x100 /tmp/ccU5ZZYi.o
                0x0000000010000100                __boot2_end__ = .
                0x0000000000000001                ASSERT (((__boot2_end__ - __boot2_start__) == 0x100), ERROR: Pico second stage bootloader must be 256 bytes in size)

.text           0x0000000010000100     0xd0b8
                0x0000000010000100                __logical_binary_start = .
 *(.vectors)
 .vectors       0x0000000010000100       0xd4 CMakeFiles/gps-clock.dir/home/pedrohcs8/pico/pico-sdk/src/rp2_common/pico_standard_link/crt0.S.obj
                0x0000000010000100                __vectors
                0x0000000010000100                __VECTOR_TABLE
                0x00000000100001c0                isr_invalid
                0x00000000100001c0                __default_isrs_start
                0x00000000100001c2                isr_nmi
                0x00000000100001c4                isr_hardfault
                0x00000000100001c6                isr_svcall
                0x00000000100001c8                isr_pendsv
                0x00000000100001ca                isr_systick
                0x00000000100001cc                isr_irq30
                0x00000000100001cc                __unhandled_user_irq
                0x00000000100001cc                isr_irq13
                0x00000000100001cc                isr_irq27
                0x00000000100001cc                isr_irq31
                0x00000000100001cc                isr_irq5
                0x00000000100001cc                isr_irq11
                0x00000000100001cc                isr_irq23
                0x00000000100001cc                isr_irq18
                0x00000000100001cc                isr_irq28
                0x00000000100001cc                isr_irq19
                0x00000000100001cc                isr_irq0
                0x00000000100001cc                isr_irq6
                0x00000000100001cc                isr_irq22
                0x00000000100001cc                isr_irq17
                0x00000000100001cc                isr_irq14
                0x00000000100001cc                isr_irq2
                0x00000000100001cc                isr_irq10
                0x00000000100001cc                isr_irq8
                0x00000000100001cc                isr_irq24
                0x00000000100001cc                isr_irq1
                0x00000000100001cc                isr_irq7
                0x00000000100001cc                isr_irq21
                0x00000000100001cc                isr_irq20
                0x00000000100001cc                isr_irq15
                0x00000000100001cc                isr_irq25
                0x00000000100001cc                isr_irq4
                0x00000000100001cc                isr_irq16
                0x00000000100001cc                isr_irq29
                0x00000000100001cc                isr_irq26
                0x00000000100001cc                __default_isrs_end
                0x00000000100001cc                isr_irq3
                0x00000000100001cc                isr_irq12
                0x00000000100001cc                isr_irq9
                0x00000000100001d2                unhandled_user_irq_num_in_r0
 *(.binary_info_header)
 .binary_info_header
                0x00000000100001d4       0x14 CMakeFiles/gps-clock.dir/home/pedrohcs8/pico/pico-sdk/src/rp2_common/pico_standard_link/crt0.S.obj
                0x00000000100001e8                __binary_info_header_end = .
 *(.reset)
 .reset         0x00000000100001e8       0xa0 CMakeFiles/gps-clock.dir/home/pedrohcs8/pico/pico-sdk/src/rp2_common/pico_standard_link/crt0.S.obj
                0x00000000100001e8                _entry_point
 .reset         0x0000000010000288       0x30 CMakeFiles/gps-clock.dir/home/pedrohcs8/pico/pico-sdk/src/rp2_common/pico_standard_link/binary_info.c.obj
 *(.init)
 .init          0x00000000100002b8        0x4 /usr/lib/gcc/arm-none-eabi/10.3.1/thumb/v6-m/nofp/crti.o
                0x00000000100002b8                _init
 *(EXCLUDE_FILE(*libm.a: *libc.a:*lib_a-mem*.o *libgcc.a:) .text*)
 .text          0x00000000100002bc       0x98 /usr/lib/gcc/arm-none-eabi/10.3.1/thumb/v6-m/nofp/crtbegin.o
 .text.startup.main
                0x0000000010000354      0x134 CMakeFiles/gps-clock.dir/main.c.obj
                0x0000000010000354                main
 .text.runTopLoop
                0x0000000010000488       0xb4 CMakeFiles/gps-clock.dir/displays.c.obj
                0x0000000010000488                runTopLoop
 .text.runBottomLoop
                0x000000001000053c      0x2f0 CMakeFiles/gps-clock.dir/displays.c.obj
                0x000000001000053c                runBottomLoop
 .text.setTime  0x000000001000082c       0xe8 CMakeFiles/gps-clock.dir/displays.c.obj
                0x000000001000082c                setTime
 .text.initDisplay
                0x0000000010000914      0x128 CMakeFiles/gps-clock.dir/displays.c.obj
                0x0000000010000914                initDisplay
 .text.gpio_set_function
                0x0000000010000a3c       0x30 CMakeFiles/gps-clock.dir/home/pedrohcs8/pico/pico-sdk/src/rp2_common/hardware_gpio/gpio.c.obj
                0x0000000010000a3c                gpio_set_function
 .text.gpio_init
                0x0000000010000a6c       0x3c CMakeFiles/gps-clock.dir/home/pedrohcs8/pico/pico-sdk/src/rp2_common/hardware_gpio/gpio.c.obj
                0x0000000010000a6c                gpio_init
 .text.running_on_fpga
                0x0000000010000aa8       0x10 CMakeFiles/gps-clock.dir/home/pedrohcs8/pico/pico-sdk/src/rp2_common/pico_platform/platform.c.obj
                0x0000000010000aa8                running_on_fpga
 .text.hw_claim_lock
                0x0000000010000ab8       0x18 CMakeFiles/gps-clock.dir/home/pedrohcs8/pico/pico-sdk/src/rp2_common/hardware_claim/claim.c.obj
                0x0000000010000ab8                hw_claim_lock
 .text.hw_claim_unlock
                0x0000000010000ad0       0x14 CMakeFiles/gps-clock.dir/home/pedrohcs8/pico/pico-sdk/src/rp2_common/hardware_claim/claim.c.obj
                0x0000000010000ad0                hw_claim_unlock
 .text.hw_claim_or_assert
                0x0000000010000ae4       0x44 CMakeFiles/gps-clock.dir/home/pedrohcs8/pico/pico-sdk/src/rp2_common/hardware_claim/claim.c.obj
                0x0000000010000ae4                hw_claim_or_assert
 .text.hw_claim_unused_from_range
                0x0000000010000b28       0x9c CMakeFiles/gps-clock.dir/home/pedrohcs8/pico/pico-sdk/src/rp2_common/hardware_claim/claim.c.obj
                0x0000000010000b28                hw_claim_unused_from_range
 .text.spin_locks_reset
                0x0000000010000bc4       0x1c CMakeFiles/gps-clock.dir/home/pedrohcs8/pico/pico-sdk/src/rp2_common/hardware_sync/sync.c.obj
                0x0000000010000bc4                spin_locks_reset
 .text.next_striped_spin_lock_num
                0x0000000010000be0       0x18 CMakeFiles/gps-clock.dir/home/pedrohcs8/pico/pico-sdk/src/rp2_common/hardware_sync/sync.c.obj
                0x0000000010000be0                next_striped_spin_lock_num
 .text.spin_lock_claim_unused
                0x0000000010000bf8       0x20 CMakeFiles/gps-clock.dir/home/pedrohcs8/pico/pico-sdk/src/rp2_common/hardware_sync/sync.c.obj
                0x0000000010000bf8                spin_lock_claim_unused
 .text.irq_set_enabled
                0x0000000010000c18       0x24 CMakeFiles/gps-clock.dir/home/pedrohcs8/pico/pico-sdk/src/rp2_common/hardware_irq/irq.c.obj
                0x0000000010000c18                irq_set_enabled
 .text.irq_set_pending
                0x0000000010000c3c       0x10 CMakeFiles/gps-clock.dir/home/pedrohcs8/pico/pico-sdk/src/rp2_common/hardware_irq/irq.c.obj
                0x0000000010000c3c                irq_set_pending
 .text.irq_has_shared_handler
                0x0000000010000c4c       0x2c CMakeFiles/gps-clock.dir/home/pedrohcs8/pico/pico-sdk/src/rp2_common/hardware_irq/irq.c.obj
                0x0000000010000c4c                irq_has_shared_handler
 .text.irq_get_vtable_handler
                0x0000000010000c78       0x10 CMakeFiles/gps-clock.dir/home/pedrohcs8/pico/pico-sdk/src/rp2_common/hardware_irq/irq.c.obj
                0x0000000010000c78                irq_get_vtable_handler
 .text.irq_set_exclusive_handler
                0x0000000010000c88       0x54 CMakeFiles/gps-clock.dir/home/pedrohcs8/pico/pico-sdk/src/rp2_common/hardware_irq/irq.c.obj
                0x0000000010000c88                irq_set_exclusive_handler
 .text.irq_add_shared_handler
                0x0000000010000cdc      0x1e8 CMakeFiles/gps-clock.dir/home/pedrohcs8/pico/pico-sdk/src/rp2_common/hardware_irq/irq.c.obj
                0x0000000010000cdc                irq_add_shared_handler
 .text.irq_remove_handler
                0x0000000010000ec4      0x1b0 CMakeFiles/gps-clock.dir/home/pedrohcs8/pico/pico-sdk/src/rp2_common/hardware_irq/irq.c.obj
                0x0000000010000ec4                irq_remove_handler
 .text.irq_add_tail_to_free_list
                0x0000000010001074       0xb4 CMakeFiles/gps-clock.dir/home/pedrohcs8/pico/pico-sdk/src/rp2_common/hardware_irq/irq.c.obj
                0x0000000010001074                irq_add_tail_to_free_list
 .text.irq_init_priorities
                0x0000000010001128       0x24 CMakeFiles/gps-clock.dir/home/pedrohcs8/pico/pico-sdk/src/rp2_common/hardware_irq/irq.c.obj
                0x0000000010001128                irq_init_priorities
 .text.user_irq_claim_unused
                0x000000001000114c       0x28 CMakeFiles/gps-clock.dir/home/pedrohcs8/pico/pico-sdk/src/rp2_common/hardware_irq/irq.c.obj
                0x000000001000114c                user_irq_claim_unused
 .text.lock_init
                0x0000000010001174       0x10 CMakeFiles/gps-clock.dir/home/pedrohcs8/pico/pico-sdk/src/common/pico_sync/lock_core.c.obj
                0x0000000010001174                lock_init
 .text.mutex_init
                0x0000000010001184       0x1c CMakeFiles/gps-clock.dir/home/pedrohcs8/pico/pico-sdk/src/common/pico_sync/mutex.c.obj
                0x0000000010001184                mutex_init
 .text.recursive_mutex_init
                0x00000000100011a0       0x1c CMakeFiles/gps-clock.dir/home/pedrohcs8/pico/pico-sdk/src/common/pico_sync/mutex.c.obj
                0x00000000100011a0                recursive_mutex_init
 .text.critical_section_init
                0x00000000100011bc       0x20 CMakeFiles/gps-clock.dir/home/pedrohcs8/pico/pico-sdk/src/common/pico_sync/critical_section.c.obj
                0x00000000100011bc                critical_section_init
 .text.critical_section_init_with_lock_num
                0x00000000100011dc       0x14 CMakeFiles/gps-clock.dir/home/pedrohcs8/pico/pico-sdk/src/common/pico_sync/critical_section.c.obj
                0x00000000100011dc                critical_section_init_with_lock_num
 .text.timer_pool_entry_comparator
                0x00000000100011f0       0x34 CMakeFiles/gps-clock.dir/home/pedrohcs8/pico/pico-sdk/src/common/pico_time/time.c.obj
                0x00000000100011f0                timer_pool_entry_comparator
 .text.repeating_timer_callback
                0x0000000010001224       0x1c CMakeFiles/gps-clock.dir/home/pedrohcs8/pico/pico-sdk/src/common/pico_time/time.c.obj
 .text.sleep_until_callback
                0x0000000010001240       0x30 CMakeFiles/gps-clock.dir/home/pedrohcs8/pico/pico-sdk/src/common/pico_time/time.c.obj
 .text.add_alarm_under_lock.isra.0
                0x0000000010001270      0x100 CMakeFiles/gps-clock.dir/home/pedrohcs8/pico/pico-sdk/src/common/pico_time/time.c.obj
 .text.alarm_pool_alarm_callback
                0x0000000010001370      0x1bc CMakeFiles/gps-clock.dir/home/pedrohcs8/pico/pico-sdk/src/common/pico_time/time.c.obj
 .text.alarm_pool_init_default
                0x000000001000152c       0x6c CMakeFiles/gps-clock.dir/home/pedrohcs8/pico/pico-sdk/src/common/pico_time/time.c.obj
                0x000000001000152c                alarm_pool_init_default
 .text.alarm_pool_get_default
                0x0000000010001598        0x8 CMakeFiles/gps-clock.dir/home/pedrohcs8/pico/pico-sdk/src/common/pico_time/time.c.obj
                0x0000000010001598                alarm_pool_get_default
 .text.alarm_pool_add_alarm_at
                0x00000000100015a0      0x178 CMakeFiles/gps-clock.dir/home/pedrohcs8/pico/pico-sdk/src/common/pico_time/time.c.obj
                0x00000000100015a0                alarm_pool_add_alarm_at
 .text.alarm_pool_core_num
                0x0000000010001718        0x4 CMakeFiles/gps-clock.dir/home/pedrohcs8/pico/pico-sdk/src/common/pico_time/time.c.obj
                0x0000000010001718                alarm_pool_core_num
 .text.alarm_pool_add_repeating_timer_us
                0x000000001000171c      0x208 CMakeFiles/gps-clock.dir/home/pedrohcs8/pico/pico-sdk/src/common/pico_time/time.c.obj
                0x000000001000171c                alarm_pool_add_repeating_timer_us
 .text.sleep_until
                0x0000000010001924       0xc4 CMakeFiles/gps-clock.dir/home/pedrohcs8/pico/pico-sdk/src/common/pico_time/time.c.obj
                0x0000000010001924                sleep_until
 .text.sleep_ms
                0x00000000100019e8       0x34 CMakeFiles/gps-clock.dir/home/pedrohcs8/pico/pico-sdk/src/common/pico_time/time.c.obj
                0x00000000100019e8                sleep_ms
 .text.best_effort_wfe_or_timeout
                0x0000000010001a1c       0xd4 CMakeFiles/gps-clock.dir/home/pedrohcs8/pico/pico-sdk/src/common/pico_time/time.c.obj
                0x0000000010001a1c                best_effort_wfe_or_timeout
 .text.hardware_alarm_irq_handler
                0x0000000010001af0       0xbc CMakeFiles/gps-clock.dir/home/pedrohcs8/pico/pico-sdk/src/rp2_common/hardware_timer/timer.c.obj
 .text.hardware_alarm_claim
                0x0000000010001bac       0x18 CMakeFiles/gps-clock.dir/home/pedrohcs8/pico/pico-sdk/src/rp2_common/hardware_timer/timer.c.obj
                0x0000000010001bac                hardware_alarm_claim
 .text.time_us_64
                0x0000000010001bc4       0x14 CMakeFiles/gps-clock.dir/home/pedrohcs8/pico/pico-sdk/src/rp2_common/hardware_timer/timer.c.obj
                0x0000000010001bc4                time_us_64
 .text.busy_wait_us
                0x0000000010001bd8       0x54 CMakeFiles/gps-clock.dir/home/pedrohcs8/pico/pico-sdk/src/rp2_common/hardware_timer/timer.c.obj
                0x0000000010001bd8                busy_wait_us
 .text.busy_wait_until
                0x0000000010001c2c       0x20 CMakeFiles/gps-clock.dir/home/pedrohcs8/pico/pico-sdk/src/rp2_common/hardware_timer/timer.c.obj
                0x0000000010001c2c                busy_wait_until
 .text.hardware_alarm_set_callback
                0x0000000010001c4c       0x8c CMakeFiles/gps-clock.dir/home/pedrohcs8/pico/pico-sdk/src/rp2_common/hardware_timer/timer.c.obj
                0x0000000010001c4c                hardware_alarm_set_callback
 .text.hardware_alarm_set_target
                0x0000000010001cd8       0xd4 CMakeFiles/gps-clock.dir/home/pedrohcs8/pico/pico-sdk/src/rp2_common/hardware_timer/timer.c.obj
                0x0000000010001cd8                hardware_alarm_set_target
 .text.hardware_alarm_cancel
                0x0000000010001dac       0x3c CMakeFiles/gps-clock.dir/home/pedrohcs8/pico/pico-sdk/src/rp2_common/hardware_timer/timer.c.obj
                0x0000000010001dac                hardware_alarm_cancel
 .text.ph_merge_nodes
                0x0000000010001de8       0x68 CMakeFiles/gps-clock.dir/home/pedrohcs8/pico/pico-sdk/src/common/pico_util/pheap.c.obj
 .text.ph_post_alloc_init
                0x0000000010001e50       0x3c CMakeFiles/gps-clock.dir/home/pedrohcs8/pico/pico-sdk/src/common/pico_util/pheap.c.obj
                0x0000000010001e50                ph_post_alloc_init
 .text.ph_merge_two_pass
                0x0000000010001e8c       0x90 CMakeFiles/gps-clock.dir/home/pedrohcs8/pico/pico-sdk/src/common/pico_util/pheap.c.obj
                0x0000000010001e8c                ph_merge_two_pass
 .text.ph_remove_any_head
                0x0000000010001f1c      0x100 CMakeFiles/gps-clock.dir/home/pedrohcs8/pico/pico-sdk/src/common/pico_util/pheap.c.obj
 .text.ph_remove_head
                0x000000001000201c      0x104 CMakeFiles/gps-clock.dir/home/pedrohcs8/pico/pico-sdk/src/common/pico_util/pheap.c.obj
                0x000000001000201c                ph_remove_head
 .text.ph_remove_and_free_node
                0x0000000010002120       0x7c CMakeFiles/gps-clock.dir/home/pedrohcs8/pico/pico-sdk/src/common/pico_util/pheap.c.obj
                0x0000000010002120                ph_remove_and_free_node
 .text.uart_init
                0x000000001000219c      0x188 CMakeFiles/gps-clock.dir/home/pedrohcs8/pico/pico-sdk/src/rp2_common/hardware_uart/uart.c.obj
                0x000000001000219c                uart_init
 .text.clocks_init
                0x0000000010002324      0x2d0 CMakeFiles/gps-clock.dir/home/pedrohcs8/pico/pico-sdk/src/rp2_common/hardware_clocks/clocks.c.obj
                0x0000000010002324                clocks_init
 .text.clock_get_hz
                0x00000000100025f4        0xc CMakeFiles/gps-clock.dir/home/pedrohcs8/pico/pico-sdk/src/rp2_common/hardware_clocks/clocks.c.obj
                0x00000000100025f4                clock_get_hz
 .text.pll_init
                0x0000000010002600       0xa0 CMakeFiles/gps-clock.dir/home/pedrohcs8/pico/pico-sdk/src/rp2_common/hardware_pll/pll.c.obj
                0x0000000010002600                pll_init
 .text.watchdog_start_tick
                0x00000000100026a0       0x10 CMakeFiles/gps-clock.dir/home/pedrohcs8/pico/pico-sdk/src/rp2_common/hardware_watchdog/watchdog.c.obj
                0x00000000100026a0                watchdog_start_tick
 .text.watchdog_reboot
                0x00000000100026b0       0x98 CMakeFiles/gps-clock.dir/home/pedrohcs8/pico/pico-sdk/src/rp2_common/hardware_watchdog/watchdog.c.obj
                0x00000000100026b0                watchdog_reboot
 .text.xosc_init
                0x0000000010002748       0x28 CMakeFiles/gps-clock.dir/home/pedrohcs8/pico/pico-sdk/src/rp2_common/hardware_xosc/xosc.c.obj
                0x0000000010002748                xosc_init
 .text.runtime_init
                0x0000000010002770       0xf0 CMakeFiles/gps-clock.dir/home/pedrohcs8/pico/pico-sdk/src/rp2_common/pico_runtime/runtime.c.obj
                0x0000000010002770                runtime_init
 .text._exit    0x0000000010002860        0x4 CMakeFiles/gps-clock.dir/home/pedrohcs8/pico/pico-sdk/src/rp2_common/pico_runtime/runtime.c.obj
                0x0000000010002860                _exit
 .text._sbrk    0x0000000010002864       0x34 CMakeFiles/gps-clock.dir/home/pedrohcs8/pico/pico-sdk/src/rp2_common/pico_runtime/runtime.c.obj
                0x0000000010002864                _sbrk
 .text.exit     0x0000000010002898        0x8 CMakeFiles/gps-clock.dir/home/pedrohcs8/pico/pico-sdk/src/rp2_common/pico_runtime/runtime.c.obj
                0x0000000010002898                exit
 .text.panic    0x00000000100028a0       0x30 CMakeFiles/gps-clock.dir/home/pedrohcs8/pico/pico-sdk/src/rp2_common/pico_runtime/runtime.c.obj
                0x00000000100028a0                panic
 .text.hard_assertion_failure
                0x00000000100028d0        0xc CMakeFiles/gps-clock.dir/home/pedrohcs8/pico/pico-sdk/src/rp2_common/pico_runtime/runtime.c.obj
                0x00000000100028d0                hard_assertion_failure
 .text._out_null
                0x00000000100028dc        0x4 CMakeFiles/gps-clock.dir/home/pedrohcs8/pico/pico-sdk/src/rp2_common/pico_printf/printf.c.obj
 .text._out_rev
                0x00000000100028e0       0x9c CMakeFiles/gps-clock.dir/home/pedrohcs8/pico/pico-sdk/src/rp2_common/pico_printf/printf.c.obj
 .text._ntoa_format
                0x000000001000297c      0x1cc CMakeFiles/gps-clock.dir/home/pedrohcs8/pico/pico-sdk/src/rp2_common/pico_printf/printf.c.obj
 .text._out_char
                0x0000000010002b48       0x10 CMakeFiles/gps-clock.dir/home/pedrohcs8/pico/pico-sdk/src/rp2_common/pico_printf/printf.c.obj
 .text._out_fct
                0x0000000010002b58       0x10 CMakeFiles/gps-clock.dir/home/pedrohcs8/pico/pico-sdk/src/rp2_common/pico_printf/printf.c.obj
 .text._etoa    0x0000000010002b68      0x44c CMakeFiles/gps-clock.dir/home/pedrohcs8/pico/pico-sdk/src/rp2_common/pico_printf/printf.c.obj
 .text._ftoa    0x0000000010002fb4      0x398 CMakeFiles/gps-clock.dir/home/pedrohcs8/pico/pico-sdk/src/rp2_common/pico_printf/printf.c.obj
 .text._vsnprintf
                0x000000001000334c      0xb04 CMakeFiles/gps-clock.dir/home/pedrohcs8/pico/pico-sdk/src/rp2_common/pico_printf/printf.c.obj
 .text.vfctprintf
                0x0000000010003e50       0x20 CMakeFiles/gps-clock.dir/home/pedrohcs8/pico/pico-sdk/src/rp2_common/pico_printf/printf.c.obj
                0x0000000010003e50                vfctprintf
 .text.weak_raw_vprintf
                0x0000000010003e70       0x30 CMakeFiles/gps-clock.dir/home/pedrohcs8/pico/pico-sdk/src/rp2_common/pico_printf/printf.c.obj
                0x0000000010003e70                weak_raw_vprintf
 .text          0x0000000010003ea0       0x10 CMakeFiles/gps-clock.dir/home/pedrohcs8/pico/pico-sdk/src/rp2_common/pico_bit_ops/bit_ops_aeabi.S.obj
 .text.ctzsi    0x0000000010003eb0        0xc CMakeFiles/gps-clock.dir/home/pedrohcs8/pico/pico-sdk/src/rp2_common/pico_bit_ops/bit_ops_aeabi.S.obj
                0x0000000010003eb0                __wrap___ctzsi2
 .text.rom_func_lookup
                0x0000000010003ebc       0x10 CMakeFiles/gps-clock.dir/home/pedrohcs8/pico/pico-sdk/src/rp2_common/pico_bootrom/bootrom.c.obj
                0x0000000010003ebc                rom_func_lookup
 .text.rom_data_lookup
                0x0000000010003ecc       0x10 CMakeFiles/gps-clock.dir/home/pedrohcs8/pico/pico-sdk/src/rp2_common/pico_bootrom/bootrom.c.obj
                0x0000000010003ecc                rom_data_lookup
 .text.rom_funcs_lookup
                0x0000000010003edc       0x44 CMakeFiles/gps-clock.dir/home/pedrohcs8/pico/pico-sdk/src/rp2_common/pico_bootrom/bootrom.c.obj
                0x0000000010003edc                rom_funcs_lookup
 .text.__wrap___aeabi_idiv
                0x0000000010003f20       0x50 CMakeFiles/gps-clock.dir/home/pedrohcs8/pico/pico-sdk/src/rp2_common/pico_divider/divider.S.obj
                0x0000000010003f20                __wrap___aeabi_idivmod
                0x0000000010003f20                divmod_s32s32
                0x0000000010003f20                div_s32s32
                0x0000000010003f20                __wrap___aeabi_idiv
                0x0000000010003f28                divmod_s32s32_unsafe
                0x0000000010003f54                divmod_s32s32_savestate
 .text.__wrap___aeabi_uidiv
                0x0000000010003f70       0x4c CMakeFiles/gps-clock.dir/home/pedrohcs8/pico/pico-sdk/src/rp2_common/pico_divider/divider.S.obj
                0x0000000010003f70                __wrap___aeabi_uidiv
                0x0000000010003f70                __wrap___aeabi_uidivmod
                0x0000000010003f70                div_u32u32
                0x0000000010003f70                divmod_u32u32
                0x0000000010003f78                divmod_u32u32_unsafe
                0x0000000010003fa0                divmod_u32u32_savestate
 .text.__wrap___aeabi_ldiv
                0x0000000010003fbc      0x424 CMakeFiles/gps-clock.dir/home/pedrohcs8/pico/pico-sdk/src/rp2_common/pico_divider/divider.S.obj
                0x0000000010003fbc                div_s64s64
                0x0000000010003fbc                divmod_s64s64
                0x0000000010003fbc                __wrap___aeabi_ldivmod
                0x0000000010003fec                div_u64u64
                0x0000000010003fec                divmod_u64u64
                0x0000000010003fec                __wrap___aeabi_uldivmod
                0x0000000010003ffc                divmod_u64u64_savestate
                0x000000001000401c                divmod_s64s64_unsafe
                0x00000000100040a4                divmod_u64u64_unsafe
 .text.__wrap___aeabi_darithmetic
                0x00000000100043e0       0x80 CMakeFiles/gps-clock.dir/home/pedrohcs8/pico/pico-sdk/src/rp2_common/pico_double/double_aeabi.S.obj
                0x00000000100043e0                __wrap___aeabi_drsub
                0x00000000100043e6                __wrap___aeabi_dsub
                0x00000000100043f8                __wrap___aeabi_dadd
                0x000000001000440a                __wrap___aeabi_ddiv
                0x0000000010004446                __wrap___aeabi_dmul
 .text.__wrap___aeabi_cdcmple
                0x0000000010004460       0x6c CMakeFiles/gps-clock.dir/home/pedrohcs8/pico/pico-sdk/src/rp2_common/pico_double/double_aeabi.S.obj
                0x0000000010004460                __wrap___aeabi_cdrcmple
                0x0000000010004470                __wrap___aeabi_cdcmple
                0x0000000010004470                __wrap___aeabi_cdcmpeq
 .text.__wrap___aeabi_dcmplt
                0x00000000100044cc        0xc CMakeFiles/gps-clock.dir/home/pedrohcs8/pico/pico-sdk/src/rp2_common/pico_double/double_aeabi.S.obj
                0x00000000100044cc                __wrap___aeabi_dcmplt
 .text.__wrap___aeabi_dcmple
                0x00000000100044d8       0x10 CMakeFiles/gps-clock.dir/home/pedrohcs8/pico/pico-sdk/src/rp2_common/pico_double/double_aeabi.S.obj
                0x00000000100044d8                __wrap___aeabi_dcmple
 .text.__wrap___aeabi_dcmpge
                0x00000000100044e8       0x10 CMakeFiles/gps-clock.dir/home/pedrohcs8/pico/pico-sdk/src/rp2_common/pico_double/double_aeabi.S.obj
                0x00000000100044e8                __wrap___aeabi_dcmpge
 .text.__wrap___aeabi_dcmpgt
                0x00000000100044f8        0xa CMakeFiles/gps-clock.dir/home/pedrohcs8/pico/pico-sdk/src/rp2_common/pico_double/double_aeabi.S.obj
                0x00000000100044f8                __wrap___aeabi_dcmpgt
 .text.__wrap___aeabi_dcmpun
                0x0000000010004502       0x1c CMakeFiles/gps-clock.dir/home/pedrohcs8/pico/pico-sdk/src/rp2_common/pico_double/double_aeabi.S.obj
                0x0000000010004502                __wrap___aeabi_dcmpun
 *fill*         0x000000001000451e        0x2 
 .text.__wrap___aeabi_i2d
                0x0000000010004520       0x38 CMakeFiles/gps-clock.dir/home/pedrohcs8/pico/pico-sdk/src/rp2_common/pico_double/double_aeabi.S.obj
                0x0000000010004520                __wrap___aeabi_ui2d
                0x0000000010004528                __wrap___aeabi_i2d
 .text.__wrap___aeabi_d2iz
                0x0000000010004558       0x48 CMakeFiles/gps-clock.dir/home/pedrohcs8/pico/pico-sdk/src/rp2_common/pico_double/double_aeabi.S.obj
                0x0000000010004558                __wrap___aeabi_d2iz
                0x0000000010004558                double2int_z
 .text.__wrap___aeabi_d2uiz
                0x00000000100045a0       0x18 CMakeFiles/gps-clock.dir/home/pedrohcs8/pico/pico-sdk/src/rp2_common/pico_double/double_aeabi.S.obj
                0x00000000100045a0                double2uint
                0x00000000100045a0                __wrap___aeabi_d2uiz
 .text.__aeabi_double_init
                0x00000000100045b8       0x94 CMakeFiles/gps-clock.dir/home/pedrohcs8/pico/pico-sdk/src/rp2_common/pico_double/double_init_rom.c.obj
                0x00000000100045b8                __aeabi_double_init
 .text.double_table_shim_on_use_helper
                0x000000001000464c       0x2c CMakeFiles/gps-clock.dir/home/pedrohcs8/pico/pico-sdk/src/rp2_common/pico_double/double_v1_rom_shim.S.obj
                0x000000001000464c                double_table_shim_on_use_helper
 .text.__wrap___aeabi_dsub
                0x0000000010004678       0x10 CMakeFiles/gps-clock.dir/home/pedrohcs8/pico/pico-sdk/src/rp2_common/pico_double/double_v1_rom_shim.S.obj
                0x0000000010004678                drsub_shim
                0x000000001000467e                dsub_shim
 .text.dadd_shim
                0x0000000010004688      0x15c CMakeFiles/gps-clock.dir/home/pedrohcs8/pico/pico-sdk/src/rp2_common/pico_double/double_v1_rom_shim.S.obj
                0x0000000010004688                dadd_shim
 .text.dmul_shim
                0x00000000100047e4      0x15c CMakeFiles/gps-clock.dir/home/pedrohcs8/pico/pico-sdk/src/rp2_common/pico_double/double_v1_rom_shim.S.obj
                0x00000000100047e4                dmul_shim
 .text.ddiv_shim
                0x0000000010004940      0x1b0 CMakeFiles/gps-clock.dir/home/pedrohcs8/pico/pico-sdk/src/rp2_common/pico_double/double_v1_rom_shim.S.obj
                0x0000000010004940                ddiv_shim
 .text.double2uint_shim
                0x0000000010004af0        0xe CMakeFiles/gps-clock.dir/home/pedrohcs8/pico/pico-sdk/src/rp2_common/pico_double/double_v1_rom_shim.S.obj
                0x0000000010004af0                double2uint_shim
                0x0000000010004af2                double2ufix_shim
 *fill*         0x0000000010004afe        0x2 
 .text.double2uint64_shim
                0x0000000010004b00       0x70 CMakeFiles/gps-clock.dir/home/pedrohcs8/pico/pico-sdk/src/rp2_common/pico_double/double_v1_rom_shim.S.obj
                0x0000000010004b00                double2uint64_shim
                0x0000000010004b02                double2ufix64_shim
                0x0000000010004b22                d2fix_a
 .text.dunpacks
                0x0000000010004b70       0x3c CMakeFiles/gps-clock.dir/home/pedrohcs8/pico/pico-sdk/src/rp2_common/pico_double/double_v1_rom_shim.S.obj
                0x0000000010004b70                dunpacks
 .text.__aeabi_lmul
                0x0000000010004bac       0x32 CMakeFiles/gps-clock.dir/home/pedrohcs8/pico/pico-sdk/src/rp2_common/pico_int64_ops/pico_int64_ops_aeabi.S.obj
                0x0000000010004bac                __wrap___aeabi_lmul
 *fill*         0x0000000010004bde        0x2 
 .text.__wrap___aeabi_farithmetic
                0x0000000010004be0       0x48 CMakeFiles/gps-clock.dir/home/pedrohcs8/pico/pico-sdk/src/rp2_common/pico_float/float_aeabi.S.obj
                0x0000000010004be0                __wrap___aeabi_frsub
                0x0000000010004be6                __wrap___aeabi_fsub
                0x0000000010004bec                __wrap___aeabi_fadd
                0x0000000010004bf2                __wrap___aeabi_fdiv
                0x0000000010004c1a                __wrap___aeabi_fmul
 .text.__wrap___aeabi_ui2f
                0x0000000010004c28        0xa CMakeFiles/gps-clock.dir/home/pedrohcs8/pico/pico-sdk/src/rp2_common/pico_float/float_aeabi.S.obj
                0x0000000010004c28                __wrap___aeabi_ui2f
 *fill*         0x0000000010004c32        0x2 
 .text.__wrap___aeabi_i2f
                0x0000000010004c34       0x44 CMakeFiles/gps-clock.dir/home/pedrohcs8/pico/pico-sdk/src/rp2_common/pico_float/float_aeabi.S.obj
                0x0000000010004c34                __wrap___aeabi_i2f
 .text.__wrap___aeabi_f2uiz
                0x0000000010004c78        0xc CMakeFiles/gps-clock.dir/home/pedrohcs8/pico/pico-sdk/src/rp2_common/pico_float/float_aeabi.S.obj
                0x0000000010004c78                __wrap___aeabi_f2uiz
 .text.__aeabi_float_init
                0x0000000010004c84       0x64 CMakeFiles/gps-clock.dir/home/pedrohcs8/pico/pico-sdk/src/rp2_common/pico_float/float_init_rom.c.obj
                0x0000000010004c84                __aeabi_float_init
 .text.float_table_shim_on_use_helper
                0x0000000010004ce8       0x2c CMakeFiles/gps-clock.dir/home/pedrohcs8/pico/pico-sdk/src/rp2_common/pico_float/float_v1_rom_shim.S.obj
                0x0000000010004ce8                float_table_shim_on_use_helper
 .text.__wrap_free
                0x0000000010004d14       0x20 CMakeFiles/gps-clock.dir/home/pedrohcs8/pico/pico-sdk/src/rp2_common/pico_malloc/pico_malloc.c.obj
                0x0000000010004d14                __wrap_free
 .text          0x0000000010004d34       0x10 CMakeFiles/gps-clock.dir/home/pedrohcs8/pico/pico-sdk/src/rp2_common/pico_mem_ops/mem_ops_aeabi.S.obj
                0x0000000010004d34                __aeabi_mem_init
 .text.memset   0x0000000010004d44        0xc CMakeFiles/gps-clock.dir/home/pedrohcs8/pico/pico-sdk/src/rp2_common/pico_mem_ops/mem_ops_aeabi.S.obj
                0x0000000010004d44                __wrap_memset
 .text.memcpy   0x0000000010004d50        0xc CMakeFiles/gps-clock.dir/home/pedrohcs8/pico/pico-sdk/src/rp2_common/pico_mem_ops/mem_ops_aeabi.S.obj
                0x0000000010004d50                __wrap___aeabi_memcpy
                0x0000000010004d50                __wrap_memcpy
 .text.stdio_out_chars_no_crlf
                0x0000000010004d5c       0x10 CMakeFiles/gps-clock.dir/home/pedrohcs8/pico/pico-sdk/src/rp2_common/pico_stdio/stdio.c.obj
 .text.stdio_out_chars_crlf
                0x0000000010004d6c       0xb4 CMakeFiles/gps-clock.dir/home/pedrohcs8/pico/pico-sdk/src/rp2_common/pico_stdio/stdio.c.obj
 .text.stdio_buffered_printer
                0x0000000010004e20       0x64 CMakeFiles/gps-clock.dir/home/pedrohcs8/pico/pico-sdk/src/rp2_common/pico_stdio/stdio.c.obj
 .text.stdio_put_string.isra.0
                0x0000000010004e84       0xfc CMakeFiles/gps-clock.dir/home/pedrohcs8/pico/pico-sdk/src/rp2_common/pico_stdio/stdio.c.obj
 .text.__wrap_putchar
                0x0000000010004f80       0x98 CMakeFiles/gps-clock.dir/home/pedrohcs8/pico/pico-sdk/src/rp2_common/pico_stdio/stdio.c.obj
                0x0000000010004f80                __wrap_putchar
 .text.__wrap_puts
                0x0000000010005018       0x3c CMakeFiles/gps-clock.dir/home/pedrohcs8/pico/pico-sdk/src/rp2_common/pico_stdio/stdio.c.obj
                0x0000000010005018                __wrap_puts
 .text._read    0x0000000010005054       0x94 CMakeFiles/gps-clock.dir/home/pedrohcs8/pico/pico-sdk/src/rp2_common/pico_stdio/stdio.c.obj
                0x0000000010005054                _read
 .text._write   0x00000000100050e8       0xac CMakeFiles/gps-clock.dir/home/pedrohcs8/pico/pico-sdk/src/rp2_common/pico_stdio/stdio.c.obj
                0x00000000100050e8                _write
 .text._close   0x0000000010005194        0x8 CMakeFiles/gps-clock.dir/home/pedrohcs8/pico/pico-sdk/src/rp2_common/pico_stdio/stdio.c.obj
                0x0000000010005194                _close
 .text._lseek   0x000000001000519c        0x8 CMakeFiles/gps-clock.dir/home/pedrohcs8/pico/pico-sdk/src/rp2_common/pico_stdio/stdio.c.obj
                0x000000001000519c                _lseek
 .text.stdio_set_driver_enabled
                0x00000000100051a4       0x30 CMakeFiles/gps-clock.dir/home/pedrohcs8/pico/pico-sdk/src/rp2_common/pico_stdio/stdio.c.obj
                0x00000000100051a4                stdio_set_driver_enabled
 .text.__wrap_vprintf
                0x00000000100051d4       0xd8 CMakeFiles/gps-clock.dir/home/pedrohcs8/pico/pico-sdk/src/rp2_common/pico_stdio/stdio.c.obj
                0x00000000100051d4                __wrap_vprintf
 .text.__wrap_printf
                0x00000000100052ac       0x18 CMakeFiles/gps-clock.dir/home/pedrohcs8/pico/pico-sdk/src/rp2_common/pico_stdio/stdio.c.obj
                0x00000000100052ac                __wrap_printf
 .text.stdio_init_all
                0x00000000100052c4        0x8 CMakeFiles/gps-clock.dir/home/pedrohcs8/pico/pico-sdk/src/rp2_common/pico_stdio/stdio.c.obj
                0x00000000100052c4                stdio_init_all
 .text.resetd_init
                0x00000000100052cc        0x4 CMakeFiles/gps-clock.dir/home/pedrohcs8/pico/pico-sdk/src/rp2_common/pico_stdio_usb/reset_interface.c.obj
 .text.resetd_reset
                0x00000000100052d0        0xc CMakeFiles/gps-clock.dir/home/pedrohcs8/pico/pico-sdk/src/rp2_common/pico_stdio_usb/reset_interface.c.obj
 .text.resetd_open
                0x00000000100052dc       0x28 CMakeFiles/gps-clock.dir/home/pedrohcs8/pico/pico-sdk/src/rp2_common/pico_stdio_usb/reset_interface.c.obj
 .text.resetd_xfer_cb
                0x0000000010005304        0x4 CMakeFiles/gps-clock.dir/home/pedrohcs8/pico/pico-sdk/src/rp2_common/pico_stdio_usb/reset_interface.c.obj
 .text.resetd_control_xfer_cb
                0x0000000010005308       0x64 CMakeFiles/gps-clock.dir/home/pedrohcs8/pico/pico-sdk/src/rp2_common/pico_stdio_usb/reset_interface.c.obj
 .text.usbd_app_driver_get_cb
                0x000000001000536c        0xc CMakeFiles/gps-clock.dir/home/pedrohcs8/pico/pico-sdk/src/rp2_common/pico_stdio_usb/reset_interface.c.obj
                0x000000001000536c                usbd_app_driver_get_cb
 .text.tud_cdc_line_coding_cb
                0x0000000010005378       0x34 CMakeFiles/gps-clock.dir/home/pedrohcs8/pico/pico-sdk/src/rp2_common/pico_stdio_usb/reset_interface.c.obj
                0x0000000010005378                tud_cdc_line_coding_cb
 .text.stdio_usb_set_chars_available_callback
                0x00000000100053ac       0x14 CMakeFiles/gps-clock.dir/home/pedrohcs8/pico/pico-sdk/src/rp2_common/pico_stdio_usb/stdio_usb.c.obj
                0x00000000100053ac                stdio_usb_set_chars_available_callback
 .text.usb_irq  0x00000000100053c0       0x10 CMakeFiles/gps-clock.dir/home/pedrohcs8/pico/pico-sdk/src/rp2_common/pico_stdio_usb/stdio_usb.c.obj
 .text.timer_task
                0x00000000100053d0       0x54 CMakeFiles/gps-clock.dir/home/pedrohcs8/pico/pico-sdk/src/rp2_common/pico_stdio_usb/stdio_usb.c.obj
 .text.stdio_usb_in_chars
                0x0000000010005424       0x90 CMakeFiles/gps-clock.dir/home/pedrohcs8/pico/pico-sdk/src/rp2_common/pico_stdio_usb/stdio_usb.c.obj
                0x0000000010005424                stdio_usb_in_chars
 .text.stdio_usb_out_chars
                0x00000000100054b4      0x100 CMakeFiles/gps-clock.dir/home/pedrohcs8/pico/pico-sdk/src/rp2_common/pico_stdio_usb/stdio_usb.c.obj
 .text.low_priority_worker_irq
                0x00000000100055b4       0xa8 CMakeFiles/gps-clock.dir/home/pedrohcs8/pico/pico-sdk/src/rp2_common/pico_stdio_usb/stdio_usb.c.obj
 .text.tud_cdc_rx_cb
                0x000000001000565c       0x20 CMakeFiles/gps-clock.dir/home/pedrohcs8/pico/pico-sdk/src/rp2_common/pico_stdio_usb/stdio_usb.c.obj
                0x000000001000565c                tud_cdc_rx_cb
 .text.stdio_usb_init
                0x000000001000567c      0x134 CMakeFiles/gps-clock.dir/home/pedrohcs8/pico/pico-sdk/src/rp2_common/pico_stdio_usb/stdio_usb.c.obj
                0x000000001000567c                stdio_usb_init
 .text.tud_descriptor_device_cb
                0x00000000100057b0        0x8 CMakeFiles/gps-clock.dir/home/pedrohcs8/pico/pico-sdk/src/rp2_common/pico_stdio_usb/stdio_usb_descriptors.c.obj
                0x00000000100057b0                tud_descriptor_device_cb
 .text.tud_descriptor_configuration_cb
                0x00000000100057b8        0x8 CMakeFiles/gps-clock.dir/home/pedrohcs8/pico/pico-sdk/src/rp2_common/pico_stdio_usb/stdio_usb_descriptors.c.obj
                0x00000000100057b8                tud_descriptor_configuration_cb
 .text.tud_descriptor_string_cb
                0x00000000100057c0       0x74 CMakeFiles/gps-clock.dir/home/pedrohcs8/pico/pico-sdk/src/rp2_common/pico_stdio_usb/stdio_usb_descriptors.c.obj
                0x00000000100057c0                tud_descriptor_string_cb
 .text.startup._retrieve_unique_id_on_boot
                0x0000000010005834       0x10 CMakeFiles/gps-clock.dir/home/pedrohcs8/pico/pico-sdk/src/rp2_common/pico_unique_id/unique_id.c.obj
 .text.pico_get_unique_board_id_string
                0x0000000010005844      0x1a8 CMakeFiles/gps-clock.dir/home/pedrohcs8/pico/pico-sdk/src/rp2_common/pico_unique_id/unique_id.c.obj
                0x0000000010005844                pico_get_unique_board_id_string
 .text.flash_get_unique_id
                0x00000000100059ec       0x40 CMakeFiles/gps-clock.dir/home/pedrohcs8/pico/pico-sdk/src/rp2_common/hardware_flash/flash.c.obj
                0x00000000100059ec                flash_get_unique_id
 .text.dcd_int_enable
                0x0000000010005a2c        0xc CMakeFiles/gps-clock.dir/home/pedrohcs8/pico/pico-sdk/lib/tinyusb/src/portable/raspberrypi/rp2040/dcd_rp2040.c.obj
                0x0000000010005a2c                dcd_int_enable
 .text.dcd_set_address
                0x0000000010005a38       0x14 CMakeFiles/gps-clock.dir/home/pedrohcs8/pico/pico-sdk/lib/tinyusb/src/portable/raspberrypi/rp2040/dcd_rp2040.c.obj
                0x0000000010005a38                dcd_set_address
 .text.dcd_connect
                0x0000000010005a4c       0x10 CMakeFiles/gps-clock.dir/home/pedrohcs8/pico/pico-sdk/lib/tinyusb/src/portable/raspberrypi/rp2040/dcd_rp2040.c.obj
                0x0000000010005a4c                dcd_connect
 .text.dcd_init
                0x0000000010005a5c       0x98 CMakeFiles/gps-clock.dir/home/pedrohcs8/pico/pico-sdk/lib/tinyusb/src/portable/raspberrypi/rp2040/dcd_rp2040.c.obj
                0x0000000010005a5c                dcd_init
 .text.dcd_edpt0_status_complete
                0x0000000010005af4       0x1c CMakeFiles/gps-clock.dir/home/pedrohcs8/pico/pico-sdk/lib/tinyusb/src/portable/raspberrypi/rp2040/dcd_rp2040.c.obj
                0x0000000010005af4                dcd_edpt0_status_complete
 .text.dcd_edpt_open
                0x0000000010005b10      0x108 CMakeFiles/gps-clock.dir/home/pedrohcs8/pico/pico-sdk/lib/tinyusb/src/portable/raspberrypi/rp2040/dcd_rp2040.c.obj
                0x0000000010005b10                dcd_edpt_open
 .text.dcd_edpt_close_all
                0x0000000010005c18        0x8 CMakeFiles/gps-clock.dir/home/pedrohcs8/pico/pico-sdk/lib/tinyusb/src/portable/raspberrypi/rp2040/dcd_rp2040.c.obj
                0x0000000010005c18                dcd_edpt_close_all
 .text.dcd_edpt_xfer
                0x0000000010005c20       0x24 CMakeFiles/gps-clock.dir/home/pedrohcs8/pico/pico-sdk/lib/tinyusb/src/portable/raspberrypi/rp2040/dcd_rp2040.c.obj
                0x0000000010005c20                dcd_edpt_xfer
 .text.dcd_edpt_stall
                0x0000000010005c44       0x38 CMakeFiles/gps-clock.dir/home/pedrohcs8/pico/pico-sdk/lib/tinyusb/src/portable/raspberrypi/rp2040/dcd_rp2040.c.obj
                0x0000000010005c44                dcd_edpt_stall
 .text.dcd_edpt_clear_stall
                0x0000000010005c7c       0x30 CMakeFiles/gps-clock.dir/home/pedrohcs8/pico/pico-sdk/lib/tinyusb/src/portable/raspberrypi/rp2040/dcd_rp2040.c.obj
                0x0000000010005c7c                dcd_edpt_clear_stall
 .text.rp2040_usb_init
                0x0000000010005cac       0x4c CMakeFiles/gps-clock.dir/home/pedrohcs8/pico/pico-sdk/lib/tinyusb/src/portable/raspberrypi/rp2040/rp2040_usb.c.obj
                0x0000000010005cac                rp2040_usb_init
 .text.hw_endpoint_xfer_start
                0x0000000010005cf8       0x50 CMakeFiles/gps-clock.dir/home/pedrohcs8/pico/pico-sdk/lib/tinyusb/src/portable/raspberrypi/rp2040/rp2040_usb.c.obj
                0x0000000010005cf8                hw_endpoint_xfer_start
 .text.tud_mounted
                0x0000000010005d48       0x10 CMakeFiles/gps-clock.dir/home/pedrohcs8/pico/pico-sdk/lib/tinyusb/src/device/usbd.c.obj
                0x0000000010005d48                tud_mounted
 .text.tud_suspended
                0x0000000010005d58       0x10 CMakeFiles/gps-clock.dir/home/pedrohcs8/pico/pico-sdk/lib/tinyusb/src/device/usbd.c.obj
                0x0000000010005d58                tud_suspended
 .text.tud_inited
                0x0000000010005d68       0x14 CMakeFiles/gps-clock.dir/home/pedrohcs8/pico/pico-sdk/lib/tinyusb/src/device/usbd.c.obj
                0x0000000010005d68                tud_inited
 .text.tud_init
                0x0000000010005d7c       0xe4 CMakeFiles/gps-clock.dir/home/pedrohcs8/pico/pico-sdk/lib/tinyusb/src/device/usbd.c.obj
                0x0000000010005d7c                tud_init
 .text.tud_task_ext
                0x0000000010005e60      0x854 CMakeFiles/gps-clock.dir/home/pedrohcs8/pico/pico-sdk/lib/tinyusb/src/device/usbd.c.obj
                0x0000000010005e60                tud_task_ext
 .text.usbd_open_edpt_pair
                0x00000000100066b4       0x9c CMakeFiles/gps-clock.dir/home/pedrohcs8/pico/pico-sdk/lib/tinyusb/src/device/usbd.c.obj
                0x00000000100066b4                usbd_open_edpt_pair
 .text.usbd_defer_func
                0x0000000010006750       0x48 CMakeFiles/gps-clock.dir/home/pedrohcs8/pico/pico-sdk/lib/tinyusb/src/device/usbd.c.obj
                0x0000000010006750                usbd_defer_func
 .text.usbd_edpt_open
                0x0000000010006798       0x34 CMakeFiles/gps-clock.dir/home/pedrohcs8/pico/pico-sdk/lib/tinyusb/src/device/usbd.c.obj
                0x0000000010006798                usbd_edpt_open
 .text.usbd_edpt_claim
                0x00000000100067cc       0x28 CMakeFiles/gps-clock.dir/home/pedrohcs8/pico/pico-sdk/lib/tinyusb/src/device/usbd.c.obj
                0x00000000100067cc                usbd_edpt_claim
 .text.usbd_edpt_release
                0x00000000100067f4       0x28 CMakeFiles/gps-clock.dir/home/pedrohcs8/pico/pico-sdk/lib/tinyusb/src/device/usbd.c.obj
                0x00000000100067f4                usbd_edpt_release
 .text.usbd_edpt_xfer
                0x000000001000681c       0x4c CMakeFiles/gps-clock.dir/home/pedrohcs8/pico/pico-sdk/lib/tinyusb/src/device/usbd.c.obj
                0x000000001000681c                usbd_edpt_xfer
 .text.tud_control_status
                0x0000000010006868       0x30 CMakeFiles/gps-clock.dir/home/pedrohcs8/pico/pico-sdk/lib/tinyusb/src/device/usbd_control.c.obj
                0x0000000010006868                tud_control_status
 .text.tud_control_xfer
                0x0000000010006898       0xbc CMakeFiles/gps-clock.dir/home/pedrohcs8/pico/pico-sdk/lib/tinyusb/src/device/usbd_control.c.obj
                0x0000000010006898                tud_control_xfer
 .text.usbd_control_reset
                0x0000000010006954       0x14 CMakeFiles/gps-clock.dir/home/pedrohcs8/pico/pico-sdk/lib/tinyusb/src/device/usbd_control.c.obj
                0x0000000010006954                usbd_control_reset
 .text.usbd_control_set_complete_callback
                0x0000000010006968        0xc CMakeFiles/gps-clock.dir/home/pedrohcs8/pico/pico-sdk/lib/tinyusb/src/device/usbd_control.c.obj
                0x0000000010006968                usbd_control_set_complete_callback
 .text.usbd_control_set_request
                0x0000000010006974       0x1c CMakeFiles/gps-clock.dir/home/pedrohcs8/pico/pico-sdk/lib/tinyusb/src/device/usbd_control.c.obj
                0x0000000010006974                usbd_control_set_request
 .text.usbd_control_xfer_cb
                0x0000000010006990       0xfc CMakeFiles/gps-clock.dir/home/pedrohcs8/pico/pico-sdk/lib/tinyusb/src/device/usbd_control.c.obj
                0x0000000010006990                usbd_control_xfer_cb
 .text.tud_cdc_n_connected
                0x0000000010006a8c       0x30 CMakeFiles/gps-clock.dir/home/pedrohcs8/pico/pico-sdk/lib/tinyusb/src/class/cdc/cdc_device.c.obj
                0x0000000010006a8c                tud_cdc_n_connected
 .text.tud_cdc_n_available
                0x0000000010006abc       0x18 CMakeFiles/gps-clock.dir/home/pedrohcs8/pico/pico-sdk/lib/tinyusb/src/class/cdc/cdc_device.c.obj
                0x0000000010006abc                tud_cdc_n_available
 .text.tud_cdc_n_read
                0x0000000010006ad4       0x70 CMakeFiles/gps-clock.dir/home/pedrohcs8/pico/pico-sdk/lib/tinyusb/src/class/cdc/cdc_device.c.obj
                0x0000000010006ad4                tud_cdc_n_read
 .text.tud_cdc_n_write_flush
                0x0000000010006b44       0x78 CMakeFiles/gps-clock.dir/home/pedrohcs8/pico/pico-sdk/lib/tinyusb/src/class/cdc/cdc_device.c.obj
                0x0000000010006b44                tud_cdc_n_write_flush
 .text.tud_cdc_n_write
                0x0000000010006bbc       0x34 CMakeFiles/gps-clock.dir/home/pedrohcs8/pico/pico-sdk/lib/tinyusb/src/class/cdc/cdc_device.c.obj
                0x0000000010006bbc                tud_cdc_n_write
 .text.tud_cdc_n_write_available
                0x0000000010006bf0       0x18 CMakeFiles/gps-clock.dir/home/pedrohcs8/pico/pico-sdk/lib/tinyusb/src/class/cdc/cdc_device.c.obj
                0x0000000010006bf0                tud_cdc_n_write_available
 .text.cdcd_init
                0x0000000010006c08       0x7c CMakeFiles/gps-clock.dir/home/pedrohcs8/pico/pico-sdk/lib/tinyusb/src/class/cdc/cdc_device.c.obj
                0x0000000010006c08                cdcd_init
 .text.cdcd_reset
                0x0000000010006c84       0x2c CMakeFiles/gps-clock.dir/home/pedrohcs8/pico/pico-sdk/lib/tinyusb/src/class/cdc/cdc_device.c.obj
                0x0000000010006c84                cdcd_reset
 .text.cdcd_open
                0x0000000010006cb0       0xe8 CMakeFiles/gps-clock.dir/home/pedrohcs8/pico/pico-sdk/lib/tinyusb/src/class/cdc/cdc_device.c.obj
                0x0000000010006cb0                cdcd_open
 .text.cdcd_control_xfer_cb
                0x0000000010006d98       0xe4 CMakeFiles/gps-clock.dir/home/pedrohcs8/pico/pico-sdk/lib/tinyusb/src/class/cdc/cdc_device.c.obj
                0x0000000010006d98                cdcd_control_xfer_cb
 .text.cdcd_xfer_cb
                0x0000000010006e7c      0x148 CMakeFiles/gps-clock.dir/home/pedrohcs8/pico/pico-sdk/lib/tinyusb/src/class/cdc/cdc_device.c.obj
                0x0000000010006e7c                cdcd_xfer_cb
 .text.tusb_init
                0x0000000010006fc4        0xc CMakeFiles/gps-clock.dir/home/pedrohcs8/pico/pico-sdk/lib/tinyusb/src/tusb.c.obj
                0x0000000010006fc4                tusb_init
 .text.tusb_inited
                0x0000000010006fd0        0x8 CMakeFiles/gps-clock.dir/home/pedrohcs8/pico/pico-sdk/lib/tinyusb/src/tusb.c.obj
                0x0000000010006fd0                tusb_inited
 .text.tu_edpt_claim
                0x0000000010006fd8       0x50 CMakeFiles/gps-clock.dir/home/pedrohcs8/pico/pico-sdk/lib/tinyusb/src/tusb.c.obj
                0x0000000010006fd8                tu_edpt_claim
 .text.tu_edpt_release
                0x0000000010007028       0x38 CMakeFiles/gps-clock.dir/home/pedrohcs8/pico/pico-sdk/lib/tinyusb/src/tusb.c.obj
                0x0000000010007028                tu_edpt_release
 .text.tu_edpt_validate
                0x0000000010007060       0x78 CMakeFiles/gps-clock.dir/home/pedrohcs8/pico/pico-sdk/lib/tinyusb/src/tusb.c.obj
                0x0000000010007060                tu_edpt_validate
 .text.tu_edpt_bind_driver
                0x00000000100070d8       0x34 CMakeFiles/gps-clock.dir/home/pedrohcs8/pico/pico-sdk/lib/tinyusb/src/tusb.c.obj
                0x00000000100070d8                tu_edpt_bind_driver
 .text.tu_fifo_config
                0x000000001000710c       0x70 CMakeFiles/gps-clock.dir/home/pedrohcs8/pico/pico-sdk/lib/tinyusb/src/common/tusb_fifo.c.obj
                0x000000001000710c                tu_fifo_config
 .text.tu_fifo_count
                0x000000001000717c       0x2c CMakeFiles/gps-clock.dir/home/pedrohcs8/pico/pico-sdk/lib/tinyusb/src/common/tusb_fifo.c.obj
                0x000000001000717c                tu_fifo_count
 .text.tu_fifo_empty
                0x00000000100071a8       0x10 CMakeFiles/gps-clock.dir/home/pedrohcs8/pico/pico-sdk/lib/tinyusb/src/common/tusb_fifo.c.obj
                0x00000000100071a8                tu_fifo_empty
 .text.tu_fifo_remaining
                0x00000000100071b8       0x2c CMakeFiles/gps-clock.dir/home/pedrohcs8/pico/pico-sdk/lib/tinyusb/src/common/tusb_fifo.c.obj
                0x00000000100071b8                tu_fifo_remaining
 .text.tu_fifo_read
                0x00000000100071e4       0xa0 CMakeFiles/gps-clock.dir/home/pedrohcs8/pico/pico-sdk/lib/tinyusb/src/common/tusb_fifo.c.obj
                0x00000000100071e4                tu_fifo_read
 .text.tu_fifo_read_n
                0x0000000010007284       0xec CMakeFiles/gps-clock.dir/home/pedrohcs8/pico/pico-sdk/lib/tinyusb/src/common/tusb_fifo.c.obj
                0x0000000010007284                tu_fifo_read_n
 .text.tu_fifo_write
                0x0000000010007370       0x88 CMakeFiles/gps-clock.dir/home/pedrohcs8/pico/pico-sdk/lib/tinyusb/src/common/tusb_fifo.c.obj
                0x0000000010007370                tu_fifo_write
 .text.tu_fifo_write_n
                0x00000000100073f8      0x168 CMakeFiles/gps-clock.dir/home/pedrohcs8/pico/pico-sdk/lib/tinyusb/src/common/tusb_fifo.c.obj
                0x00000000100073f8                tu_fifo_write_n
 .text.tu_fifo_clear
                0x0000000010007560       0x40 CMakeFiles/gps-clock.dir/home/pedrohcs8/pico/pico-sdk/lib/tinyusb/src/common/tusb_fifo.c.obj
                0x0000000010007560                tu_fifo_clear
 .text.tu_fifo_set_overwritable
                0x00000000100075a0       0x48 CMakeFiles/gps-clock.dir/home/pedrohcs8/pico/pico-sdk/lib/tinyusb/src/common/tusb_fifo.c.obj
                0x00000000100075a0                tu_fifo_set_overwritable
 .text.pio_add_program
                0x00000000100075e8       0xc8 CMakeFiles/gps-clock.dir/home/pedrohcs8/pico/pico-sdk/src/rp2_common/hardware_pio/pio.c.obj
                0x00000000100075e8                pio_add_program
 .text.pio_sm_set_pins_with_mask
                0x00000000100076b0       0xa4 CMakeFiles/gps-clock.dir/home/pedrohcs8/pico/pico-sdk/src/rp2_common/hardware_pio/pio.c.obj
                0x00000000100076b0                pio_sm_set_pins_with_mask
 .text.pio_sm_set_consecutive_pindirs
                0x0000000010007754       0xb0 CMakeFiles/gps-clock.dir/home/pedrohcs8/pico/pico-sdk/src/rp2_common/hardware_pio/pio.c.obj
                0x0000000010007754                pio_sm_set_consecutive_pindirs
 .text.pio_sm_init
                0x0000000010007804       0x8c CMakeFiles/gps-clock.dir/home/pedrohcs8/pico/pico-sdk/src/rp2_common/hardware_pio/pio.c.obj
                0x0000000010007804                pio_sm_init
 .text          0x0000000010007890       0x18 /usr/lib/gcc/arm-none-eabi/10.3.1/../../../arm-none-eabi/lib/thumb/v6-m/nofp/libc.a(lib_a-atoi.o)
                0x0000000010007890                atoi
                0x000000001000789c                _atoi_r
 .text          0x00000000100078a8       0x14 /usr/lib/gcc/arm-none-eabi/10.3.1/../../../arm-none-eabi/lib/thumb/v6-m/nofp/libc.a(lib_a-lcltime.o)
                0x00000000100078a8                localtime
 .text          0x00000000100078bc      0x244 /usr/lib/gcc/arm-none-eabi/10.3.1/../../../arm-none-eabi/lib/thumb/v6-m/nofp/libc.a(lib_a-lcltime_r.o)
                0x00000000100078bc                localtime_r
 .text          0x0000000010007b00       0x28 /usr/lib/gcc/arm-none-eabi/10.3.1/../../../arm-none-eabi/lib/thumb/v6-m/nofp/libc.a(lib_a-malloc.o)
                0x0000000010007b00                malloc
                0x0000000010007b14                free
 .text          0x0000000010007b28      0x574 /usr/lib/gcc/arm-none-eabi/10.3.1/../../../arm-none-eabi/lib/thumb/v6-m/nofp/libc.a(lib_a-mallocr.o)
                0x0000000010007b28                _malloc_r
 .text          0x000000001000809c      0x5d4 /usr/lib/gcc/arm-none-eabi/10.3.1/../../../arm-none-eabi/lib/thumb/v6-m/nofp/libc.a(lib_a-mktime.o)
                0x000000001000827c                mktime
 .text          0x0000000010008670        0x8 /usr/lib/gcc/arm-none-eabi/10.3.1/../../../arm-none-eabi/lib/thumb/v6-m/nofp/libc.a(lib_a-mlock.o)
                0x0000000010008670                __malloc_lock
                0x0000000010008674                __malloc_unlock
 .text          0x0000000010008678      0x354 /usr/lib/gcc/arm-none-eabi/10.3.1/../../../arm-none-eabi/lib/thumb/v6-m/nofp/libc.a(lib_a-reallocr.o)
                0x0000000010008678                _realloc_r
 .text          0x00000000100089cc       0x24 /usr/lib/gcc/arm-none-eabi/10.3.1/../../../arm-none-eabi/lib/thumb/v6-m/nofp/libc.a(lib_a-sbrkr.o)
                0x00000000100089cc                _sbrk_r
 .text          0x00000000100089f0       0x4c /usr/lib/gcc/arm-none-eabi/10.3.1/../../../arm-none-eabi/lib/thumb/v6-m/nofp/libc.a(lib_a-stpcpy.o)
                0x00000000100089f0                stpcpy
 .text          0x0000000010008a3c       0x10 /usr/lib/gcc/arm-none-eabi/10.3.1/../../../arm-none-eabi/lib/thumb/v6-m/nofp/libc.a(lib_a-strcpy.o)
                0x0000000010008a3c                strcpy
 .text          0x0000000010008a4c      0xc00 /usr/lib/gcc/arm-none-eabi/10.3.1/../../../arm-none-eabi/lib/thumb/v6-m/nofp/libc.a(lib_a-strftime.o)
                0x000000001000963c                strftime
                0x0000000010009644                strftime_l
 .text          0x000000001000964c       0x5c /usr/lib/gcc/arm-none-eabi/10.3.1/../../../arm-none-eabi/lib/thumb/v6-m/nofp/libc.a(lib_a-strlen-stub.o)
                0x000000001000964c                strlen
 .text          0x00000000100096a8       0x14 /usr/lib/gcc/arm-none-eabi/10.3.1/../../../arm-none-eabi/lib/thumb/v6-m/nofp/libc.a(lib_a-strtok.o)
                0x00000000100096a8                strtok
 .text          0x00000000100096bc       0x78 /usr/lib/gcc/arm-none-eabi/10.3.1/../../../arm-none-eabi/lib/thumb/v6-m/nofp/libc.a(lib_a-strtok_r.o)
                0x00000000100096bc                __strtok_r
                0x0000000010009728                strtok_r
 .text          0x0000000010009734      0x1b8 /usr/lib/gcc/arm-none-eabi/10.3.1/../../../arm-none-eabi/lib/thumb/v6-m/nofp/libc.a(lib_a-strtol.o)
                0x0000000010009878                _strtol_r
                0x0000000010009894                strtol_l
                0x00000000100098c0                strtol
 .text          0x00000000100098ec      0x180 /usr/lib/gcc/arm-none-eabi/10.3.1/../../../arm-none-eabi/lib/thumb/v6-m/nofp/libc.a(lib_a-strtoul.o)
                0x0000000010009a34                _strtoul_r
                0x0000000010009a3c                strtoul_l
                0x0000000010009a54                strtoul
 .text          0x0000000010009a6c      0x19c /usr/lib/gcc/arm-none-eabi/10.3.1/../../../arm-none-eabi/lib/thumb/v6-m/nofp/libc.a(lib_a-tzcalc_limits.o)
                0x0000000010009a6c                __tzcalc_limits
 .text          0x0000000010009c08        0x8 /usr/lib/gcc/arm-none-eabi/10.3.1/../../../arm-none-eabi/lib/thumb/v6-m/nofp/libc.a(lib_a-tzlock.o)
                0x0000000010009c08                __tz_lock
                0x0000000010009c0c                __tz_unlock
 .text          0x0000000010009c10       0x28 /usr/lib/gcc/arm-none-eabi/10.3.1/../../../arm-none-eabi/lib/thumb/v6-m/nofp/libc.a(lib_a-tzset.o)
                0x0000000010009c10                _tzset_unlocked
                0x0000000010009c20                tzset
 .text          0x0000000010009c38      0x358 /usr/lib/gcc/arm-none-eabi/10.3.1/../../../arm-none-eabi/lib/thumb/v6-m/nofp/libc.a(lib_a-tzset_r.o)
                0x0000000010009c38                _tzset_unlocked_r
                0x0000000010009f7c                _tzset_r
 .text          0x0000000010009f90        0x8 /usr/lib/gcc/arm-none-eabi/10.3.1/../../../arm-none-eabi/lib/thumb/v6-m/nofp/libc.a(lib_a-abs.o)
                0x0000000010009f90                abs
 .text          0x0000000010009f98       0x30 /usr/lib/gcc/arm-none-eabi/10.3.1/../../../arm-none-eabi/lib/thumb/v6-m/nofp/libc.a(lib_a-div.o)
                0x0000000010009f98                div
 .text          0x0000000010009fc8        0xc /usr/lib/gcc/arm-none-eabi/10.3.1/../../../arm-none-eabi/lib/thumb/v6-m/nofp/libc.a(lib_a-errno.o)
                0x0000000010009fc8                __errno
 .text          0x0000000010009fd4      0x260 /usr/lib/gcc/arm-none-eabi/10.3.1/../../../arm-none-eabi/lib/thumb/v6-m/nofp/libc.a(lib_a-freer.o)
                0x0000000010009fd4                _malloc_trim_r
                0x000000001000a070                _free_r
 .text          0x000000001000a234       0xa0 /usr/lib/gcc/arm-none-eabi/10.3.1/../../../arm-none-eabi/lib/thumb/v6-m/nofp/libc.a(lib_a-getenv_r.o)
                0x000000001000a234                _findenv_r
                0x000000001000a2c4                _getenv_r
 .text          0x000000001000a2d4        0x8 /usr/lib/gcc/arm-none-eabi/10.3.1/../../../arm-none-eabi/lib/thumb/v6-m/nofp/libc.a(lib_a-gettzinfo.o)
                0x000000001000a2d4                __gettzinfo
 .text          0x000000001000a2dc      0x1d4 /usr/lib/gcc/arm-none-eabi/10.3.1/../../../arm-none-eabi/lib/thumb/v6-m/nofp/libc.a(lib_a-gmtime_r.o)
                0x000000001000a2dc                gmtime_r
 .text          0x000000001000a4b0        0x8 /usr/lib/gcc/arm-none-eabi/10.3.1/../../../arm-none-eabi/lib/thumb/v6-m/nofp/libc.a(lib_a-labs.o)
                0x000000001000a4b0                labs
 .text          0x000000001000a4b8       0xa0 /usr/lib/gcc/arm-none-eabi/10.3.1/../../../arm-none-eabi/lib/thumb/v6-m/nofp/libc.a(lib_a-siscanf.o)
                0x000000001000a4b8                siscanf
                0x000000001000a508                _siscanf_r
 .text          0x000000001000a558      0x100 /usr/lib/gcc/arm-none-eabi/10.3.1/../../../arm-none-eabi/lib/thumb/v6-m/nofp/libc.a(lib_a-sniprintf.o)
                0x000000001000a558                _sniprintf_r
                0x000000001000a5d4                sniprintf
 .text          0x000000001000a658       0xa4 /usr/lib/gcc/arm-none-eabi/10.3.1/../../../arm-none-eabi/lib/thumb/v6-m/nofp/libc.a(lib_a-stdio.o)
                0x000000001000a658                __sread
                0x000000001000a680                __seofread
                0x000000001000a684                __swrite
                0x000000001000a6c4                __sseek
                0x000000001000a6f0                __sclose
 .text          0x000000001000a6fc       0x88 /usr/lib/gcc/arm-none-eabi/10.3.1/../../../arm-none-eabi/lib/thumb/v6-m/nofp/libc.a(lib_a-strcmp.o)
                0x000000001000a6fc                strcmp
 .text          0x000000001000a784       0x74 /usr/lib/gcc/arm-none-eabi/10.3.1/../../../arm-none-eabi/lib/thumb/v6-m/nofp/libc.a(lib_a-strncmp.o)
                0x000000001000a784                strncmp
 .text          0x000000001000a7f8      0xbfc /usr/lib/gcc/arm-none-eabi/10.3.1/../../../arm-none-eabi/lib/thumb/v6-m/nofp/libc.a(lib_a-svfiprintf.o)
                0x000000001000a7f8                __ssprint_r
                0x000000001000a90c                _svfiprintf_r
 .text          0x000000001000b3f4      0xf10 /usr/lib/gcc/arm-none-eabi/10.3.1/../../../arm-none-eabi/lib/thumb/v6-m/nofp/libc.a(lib_a-svfiscanf.o)
                0x000000001000b3f4                _sungetc_r
                0x000000001000b478                __ssrefill_r
                0x000000001000b4b8                _sfread_r
                0x000000001000b57c                __ssvfiscanf_r
 .text          0x000000001000c304      0x188 /usr/lib/gcc/arm-none-eabi/10.3.1/../../../arm-none-eabi/lib/thumb/v6-m/nofp/libc.a(lib_a-ungetc.o)
                0x000000001000c304                __submore
                0x000000001000c388                _ungetc_r
                0x000000001000c474                ungetc
 .text          0x000000001000c48c       0x28 /usr/lib/gcc/arm-none-eabi/10.3.1/../../../arm-none-eabi/lib/thumb/v6-m/nofp/libc.a(lib_a-writer.o)
                0x000000001000c48c                _write_r
 .text          0x000000001000c4b4       0x24 /usr/lib/gcc/arm-none-eabi/10.3.1/../../../arm-none-eabi/lib/thumb/v6-m/nofp/libc.a(lib_a-closer.o)
                0x000000001000c4b4                _close_r
 .text          0x000000001000c4d8        0x8 /usr/lib/gcc/arm-none-eabi/10.3.1/../../../arm-none-eabi/lib/thumb/v6-m/nofp/libc.a(lib_a-envlock.o)
                0x000000001000c4d8                __env_lock
                0x000000001000c4dc                __env_unlock
 .text          0x000000001000c4e0      0x1c0 /usr/lib/gcc/arm-none-eabi/10.3.1/../../../arm-none-eabi/lib/thumb/v6-m/nofp/libc.a(lib_a-fflush.o)
                0x000000001000c4e0                __sflush_r
                0x000000001000c620                _fflush_r
                0x000000001000c64c                fflush
 .text          0x000000001000c6a0      0x248 /usr/lib/gcc/arm-none-eabi/10.3.1/../../../arm-none-eabi/lib/thumb/v6-m/nofp/libc.a(lib_a-findfp.o)
                0x000000001000c6a4                _cleanup_r
                0x000000001000c7a0                __sfmoreglue
                0x000000001000c7d0                __sfp
                0x000000001000c880                _cleanup
                0x000000001000c898                __sinit
                0x000000001000c8a8                __sfp_lock_acquire
                0x000000001000c8ac                __sfp_lock_release
                0x000000001000c8b0                __sinit_lock_acquire
                0x000000001000c8b4                __sinit_lock_release
                0x000000001000c8b8                __fp_lock_all
                0x000000001000c8d0                __fp_unlock_all
 .text          0x000000001000c8e8       0x88 /usr/lib/gcc/arm-none-eabi/10.3.1/../../../arm-none-eabi/lib/thumb/v6-m/nofp/libc.a(lib_a-fwalk.o)
                0x000000001000c8e8                _fwalk
                0x000000001000c928                _fwalk_reent
 .text          0x000000001000c970        0xc /usr/lib/gcc/arm-none-eabi/10.3.1/../../../arm-none-eabi/lib/thumb/v6-m/nofp/libc.a(lib_a-iswspace.o)
                0x000000001000c970                iswspace
 .text          0x000000001000c97c       0x18 /usr/lib/gcc/arm-none-eabi/10.3.1/../../../arm-none-eabi/lib/thumb/v6-m/nofp/libc.a(lib_a-iswspace_l.o)
                0x000000001000c97c                iswspace_l
 .text          0x000000001000c994       0x98 /usr/lib/gcc/arm-none-eabi/10.3.1/../../../arm-none-eabi/lib/thumb/v6-m/nofp/libc.a(lib_a-locale.o)
                0x000000001000c994                _setlocale_r
                0x000000001000c9d8                __locale_mb_cur_max
                0x000000001000c9e8                setlocale
 .text          0x000000001000ca2c       0x28 /usr/lib/gcc/arm-none-eabi/10.3.1/../../../arm-none-eabi/lib/thumb/v6-m/nofp/libc.a(lib_a-lseekr.o)
                0x000000001000ca2c                _lseek_r
 .text          0x000000001000ca54       0x9c /usr/lib/gcc/arm-none-eabi/10.3.1/../../../arm-none-eabi/lib/thumb/v6-m/nofp/libc.a(lib_a-mbrtowc.o)
                0x000000001000ca54                _mbrtowc_r
                0x000000001000caa0                mbrtowc
 .text          0x000000001000caf0       0x44 /usr/lib/gcc/arm-none-eabi/10.3.1/../../../arm-none-eabi/lib/thumb/v6-m/nofp/libc.a(lib_a-mbtowc_r.o)
                0x000000001000caf0                _mbtowc_r
                0x000000001000cb08                __ascii_mbtowc
 .text          0x000000001000cb34       0x28 /usr/lib/gcc/arm-none-eabi/10.3.1/../../../arm-none-eabi/lib/thumb/v6-m/nofp/libc.a(lib_a-readr.o)
                0x000000001000cb34                _read_r
 .text          0x000000001000cb5c       0x80 /usr/lib/gcc/arm-none-eabi/10.3.1/../../../arm-none-eabi/lib/thumb/v6-m/nofp/libc.a(lib_a-sccl.o)
                0x000000001000cb5c                __sccl
 .text          0x000000001000cbdc      0x1d0 /usr/lib/gcc/arm-none-eabi/10.3.1/../../../arm-none-eabi/lib/thumb/v6-m/nofp/libc.a(lib_a-strtoll.o)
                0x000000001000cd74                _strtoll_r
                0x000000001000cd7c                strtoll_l
                0x000000001000cd94                strtoll
 .text          0x000000001000cdac      0x1f4 /usr/lib/gcc/arm-none-eabi/10.3.1/../../../arm-none-eabi/lib/thumb/v6-m/nofp/libc.a(lib_a-strtoull.o)
                0x000000001000cf68                _strtoull_r
                0x000000001000cf70                strtoull_l
                0x000000001000cf88                strtoull
 .text          0x000000001000cfa0       0x2c /usr/lib/gcc/arm-none-eabi/10.3.1/../../../arm-none-eabi/lib/thumb/v6-m/nofp/libc.a(lib_a-wctomb_r.o)
                0x000000001000cfa0                _wctomb_r
                0x000000001000cfb0                __ascii_wctomb
 .text          0x000000001000cfcc       0xe8 /usr/lib/gcc/arm-none-eabi/10.3.1/../../../arm-none-eabi/lib/thumb/v6-m/nofp/libc.a(lib_a-fclose.o)
                0x000000001000d03c                _fclose_r
                0x000000001000d074                fclose
 *(.fini)
 .fini          0x000000001000d0b4        0x4 /usr/lib/gcc/arm-none-eabi/10.3.1/thumb/v6-m/nofp/crti.o
                0x000000001000d0b4                _fini
 .fini.__stub   0x000000001000d0b8      0x100 linker stubs
 *crtbegin.o(.ctors)
 *crtbegin?.o(.ctors)
 *(EXCLUDE_FILE(*crtend.o *crtend?.o) .ctors)
 *(SORT_BY_NAME(.ctors.*))
 *(.ctors)
 *crtbegin.o(.dtors)
 *crtbegin?.o(.dtors)
 *(EXCLUDE_FILE(*crtend.o *crtend?.o) .dtors)
 *(SORT_BY_NAME(.dtors.*))
 *(.dtors)
 *(.eh_frame*)
 .eh_frame      0x000000001000d1b8        0x0 /usr/lib/gcc/arm-none-eabi/10.3.1/thumb/v6-m/nofp/crtbegin.o
                0x000000001000d1b8                . = ALIGN (0x4)

.glue_7         0x000000001000d1b8        0x0
 .glue_7        0x000000001000d1b8        0x0 linker stubs

.glue_7t        0x000000001000d1b8        0x0
 .glue_7t       0x000000001000d1b8        0x0 linker stubs

.vfp11_veneer   0x000000001000d1b8        0x0
 .vfp11_veneer  0x000000001000d1b8        0x0 linker stubs

.v4_bx          0x000000001000d1b8        0x0
 .v4_bx         0x000000001000d1b8        0x0 linker stubs

.iplt           0x000000001000d1b8        0x0
 .iplt          0x000000001000d1b8        0x0 /usr/lib/gcc/arm-none-eabi/10.3.1/thumb/v6-m/nofp/crtbegin.o

.rodata         0x000000001000d1b8     0x1180
 *(EXCLUDE_FILE(*libm.a: *libc.a:*lib_a-mem*.o *libgcc.a:) .rodata*)
 .rodata.processTime.str1.4
                0x000000001000d1b8        0x6 CMakeFiles/gps-clock.dir/main.c.obj
 *fill*         0x000000001000d1be        0x2 
 .rodata.runTopLoop.str1.4
                0x000000001000d1c0        0x4 CMakeFiles/gps-clock.dir/displays.c.obj
 .rodata.setTime.str1.4
                0x000000001000d1c4        0xd CMakeFiles/gps-clock.dir/displays.c.obj
 *fill*         0x000000001000d1d1        0x3 
 .rodata.displayDriver_program
                0x000000001000d1d4        0x6 CMakeFiles/gps-clock.dir/displays.c.obj
 *fill*         0x000000001000d1da        0x2 
 .rodata.displayDriver_program_instructions
                0x000000001000d1dc       0x12 CMakeFiles/gps-clock.dir/displays.c.obj
 *fill*         0x000000001000d1ee        0x2 
 .rodata.spin_lock_claim_unused.str1.4
                0x000000001000d1f0       0x1b CMakeFiles/gps-clock.dir/home/pedrohcs8/pico/pico-sdk/src/rp2_common/hardware_sync/sync.c.obj
 *fill*         0x000000001000d20b        0x1 
 .rodata.user_irq_claim_unused.str1.4
                0x000000001000d20c       0x1b CMakeFiles/gps-clock.dir/home/pedrohcs8/pico/pico-sdk/src/rp2_common/hardware_irq/irq.c.obj
 *fill*         0x000000001000d227        0x1 
 .rodata.at_the_end_of_time
                0x000000001000d228        0x8 CMakeFiles/gps-clock.dir/home/pedrohcs8/pico/pico-sdk/src/common/pico_time/time.c.obj
                0x000000001000d228                at_the_end_of_time
 .rodata.hardware_alarm_claim.str1.4
                0x000000001000d230       0x22 CMakeFiles/gps-clock.dir/home/pedrohcs8/pico/pico-sdk/src/rp2_common/hardware_timer/timer.c.obj
 *fill*         0x000000001000d252        0x2 
 .rodata.panic.str1.4
                0x000000001000d254       0x12 CMakeFiles/gps-clock.dir/home/pedrohcs8/pico/pico-sdk/src/rp2_common/pico_runtime/runtime.c.obj
 *fill*         0x000000001000d266        0x2 
 .rodata.hard_assertion_failure.str1.4
                0x000000001000d268        0xc CMakeFiles/gps-clock.dir/home/pedrohcs8/pico/pico-sdk/src/rp2_common/pico_runtime/runtime.c.obj
 .rodata._ftoa.str1.4
                0x000000001000d274       0x15 CMakeFiles/gps-clock.dir/home/pedrohcs8/pico/pico-sdk/src/rp2_common/pico_printf/printf.c.obj
 *fill*         0x000000001000d289        0x3 
 .rodata._vsnprintf
                0x000000001000d28c      0x1e0 CMakeFiles/gps-clock.dir/home/pedrohcs8/pico/pico-sdk/src/rp2_common/pico_printf/printf.c.obj
 *fill*         0x000000001000d46c        0x4 
 .rodata.pow10.0
                0x000000001000d470       0x50 CMakeFiles/gps-clock.dir/home/pedrohcs8/pico/pico-sdk/src/rp2_common/pico_printf/printf.c.obj
 .rodata.str1.4
                0x000000001000d4c0       0x40 CMakeFiles/gps-clock.dir/home/pedrohcs8/pico/pico-sdk/src/rp2_common/pico_standard_link/binary_info.c.obj
 .rodata.__bi_44
                0x000000001000d500        0xc CMakeFiles/gps-clock.dir/home/pedrohcs8/pico/pico-sdk/src/rp2_common/pico_standard_link/binary_info.c.obj
 .rodata.__bi_75
                0x000000001000d50c        0xc CMakeFiles/gps-clock.dir/home/pedrohcs8/pico/pico-sdk/src/rp2_common/pico_standard_link/binary_info.c.obj
 .rodata.__bi_81
                0x000000001000d518        0xc CMakeFiles/gps-clock.dir/home/pedrohcs8/pico/pico-sdk/src/rp2_common/pico_standard_link/binary_info.c.obj
 .rodata.crlf_str.0
                0x000000001000d524        0x2 CMakeFiles/gps-clock.dir/home/pedrohcs8/pico/pico-sdk/src/rp2_common/pico_stdio/stdio.c.obj
 *fill*         0x000000001000d526        0x2 
 .rodata._resetd_driver
                0x000000001000d528       0x18 CMakeFiles/gps-clock.dir/home/pedrohcs8/pico/pico-sdk/src/rp2_common/pico_stdio_usb/reset_interface.c.obj
 .rodata.str1.4
                0x000000001000d540       0x13 CMakeFiles/gps-clock.dir/home/pedrohcs8/pico/pico-sdk/src/rp2_common/pico_stdio_usb/stdio_usb.c.obj
 *fill*         0x000000001000d553        0x1 
 .rodata.__bi_182.0
                0x000000001000d554        0xc CMakeFiles/gps-clock.dir/home/pedrohcs8/pico/pico-sdk/src/rp2_common/pico_stdio_usb/stdio_usb.c.obj
 .rodata.str1.4
                0x000000001000d560       0x2a CMakeFiles/gps-clock.dir/home/pedrohcs8/pico/pico-sdk/src/rp2_common/pico_stdio_usb/stdio_usb_descriptors.c.obj
 *fill*         0x000000001000d58a        0x2 
 .rodata.usbd_desc_cfg
                0x000000001000d58c       0x54 CMakeFiles/gps-clock.dir/home/pedrohcs8/pico/pico-sdk/src/rp2_common/pico_stdio_usb/stdio_usb_descriptors.c.obj
 .rodata.usbd_desc_device
                0x000000001000d5e0       0x12 CMakeFiles/gps-clock.dir/home/pedrohcs8/pico/pico-sdk/src/rp2_common/pico_stdio_usb/stdio_usb_descriptors.c.obj
 *fill*         0x000000001000d5f2        0x2 
 .rodata.usbd_desc_str
                0x000000001000d5f4       0x18 CMakeFiles/gps-clock.dir/home/pedrohcs8/pico/pico-sdk/src/rp2_common/pico_stdio_usb/stdio_usb_descriptors.c.obj
 .rodata.str1.4
                0x000000001000d60c       0x14 CMakeFiles/gps-clock.dir/home/pedrohcs8/pico/pico-sdk/lib/tinyusb/src/portable/raspberrypi/rp2040/dcd_rp2040.c.obj
 .rodata.str1.4
                0x000000001000d620       0x53 CMakeFiles/gps-clock.dir/home/pedrohcs8/pico/pico-sdk/lib/tinyusb/src/portable/raspberrypi/rp2040/rp2040_usb.c.obj
 *fill*         0x000000001000d673        0x1 
 .rodata.tud_task_ext
                0x000000001000d674       0x8c CMakeFiles/gps-clock.dir/home/pedrohcs8/pico/pico-sdk/lib/tinyusb/src/device/usbd.c.obj
 .rodata._usbd_driver
                0x000000001000d700       0x18 CMakeFiles/gps-clock.dir/home/pedrohcs8/pico/pico-sdk/lib/tinyusb/src/device/usbd.c.obj
 .rodata.pio_add_program.str1.4
                0x000000001000d718       0x11 CMakeFiles/gps-clock.dir/home/pedrohcs8/pico/pico-sdk/src/rp2_common/hardware_pio/pio.c.obj
 *fill*         0x000000001000d729        0x3 
 .rodata        0x000000001000d72c        0x4 /usr/lib/gcc/arm-none-eabi/10.3.1/../../../arm-none-eabi/lib/thumb/v6-m/nofp/libc.a(lib_a-impure.o)
                0x000000001000d72c                _global_impure_ptr
 .rodata        0x000000001000d730       0x60 /usr/lib/gcc/arm-none-eabi/10.3.1/../../../arm-none-eabi/lib/thumb/v6-m/nofp/libc.a(lib_a-mktime.o)
 .rodata        0x000000001000d790       0x60 /usr/lib/gcc/arm-none-eabi/10.3.1/../../../arm-none-eabi/lib/thumb/v6-m/nofp/libc.a(lib_a-month_lengths.o)
                0x000000001000d790                __month_lengths
 .rodata        0x000000001000d7f0      0x2b8 /usr/lib/gcc/arm-none-eabi/10.3.1/../../../arm-none-eabi/lib/thumb/v6-m/nofp/libc.a(lib_a-strftime.o)
 .rodata.str1.4
                0x000000001000daa8       0x7c /usr/lib/gcc/arm-none-eabi/10.3.1/../../../arm-none-eabi/lib/thumb/v6-m/nofp/libc.a(lib_a-strftime.o)
                                         0x80 (size before relaxing)
 .rodata.str1.4
                0x000000001000db24      0x158 /usr/lib/gcc/arm-none-eabi/10.3.1/../../../arm-none-eabi/lib/thumb/v6-m/nofp/libc.a(lib_a-timelocal.o)
                                        0x159 (size before relaxing)
 .rodata        0x000000001000dc7c       0xfc /usr/lib/gcc/arm-none-eabi/10.3.1/../../../arm-none-eabi/lib/thumb/v6-m/nofp/libc.a(lib_a-timelocal.o)
                0x000000001000dc7c                _C_time_locale
 .rodata.str1.4
                0x000000001000dd78       0x53 /usr/lib/gcc/arm-none-eabi/10.3.1/../../../arm-none-eabi/lib/thumb/v6-m/nofp/libc.a(lib_a-tzset_r.o)
 .rodata.str1.4
                0x000000001000ddcb        0x4 /usr/lib/gcc/arm-none-eabi/10.3.1/../../../arm-none-eabi/lib/thumb/v6-m/nofp/libc.a(lib_a-tzvars.o)
 *fill*         0x000000001000ddcb        0x1 
 .rodata        0x000000001000ddcc      0x101 /usr/lib/gcc/arm-none-eabi/10.3.1/../../../arm-none-eabi/lib/thumb/v6-m/nofp/libc.a(lib_a-ctype_.o)
                0x000000001000ddcc                _ctype_
 *fill*         0x000000001000decd        0x3 
 .rodata.str1.4
                0x000000001000ded0       0x2f /usr/lib/gcc/arm-none-eabi/10.3.1/../../../arm-none-eabi/lib/thumb/v6-m/nofp/libc.a(lib_a-svfiprintf.o)
 *fill*         0x000000001000deff        0x1 
 .rodata        0x000000001000df00      0x184 /usr/lib/gcc/arm-none-eabi/10.3.1/../../../arm-none-eabi/lib/thumb/v6-m/nofp/libc.a(lib_a-svfiprintf.o)
 .rodata        0x000000001000e084      0x2aa /usr/lib/gcc/arm-none-eabi/10.3.1/../../../arm-none-eabi/lib/thumb/v6-m/nofp/libc.a(lib_a-svfiscanf.o)
 *fill*         0x000000001000e32e        0x2 
 .rodata.str1.4
                0x000000001000e330        0x6 /usr/lib/gcc/arm-none-eabi/10.3.1/../../../arm-none-eabi/lib/thumb/v6-m/nofp/libc.a(lib_a-locale.o)
                                         0x12 (size before relaxing)
 .rodata.str1.4
                0x000000001000e336        0x1 /usr/lib/gcc/arm-none-eabi/10.3.1/../../../arm-none-eabi/lib/thumb/v6-m/nofp/libc.a(lib_a-mbrtowc.o)
                0x000000001000e338                . = ALIGN (0x4)
 *fill*         0x000000001000e336        0x2 
 *(SORT_BY_ALIGNMENT(SORT_BY_NAME(.flashdata*)))
                0x000000001000e338                . = ALIGN (0x4)

.ARM.extab
 *(.ARM.extab* .gnu.linkonce.armextab.*)
                0x000000001000e338                __exidx_start = .

.ARM.exidx
 *(.ARM.exidx* .gnu.linkonce.armexidx.*)
                0x000000001000e338                __exidx_end = .
                0x000000001000e338                . = ALIGN (0x4)
                0x000000001000e338                __binary_info_start = .

.binary_info    0x000000001000e338       0x20
 *(.binary_info.keep.*)
 .binary_info.keep.__bi_ptr22
                0x000000001000e338        0x4 CMakeFiles/gps-clock.dir/home/pedrohcs8/pico/pico-sdk/src/rp2_common/pico_standard_link/binary_info.c.obj
 .binary_info.keep.__bi_ptr30
                0x000000001000e33c        0x4 CMakeFiles/gps-clock.dir/home/pedrohcs8/pico/pico-sdk/src/rp2_common/pico_standard_link/binary_info.c.obj
 .binary_info.keep.__bi_ptr38
                0x000000001000e340        0x4 CMakeFiles/gps-clock.dir/home/pedrohcs8/pico/pico-sdk/src/rp2_common/pico_standard_link/binary_info.c.obj
 .binary_info.keep.__bi_ptr44
                0x000000001000e344        0x4 CMakeFiles/gps-clock.dir/home/pedrohcs8/pico/pico-sdk/src/rp2_common/pico_standard_link/binary_info.c.obj
 .binary_info.keep.__bi_ptr50
                0x000000001000e348        0x4 CMakeFiles/gps-clock.dir/home/pedrohcs8/pico/pico-sdk/src/rp2_common/pico_standard_link/binary_info.c.obj
 .binary_info.keep.__bi_ptr75
                0x000000001000e34c        0x4 CMakeFiles/gps-clock.dir/home/pedrohcs8/pico/pico-sdk/src/rp2_common/pico_standard_link/binary_info.c.obj
 .binary_info.keep.__bi_ptr81
                0x000000001000e350        0x4 CMakeFiles/gps-clock.dir/home/pedrohcs8/pico/pico-sdk/src/rp2_common/pico_standard_link/binary_info.c.obj
 *(.binary_info.*)
 .binary_info.__bi_ptr182
                0x000000001000e354        0x4 CMakeFiles/gps-clock.dir/home/pedrohcs8/pico/pico-sdk/src/rp2_common/pico_stdio_usb/stdio_usb.c.obj
                0x000000001000e358                __binary_info_end = .

.rel.dyn        0x000000001000e358        0x0
 .rel.iplt      0x000000001000e358        0x0 /usr/lib/gcc/arm-none-eabi/10.3.1/thumb/v6-m/nofp/crtbegin.o
                0x000000001000e358                . = ALIGN (0x4)

.ram_vector_table
                0x0000000020000000       0xc0
 *(.ram_vector_table)
 .ram_vector_table
                0x0000000020000000       0xc0 CMakeFiles/gps-clock.dir/home/pedrohcs8/pico/pico-sdk/src/rp2_common/pico_runtime/runtime.c.obj
                0x0000000020000000                ram_vector_table

.data           0x00000000200000c0     0x1a28 load address 0x000000001000e358
                0x00000000200000c0                __data_start__ = .
 *(vtable)
 *(.time_critical*)
 .time_critical.mutex_enter_blocking
                0x00000000200000c0       0x48 CMakeFiles/gps-clock.dir/home/pedrohcs8/pico/pico-sdk/src/common/pico_sync/mutex.c.obj
                0x00000000200000c0                mutex_enter_blocking
 .time_critical.mutex_try_enter
                0x0000000020000108       0x44 CMakeFiles/gps-clock.dir/home/pedrohcs8/pico/pico-sdk/src/common/pico_sync/mutex.c.obj
                0x0000000020000108                mutex_try_enter
 .time_critical.mutex_try_enter_block_until
                0x000000002000014c       0x9c CMakeFiles/gps-clock.dir/home/pedrohcs8/pico/pico-sdk/src/common/pico_sync/mutex.c.obj
                0x000000002000014c                mutex_try_enter_block_until
 .time_critical.mutex_enter_timeout_ms
                0x00000000200001e8       0x90 CMakeFiles/gps-clock.dir/home/pedrohcs8/pico/pico-sdk/src/common/pico_sync/mutex.c.obj
                0x00000000200001e8                mutex_enter_timeout_ms
 .time_critical.mutex_exit
                0x0000000020000278       0x28 CMakeFiles/gps-clock.dir/home/pedrohcs8/pico/pico-sdk/src/common/pico_sync/mutex.c.obj
                0x0000000020000278                mutex_exit
 .time_critical.flash_init_boot2_copyout
                0x00000000200002a0       0x30 CMakeFiles/gps-clock.dir/home/pedrohcs8/pico/pico-sdk/src/rp2_common/hardware_flash/flash.c.obj
 .time_critical.flash_enable_xip_via_boot2
                0x00000000200002d0       0x10 CMakeFiles/gps-clock.dir/home/pedrohcs8/pico/pico-sdk/src/rp2_common/hardware_flash/flash.c.obj
 .time_critical.flash_cs_force
                0x00000000200002e0       0x38 CMakeFiles/gps-clock.dir/home/pedrohcs8/pico/pico-sdk/src/rp2_common/hardware_flash/flash.c.obj
 .time_critical.flash_do_cmd
                0x0000000020000318       0xc4 CMakeFiles/gps-clock.dir/home/pedrohcs8/pico/pico-sdk/src/rp2_common/hardware_flash/flash.c.obj
                0x0000000020000318                flash_do_cmd
 .time_critical.reset_non_control_endpoints
                0x00000000200003dc       0xbc CMakeFiles/gps-clock.dir/home/pedrohcs8/pico/pico-sdk/lib/tinyusb/src/portable/raspberrypi/rp2040/dcd_rp2040.c.obj
 .time_critical.hw_handle_buff_status
                0x0000000020000498       0xa8 CMakeFiles/gps-clock.dir/home/pedrohcs8/pico/pico-sdk/lib/tinyusb/src/portable/raspberrypi/rp2040/dcd_rp2040.c.obj
 .time_critical.dcd_rp2040_irq
                0x0000000020000540      0x4d8 CMakeFiles/gps-clock.dir/home/pedrohcs8/pico/pico-sdk/lib/tinyusb/src/portable/raspberrypi/rp2040/dcd_rp2040.c.obj
 .time_critical.e15_is_bulkin_ep
                0x0000000020000a18       0x28 CMakeFiles/gps-clock.dir/home/pedrohcs8/pico/pico-sdk/lib/tinyusb/src/portable/raspberrypi/rp2040/rp2040_usb.c.obj
 .time_critical.e15_is_critical_frame_period
                0x0000000020000a40       0x34 CMakeFiles/gps-clock.dir/home/pedrohcs8/pico/pico-sdk/lib/tinyusb/src/portable/raspberrypi/rp2040/rp2040_usb.c.obj
 .time_critical.prepare_ep_buffer
                0x0000000020000a74       0x70 CMakeFiles/gps-clock.dir/home/pedrohcs8/pico/pico-sdk/lib/tinyusb/src/portable/raspberrypi/rp2040/rp2040_usb.c.obj
 .time_critical.sync_ep_buffer
                0x0000000020000ae4       0x4c CMakeFiles/gps-clock.dir/home/pedrohcs8/pico/pico-sdk/lib/tinyusb/src/portable/raspberrypi/rp2040/rp2040_usb.c.obj
 .time_critical._hw_endpoint_xfer_sync
                0x0000000020000b30       0x28 CMakeFiles/gps-clock.dir/home/pedrohcs8/pico/pico-sdk/lib/tinyusb/src/portable/raspberrypi/rp2040/rp2040_usb.c.obj
 .time_critical.hw_endpoint_reset_transfer
                0x0000000020000b58        0xc CMakeFiles/gps-clock.dir/home/pedrohcs8/pico/pico-sdk/lib/tinyusb/src/portable/raspberrypi/rp2040/rp2040_usb.c.obj
                0x0000000020000b58                hw_endpoint_reset_transfer
 .time_critical._hw_endpoint_buffer_control_update32
                0x0000000020000b64       0x58 CMakeFiles/gps-clock.dir/home/pedrohcs8/pico/pico-sdk/lib/tinyusb/src/portable/raspberrypi/rp2040/rp2040_usb.c.obj
                0x0000000020000b64                _hw_endpoint_buffer_control_update32
 .time_critical.hw_endpoint_start_next_buffer
                0x0000000020000bbc       0x6c CMakeFiles/gps-clock.dir/home/pedrohcs8/pico/pico-sdk/lib/tinyusb/src/portable/raspberrypi/rp2040/rp2040_usb.c.obj
                0x0000000020000bbc                hw_endpoint_start_next_buffer
 .time_critical.hw_endpoint_xfer_continue
                0x0000000020000c28       0x50 CMakeFiles/gps-clock.dir/home/pedrohcs8/pico/pico-sdk/lib/tinyusb/src/portable/raspberrypi/rp2040/rp2040_usb.c.obj
                0x0000000020000c28                hw_endpoint_xfer_continue
 .time_critical.tinyusb
                0x0000000020000c78      0x170 CMakeFiles/gps-clock.dir/home/pedrohcs8/pico/pico-sdk/lib/tinyusb/src/device/usbd.c.obj
                0x0000000020000c78                dcd_event_handler
 *(.text*)
 .text          0x0000000020000de8        0x4 /usr/lib/gcc/arm-none-eabi/10.3.1/thumb/v6-m/nofp/libgcc.a(_dvmd_tls.o)
                0x0000000020000de8                __aeabi_ldiv0
                0x0000000020000de8                __aeabi_idiv0
 .text          0x0000000020000dec       0xac /usr/lib/gcc/arm-none-eabi/10.3.1/../../../arm-none-eabi/lib/thumb/v6-m/nofp/libc.a(lib_a-memmove.o)
                0x0000000020000dec                memmove
 .text          0x0000000020000e98       0x74 /usr/lib/gcc/arm-none-eabi/10.3.1/../../../arm-none-eabi/lib/thumb/v6-m/nofp/libc.a(lib_a-memchr-stub.o)
                0x0000000020000e98                memchr
 *fill*         0x0000000020000f0c        0x4 
 .text.__stub   0x0000000020000f10       0x70 linker stubs
                0x0000000020000f80                . = ALIGN (0x4)
 *(.rodata*)
                0x0000000020000f80                . = ALIGN (0x4)
 *(.data*)
 .data.bottomDisplayState
                0x0000000020000f80        0x1 CMakeFiles/gps-clock.dir/displays.c.obj
                0x0000000020000f80                bottomDisplayState
 .data.decimalPointState
                0x0000000020000f81        0x1 CMakeFiles/gps-clock.dir/displays.c.obj
                0x0000000020000f81                decimalPointState
 *fill*         0x0000000020000f82        0x2 
 .data.digitsBottom
                0x0000000020000f84       0x10 CMakeFiles/gps-clock.dir/displays.c.obj
                0x0000000020000f84                digitsBottom
 .data.digitsTop
                0x0000000020000f94       0x18 CMakeFiles/gps-clock.dir/displays.c.obj
                0x0000000020000f94                digitsTop
 .data.numberTable
                0x0000000020000fac        0xb CMakeFiles/gps-clock.dir/displays.c.obj
                0x0000000020000fac                numberTable
 *fill*         0x0000000020000fb7        0x1 
 .data.numberTable2
                0x0000000020000fb8        0xb CMakeFiles/gps-clock.dir/displays.c.obj
                0x0000000020000fb8                numberTable2
 *fill*         0x0000000020000fc3        0x1 
 .data.register_clock_pin
                0x0000000020000fc4        0x4 CMakeFiles/gps-clock.dir/displays.c.obj
                0x0000000020000fc4                register_clock_pin
 .data.selectedDecimalPoint
                0x0000000020000fc8        0x4 CMakeFiles/gps-clock.dir/displays.c.obj
                0x0000000020000fc8                selectedDecimalPoint
 .data.serial_pin
                0x0000000020000fcc        0x4 CMakeFiles/gps-clock.dir/displays.c.obj
                0x0000000020000fcc                serial_pin
 .data.shift_clock_pin
                0x0000000020000fd0        0x4 CMakeFiles/gps-clock.dir/displays.c.obj
                0x0000000020000fd0                shift_clock_pin
 .data.timezone
                0x0000000020000fd4        0x4 CMakeFiles/gps-clock.dir/displays.c.obj
                0x0000000020000fd4                timezone
 .data.topDisplayState
                0x0000000020000fd8        0x1 CMakeFiles/gps-clock.dir/displays.c.obj
                0x0000000020000fd8                topDisplayState
 .data.striped_spin_lock_num
                0x0000000020000fd9        0x1 CMakeFiles/gps-clock.dir/home/pedrohcs8/pico/pico-sdk/src/rp2_common/hardware_sync/sync.c.obj
 *fill*         0x0000000020000fda        0x2 
 .data          0x0000000020000fdc       0x48 CMakeFiles/gps-clock.dir/home/pedrohcs8/pico/pico-sdk/src/rp2_common/hardware_irq/irq_handler_chain.S.obj
                0x0000000020000fdc                irq_handler_chain_slots
                0x000000002000100c                irq_handler_chain_first_slot
                0x0000000020001016                irq_handler_chain_remove_tail
 .data.default_alarm_pool
                0x0000000020001024       0x18 CMakeFiles/gps-clock.dir/home/pedrohcs8/pico/pico-sdk/src/common/pico_time/time.c.obj
 .data.default_alarm_pool_heap
                0x000000002000103c       0x10 CMakeFiles/gps-clock.dir/home/pedrohcs8/pico/pico-sdk/src/common/pico_time/time.c.obj
 *fill*         0x000000002000104c        0x4 
 .data.aeabi_bits_funcs
                0x0000000020001050       0x10 CMakeFiles/gps-clock.dir/home/pedrohcs8/pico/pico-sdk/src/rp2_common/pico_bit_ops/bit_ops_aeabi.S.obj
                0x0000000020001050                aeabi_bits_funcs
                0x0000000020001060                aeabi_bits_funcs_end
 .data.aeabi_mem_funcs
                0x0000000020001060       0x10 CMakeFiles/gps-clock.dir/home/pedrohcs8/pico/pico-sdk/src/rp2_common/pico_mem_ops/mem_ops_aeabi.S.obj
                0x0000000020001060                aeabi_mem_funcs
                0x0000000020001070                aeabi_mem_funcs_end
 .data.stdio_usb
                0x0000000020001070       0x18 CMakeFiles/gps-clock.dir/home/pedrohcs8/pico/pico-sdk/src/rp2_common/pico_stdio_usb/stdio_usb.c.obj
                0x0000000020001070                stdio_usb
 .data.ep_dir_string
                0x0000000020001088        0x8 CMakeFiles/gps-clock.dir/home/pedrohcs8/pico/pico-sdk/lib/tinyusb/src/portable/raspberrypi/rp2040/rp2040_usb.c.obj
                0x0000000020001088                ep_dir_string
 .data._usbd_qdef
                0x0000000020001090       0x1c CMakeFiles/gps-clock.dir/home/pedrohcs8/pico/pico-sdk/lib/tinyusb/src/device/usbd.c.obj
                0x0000000020001090                _usbd_qdef
 .data._usbd_rhport
                0x00000000200010ac        0x1 CMakeFiles/gps-clock.dir/home/pedrohcs8/pico/pico-sdk/lib/tinyusb/src/device/usbd.c.obj
 *fill*         0x00000000200010ad        0x3 
 .data          0x00000000200010b0      0x430 /usr/lib/gcc/arm-none-eabi/10.3.1/../../../arm-none-eabi/lib/thumb/v6-m/nofp/libc.a(lib_a-impure.o)
                0x00000000200010b0                _impure_ptr
 .data          0x00000000200014e0      0x410 /usr/lib/gcc/arm-none-eabi/10.3.1/../../../arm-none-eabi/lib/thumb/v6-m/nofp/libc.a(lib_a-mallocr.o)
                0x00000000200014e0                __malloc_sbrk_base
                0x00000000200014e4                __malloc_trim_threshold
                0x00000000200014e8                __malloc_av_
 .data          0x00000000200018f0        0x8 /usr/lib/gcc/arm-none-eabi/10.3.1/../../../arm-none-eabi/lib/thumb/v6-m/nofp/libc.a(lib_a-tzvars.o)
                0x00000000200018f0                _tzname
 .data          0x00000000200018f8       0x58 /usr/lib/gcc/arm-none-eabi/10.3.1/../../../arm-none-eabi/lib/thumb/v6-m/nofp/libc.a(lib_a-gettzinfo.o)
 .data          0x0000000020001950        0x4 /usr/lib/gcc/arm-none-eabi/10.3.1/../../../arm-none-eabi/lib/thumb/v6-m/nofp/libc.a(lib_a-environ.o)
                0x0000000020001950                environ
 .data          0x0000000020001954      0x16c /usr/lib/gcc/arm-none-eabi/10.3.1/../../../arm-none-eabi/lib/thumb/v6-m/nofp/libc.a(lib_a-locale.o)
                0x0000000020001954                __global_locale
                0x0000000020001ac0                . = ALIGN (0x4)
 *(.after_data.*)
                0x0000000020001ac0                . = ALIGN (0x4)
                0x0000000020001ac0                PROVIDE (__mutex_array_start = .)
 *(SORT_BY_NAME(.mutex_array.*))
 *(.mutex_array)
 .mutex_array   0x0000000020001ac0        0x8 CMakeFiles/gps-clock.dir/home/pedrohcs8/pico/pico-sdk/src/rp2_common/pico_malloc/pico_malloc.c.obj